yarn run v1.22.22
$ jest
PASS src/constants/index.test.ts (6.987 s)
PASS src/opener/tabs.test.ts (7.084 s)
PASS src/opener/containers.test.ts (7.068 s)
PASS src/backgroundPage.test.ts (7.354 s)
PASS src/popup/index.test.tsx
PASS src/opener/validator.test.ts (7.481 s)
PASS src/opener/parser.test.ts (8.074 s)
PASS src/opener/index.test.ts (8.292 s)
PASS src/popup/hooks/__tests__/useFavorites.test.ts (8.722 s)
FAIL src/popup/hooks/__tests__/useProfiles.performance.test.ts (9.203 s)
  ● Console

    console.error
      Failed to load profiles from cache: TypeError: Cannot read properties of undefined (reading 'local')
          at local (/home/user/aws-containers/src/popup/hooks/useProfiles.ts:48:48)
          at step (/home/user/aws-containers/src/popup/hooks/useProfiles.ts:5970:19)
          at Object.next (/home/user/aws-containers/src/popup/hooks/useProfiles.ts:5736:14)
          at /home/user/aws-containers/src/popup/hooks/useProfiles.ts:5668:39
          at new Promise (<anonymous>)
          at __awaiter (/home/user/aws-containers/src/popup/hooks/useProfiles.ts:5617:10)
          at __awaiter (/home/user/aws-containers/src/popup/hooks/useProfiles.ts:46:39)
          at loadFromCache (/home/user/aws-containers/src/popup/hooks/useProfiles.ts:99:50)
          at step (/home/user/aws-containers/src/popup/hooks/useProfiles.ts:5970:19)
          at Object.next (/home/user/aws-containers/src/popup/hooks/useProfiles.ts:5736:14)
          at /home/user/aws-containers/src/popup/hooks/useProfiles.ts:5668:39
          at new Promise (<anonymous>)
          at __awaiter (/home/user/aws-containers/src/popup/hooks/useProfiles.ts:5617:10)
          at Object.loadProfiles (/home/user/aws-containers/src/popup/hooks/useProfiles.ts:6345:12)
          at /home/user/aws-containers/src/popup/hooks/__tests__/useProfiles.performance.test.ts:64:34
          at step (/home/user/aws-containers/src/popup/hooks/__tests__/useProfiles.performance.test.ts:50:23)
          at Object.next (/home/user/aws-containers/src/popup/hooks/__tests__/useProfiles.performance.test.ts:31:53)
          at /home/user/aws-containers/src/popup/hooks/__tests__/useProfiles.performance.test.ts:25:71
          at new Promise (<anonymous>)
          at __awaiter (/home/user/aws-containers/src/popup/hooks/__tests__/useProfiles.performance.test.ts:21:12)
          at /home/user/aws-containers/src/popup/hooks/__tests__/useProfiles.performance.test.ts:63:19
          at /home/user/aws-containers/node_modules/@testing-library/react/dist/act-compat.js:48:24
          at process.env.NODE_ENV.exports.act (/home/user/aws-containers/node_modules/react/cjs/react.development.js:814:22)
          at /home/user/aws-containers/node_modules/@testing-library/react/dist/act-compat.js:47:25
          at /home/user/aws-containers/src/popup/hooks/__tests__/useProfiles.performance.test.ts:63:18
          at step (/home/user/aws-containers/src/popup/hooks/__tests__/useProfiles.performance.test.ts:50:23)
          at Object.next (/home/user/aws-containers/src/popup/hooks/__tests__/useProfiles.performance.test.ts:31:53)
          at /home/user/aws-containers/src/popup/hooks/__tests__/useProfiles.performance.test.ts:25:71
          at new Promise (<anonymous>)
          at __awaiter (/home/user/aws-containers/src/popup/hooks/__tests__/useProfiles.performance.test.ts:21:12)
          at Object.<anonymous> (/home/user/aws-containers/src/popup/hooks/__tests__/useProfiles.performance.test.ts:56:66)
          at Promise.finally.completed (/home/user/aws-containers/node_modules/jest-circus/build/jestAdapterInit.js:1557:28)
          at new Promise (<anonymous>)
          at callAsyncCircusFn (/home/user/aws-containers/node_modules/jest-circus/build/jestAdapterInit.js:1497:10)
          at _callCircusTest (/home/user/aws-containers/node_modules/jest-circus/build/jestAdapterInit.js:1007:40)
          at processTicksAndRejections (node:internal/process/task_queues:105:5)
          at _runTest (/home/user/aws-containers/node_modules/jest-circus/build/jestAdapterInit.js:947:3)
          at /home/user/aws-containers/node_modules/jest-circus/build/jestAdapterInit.js:849:7
          at _runTestsForDescribeBlock (/home/user/aws-containers/node_modules/jest-circus/build/jestAdapterInit.js:862:11)
          at _runTestsForDescribeBlock (/home/user/aws-containers/node_modules/jest-circus/build/jestAdapterInit.js:857:11)
          at run (/home/user/aws-containers/node_modules/jest-circus/build/jestAdapterInit.js:761:3)
          at runAndTransformResultsToJestFormat (/home/user/aws-containers/node_modules/jest-circus/build/jestAdapterInit.js:1918:21)
          at jestAdapter (/home/user/aws-containers/node_modules/jest-circus/build/runner.js:101:19)
          at runTestInternal (/home/user/aws-containers/node_modules/jest-runner/build/testWorker.js:275:16)
          at runTest (/home/user/aws-containers/node_modules/jest-runner/build/testWorker.js:343:7)
          at Object.worker (/home/user/aws-containers/node_modules/jest-runner/build/testWorker.js:497:12)

      66 |             return false;
      67 |         } catch (err) {
    > 68 |             console.error("Failed to load profiles from cache:", err);
         |                     ^
      69 |             return false;
      70 |         }
      71 |     }, []);

      at error (src/popup/hooks/useProfiles.ts:68:21)
      at step (src/popup/hooks/useProfiles.ts:5970:19)
      at Object.next (src/popup/hooks/useProfiles.ts:5736:14)
      at src/popup/hooks/useProfiles.ts:5668:39
      at __awaiter (src/popup/hooks/useProfiles.ts:5617:10)
      at __awaiter (src/popup/hooks/useProfiles.ts:46:39)
      at loadFromCache (src/popup/hooks/useProfiles.ts:99:50)
      at step (src/popup/hooks/useProfiles.ts:5970:19)
      at Object.next (src/popup/hooks/useProfiles.ts:5736:14)
      at src/popup/hooks/useProfiles.ts:5668:39
      at __awaiter (src/popup/hooks/useProfiles.ts:5617:10)
      at Object.loadProfiles (src/popup/hooks/useProfiles.ts:6345:12)
      at src/popup/hooks/__tests__/useProfiles.performance.test.ts:64:34
      at step (src/popup/hooks/__tests__/useProfiles.performance.test.ts:50:23)
      at Object.next (src/popup/hooks/__tests__/useProfiles.performance.test.ts:31:53)
      at src/popup/hooks/__tests__/useProfiles.performance.test.ts:25:71
      at __awaiter (src/popup/hooks/__tests__/useProfiles.performance.test.ts:21:12)
      at src/popup/hooks/__tests__/useProfiles.performance.test.ts:63:19
      at node_modules/@testing-library/react/dist/act-compat.js:48:24
      at process.env.NODE_ENV.exports.act (node_modules/react/cjs/react.development.js:814:22)
      at node_modules/@testing-library/react/dist/act-compat.js:47:25
      at src/popup/hooks/__tests__/useProfiles.performance.test.ts:63:18
      at step (src/popup/hooks/__tests__/useProfiles.performance.test.ts:50:23)
      at Object.next (src/popup/hooks/__tests__/useProfiles.performance.test.ts:31:53)
      at src/popup/hooks/__tests__/useProfiles.performance.test.ts:25:71
      at __awaiter (src/popup/hooks/__tests__/useProfiles.performance.test.ts:21:12)
      at Object.<anonymous> (src/popup/hooks/__tests__/useProfiles.performance.test.ts:56:66)

    console.error
      Native messaging connection error: TypeError: Cannot read properties of undefined (reading 'connectNative')
          at connectNative (/home/user/aws-containers/src/popup/hooks/useProfiles.ts:120:46)
          at step (/home/user/aws-containers/src/popup/hooks/useProfiles.ts:5970:19)
          at Object.next (/home/user/aws-containers/src/popup/hooks/useProfiles.ts:5736:14)
          at fulfilled (/home/user/aws-containers/src/popup/hooks/useProfiles.ts:5631:24)
          at processTicksAndRejections (node:internal/process/task_queues:105:5)

      169 |                 port.postMessage({ action: "getProfiles" });
      170 |             } catch (err) {
    > 171 |                 console.error("Native messaging connection error:", err);
          |                         ^
      172 |                 setError(
      173 |                     "Could not connect to AWS Profile Bridge. " +
      174 |                     "Please run ./install.sh to set up the native messaging host. " +

      at error (src/popup/hooks/useProfiles.ts:171:25)
      at step (src/popup/hooks/useProfiles.ts:5970:19)
      at Object.next (src/popup/hooks/useProfiles.ts:5736:14)
      at fulfilled (src/popup/hooks/useProfiles.ts:5631:24)

    console.error
      Failed to load profiles from cache: TypeError: Cannot read properties of undefined (reading 'local')
          at local (/home/user/aws-containers/src/popup/hooks/useProfiles.ts:48:48)
          at step (/home/user/aws-containers/src/popup/hooks/useProfiles.ts:5970:19)
          at Object.next (/home/user/aws-containers/src/popup/hooks/useProfiles.ts:5736:14)
          at /home/user/aws-containers/src/popup/hooks/useProfiles.ts:5668:39
          at new Promise (<anonymous>)
          at __awaiter (/home/user/aws-containers/src/popup/hooks/useProfiles.ts:5617:10)
          at __awaiter (/home/user/aws-containers/src/popup/hooks/useProfiles.ts:46:39)
          at loadFromCache (/home/user/aws-containers/src/popup/hooks/useProfiles.ts:99:50)
          at step (/home/user/aws-containers/src/popup/hooks/useProfiles.ts:5970:19)
          at Object.next (/home/user/aws-containers/src/popup/hooks/useProfiles.ts:5736:14)
          at /home/user/aws-containers/src/popup/hooks/useProfiles.ts:5668:39
          at new Promise (<anonymous>)
          at __awaiter (/home/user/aws-containers/src/popup/hooks/useProfiles.ts:5617:10)
          at Object.loadProfiles (/home/user/aws-containers/src/popup/hooks/useProfiles.ts:6345:12)
          at /home/user/aws-containers/src/popup/hooks/__tests__/useProfiles.performance.test.ts:92:34
          at step (/home/user/aws-containers/src/popup/hooks/__tests__/useProfiles.performance.test.ts:50:23)
          at Object.next (/home/user/aws-containers/src/popup/hooks/__tests__/useProfiles.performance.test.ts:31:53)
          at /home/user/aws-containers/src/popup/hooks/__tests__/useProfiles.performance.test.ts:25:71
          at new Promise (<anonymous>)
          at __awaiter (/home/user/aws-containers/src/popup/hooks/__tests__/useProfiles.performance.test.ts:21:12)
          at /home/user/aws-containers/src/popup/hooks/__tests__/useProfiles.performance.test.ts:91:19
          at /home/user/aws-containers/node_modules/@testing-library/react/dist/act-compat.js:48:24
          at process.env.NODE_ENV.exports.act (/home/user/aws-containers/node_modules/react/cjs/react.development.js:814:22)
          at /home/user/aws-containers/node_modules/@testing-library/react/dist/act-compat.js:47:25
          at /home/user/aws-containers/src/popup/hooks/__tests__/useProfiles.performance.test.ts:91:18
          at step (/home/user/aws-containers/src/popup/hooks/__tests__/useProfiles.performance.test.ts:50:23)
          at Object.next (/home/user/aws-containers/src/popup/hooks/__tests__/useProfiles.performance.test.ts:31:53)
          at /home/user/aws-containers/src/popup/hooks/__tests__/useProfiles.performance.test.ts:25:71
          at new Promise (<anonymous>)
          at __awaiter (/home/user/aws-containers/src/popup/hooks/__tests__/useProfiles.performance.test.ts:21:12)
          at Object.<anonymous> (/home/user/aws-containers/src/popup/hooks/__tests__/useProfiles.performance.test.ts:84:69)
          at Promise.finally.completed (/home/user/aws-containers/node_modules/jest-circus/build/jestAdapterInit.js:1557:28)
          at new Promise (<anonymous>)
          at callAsyncCircusFn (/home/user/aws-containers/node_modules/jest-circus/build/jestAdapterInit.js:1497:10)
          at _callCircusTest (/home/user/aws-containers/node_modules/jest-circus/build/jestAdapterInit.js:1007:40)
          at _runTest (/home/user/aws-containers/node_modules/jest-circus/build/jestAdapterInit.js:947:3)
          at /home/user/aws-containers/node_modules/jest-circus/build/jestAdapterInit.js:849:7
          at _runTestsForDescribeBlock (/home/user/aws-containers/node_modules/jest-circus/build/jestAdapterInit.js:862:11)
          at _runTestsForDescribeBlock (/home/user/aws-containers/node_modules/jest-circus/build/jestAdapterInit.js:857:11)
          at run (/home/user/aws-containers/node_modules/jest-circus/build/jestAdapterInit.js:761:3)
          at runAndTransformResultsToJestFormat (/home/user/aws-containers/node_modules/jest-circus/build/jestAdapterInit.js:1918:21)
          at jestAdapter (/home/user/aws-containers/node_modules/jest-circus/build/runner.js:101:19)
          at runTestInternal (/home/user/aws-containers/node_modules/jest-runner/build/testWorker.js:275:16)
          at runTest (/home/user/aws-containers/node_modules/jest-runner/build/testWorker.js:343:7)
          at Object.worker (/home/user/aws-containers/node_modules/jest-runner/build/testWorker.js:497:12)

      66 |             return false;
      67 |         } catch (err) {
    > 68 |             console.error("Failed to load profiles from cache:", err);
         |                     ^
      69 |             return false;
      70 |         }
      71 |     }, []);

      at error (src/popup/hooks/useProfiles.ts:68:21)
      at step (src/popup/hooks/useProfiles.ts:5970:19)
      at Object.next (src/popup/hooks/useProfiles.ts:5736:14)
      at src/popup/hooks/useProfiles.ts:5668:39
      at __awaiter (src/popup/hooks/useProfiles.ts:5617:10)
      at __awaiter (src/popup/hooks/useProfiles.ts:46:39)
      at loadFromCache (src/popup/hooks/useProfiles.ts:99:50)
      at step (src/popup/hooks/useProfiles.ts:5970:19)
      at Object.next (src/popup/hooks/useProfiles.ts:5736:14)
      at src/popup/hooks/useProfiles.ts:5668:39
      at __awaiter (src/popup/hooks/useProfiles.ts:5617:10)
      at Object.loadProfiles (src/popup/hooks/useProfiles.ts:6345:12)
      at src/popup/hooks/__tests__/useProfiles.performance.test.ts:92:34
      at step (src/popup/hooks/__tests__/useProfiles.performance.test.ts:50:23)
      at Object.next (src/popup/hooks/__tests__/useProfiles.performance.test.ts:31:53)
      at src/popup/hooks/__tests__/useProfiles.performance.test.ts:25:71
      at __awaiter (src/popup/hooks/__tests__/useProfiles.performance.test.ts:21:12)
      at src/popup/hooks/__tests__/useProfiles.performance.test.ts:91:19
      at node_modules/@testing-library/react/dist/act-compat.js:48:24
      at process.env.NODE_ENV.exports.act (node_modules/react/cjs/react.development.js:814:22)
      at node_modules/@testing-library/react/dist/act-compat.js:47:25
      at src/popup/hooks/__tests__/useProfiles.performance.test.ts:91:18
      at step (src/popup/hooks/__tests__/useProfiles.performance.test.ts:50:23)
      at Object.next (src/popup/hooks/__tests__/useProfiles.performance.test.ts:31:53)
      at src/popup/hooks/__tests__/useProfiles.performance.test.ts:25:71
      at __awaiter (src/popup/hooks/__tests__/useProfiles.performance.test.ts:21:12)
      at Object.<anonymous> (src/popup/hooks/__tests__/useProfiles.performance.test.ts:84:69)

    console.error
      Native messaging connection error: TypeError: Cannot read properties of undefined (reading 'connectNative')
          at connectNative (/home/user/aws-containers/src/popup/hooks/useProfiles.ts:120:46)
          at step (/home/user/aws-containers/src/popup/hooks/useProfiles.ts:5970:19)
          at Object.next (/home/user/aws-containers/src/popup/hooks/useProfiles.ts:5736:14)
          at fulfilled (/home/user/aws-containers/src/popup/hooks/useProfiles.ts:5631:24)

      169 |                 port.postMessage({ action: "getProfiles" });
      170 |             } catch (err) {
    > 171 |                 console.error("Native messaging connection error:", err);
          |                         ^
      172 |                 setError(
      173 |                     "Could not connect to AWS Profile Bridge. " +
      174 |                     "Please run ./install.sh to set up the native messaging host. " +

      at error (src/popup/hooks/useProfiles.ts:171:25)
      at step (src/popup/hooks/useProfiles.ts:5970:19)
      at Object.next (src/popup/hooks/useProfiles.ts:5736:14)
      at fulfilled (src/popup/hooks/useProfiles.ts:5631:24)

    console.error
      Failed to load profiles from cache: TypeError: Cannot read properties of undefined (reading 'local')
          at local (/home/user/aws-containers/src/popup/hooks/useProfiles.ts:48:48)
          at step (/home/user/aws-containers/src/popup/hooks/useProfiles.ts:5970:19)
          at Object.next (/home/user/aws-containers/src/popup/hooks/useProfiles.ts:5736:14)
          at /home/user/aws-containers/src/popup/hooks/useProfiles.ts:5668:39
          at new Promise (<anonymous>)
          at __awaiter (/home/user/aws-containers/src/popup/hooks/useProfiles.ts:5617:10)
          at __awaiter (/home/user/aws-containers/src/popup/hooks/useProfiles.ts:46:39)
          at loadFromCache (/home/user/aws-containers/src/popup/hooks/useProfiles.ts:99:50)
          at step (/home/user/aws-containers/src/popup/hooks/useProfiles.ts:5970:19)
          at Object.next (/home/user/aws-containers/src/popup/hooks/useProfiles.ts:5736:14)
          at /home/user/aws-containers/src/popup/hooks/useProfiles.ts:5668:39
          at new Promise (<anonymous>)
          at __awaiter (/home/user/aws-containers/src/popup/hooks/useProfiles.ts:5617:10)
          at Object.loadProfiles (/home/user/aws-containers/src/popup/hooks/useProfiles.ts:6345:12)
          at /home/user/aws-containers/src/popup/hooks/__tests__/useProfiles.performance.test.ts:99:34
          at step (/home/user/aws-containers/src/popup/hooks/__tests__/useProfiles.performance.test.ts:50:23)
          at Object.next (/home/user/aws-containers/src/popup/hooks/__tests__/useProfiles.performance.test.ts:31:53)
          at /home/user/aws-containers/src/popup/hooks/__tests__/useProfiles.performance.test.ts:25:71
          at new Promise (<anonymous>)
          at __awaiter (/home/user/aws-containers/src/popup/hooks/__tests__/useProfiles.performance.test.ts:21:12)
          at /home/user/aws-containers/src/popup/hooks/__tests__/useProfiles.performance.test.ts:98:19
          at /home/user/aws-containers/node_modules/@testing-library/react/dist/act-compat.js:48:24
          at process.env.NODE_ENV.exports.act (/home/user/aws-containers/node_modules/react/cjs/react.development.js:814:22)
          at /home/user/aws-containers/node_modules/@testing-library/react/dist/act-compat.js:47:25
          at /home/user/aws-containers/src/popup/hooks/__tests__/useProfiles.performance.test.ts:98:18
          at step (/home/user/aws-containers/src/popup/hooks/__tests__/useProfiles.performance.test.ts:50:23)
          at Object.next (/home/user/aws-containers/src/popup/hooks/__tests__/useProfiles.performance.test.ts:31:53)
          at fulfilled (/home/user/aws-containers/src/popup/hooks/__tests__/useProfiles.performance.test.ts:22:58)

      66 |             return false;
      67 |         } catch (err) {
    > 68 |             console.error("Failed to load profiles from cache:", err);
         |                     ^
      69 |             return false;
      70 |         }
      71 |     }, []);

      at error (src/popup/hooks/useProfiles.ts:68:21)
      at step (src/popup/hooks/useProfiles.ts:5970:19)
      at Object.next (src/popup/hooks/useProfiles.ts:5736:14)
      at src/popup/hooks/useProfiles.ts:5668:39
      at __awaiter (src/popup/hooks/useProfiles.ts:5617:10)
      at __awaiter (src/popup/hooks/useProfiles.ts:46:39)
      at loadFromCache (src/popup/hooks/useProfiles.ts:99:50)
      at step (src/popup/hooks/useProfiles.ts:5970:19)
      at Object.next (src/popup/hooks/useProfiles.ts:5736:14)
      at src/popup/hooks/useProfiles.ts:5668:39
      at __awaiter (src/popup/hooks/useProfiles.ts:5617:10)
      at Object.loadProfiles (src/popup/hooks/useProfiles.ts:6345:12)
      at src/popup/hooks/__tests__/useProfiles.performance.test.ts:99:34
      at step (src/popup/hooks/__tests__/useProfiles.performance.test.ts:50:23)
      at Object.next (src/popup/hooks/__tests__/useProfiles.performance.test.ts:31:53)
      at src/popup/hooks/__tests__/useProfiles.performance.test.ts:25:71
      at __awaiter (src/popup/hooks/__tests__/useProfiles.performance.test.ts:21:12)
      at src/popup/hooks/__tests__/useProfiles.performance.test.ts:98:19
      at node_modules/@testing-library/react/dist/act-compat.js:48:24
      at process.env.NODE_ENV.exports.act (node_modules/react/cjs/react.development.js:814:22)
      at node_modules/@testing-library/react/dist/act-compat.js:47:25
      at src/popup/hooks/__tests__/useProfiles.performance.test.ts:98:18
      at step (src/popup/hooks/__tests__/useProfiles.performance.test.ts:50:23)
      at Object.next (src/popup/hooks/__tests__/useProfiles.performance.test.ts:31:53)
      at fulfilled (src/popup/hooks/__tests__/useProfiles.performance.test.ts:22:58)

    console.error
      Native messaging connection error: TypeError: Cannot read properties of undefined (reading 'connectNative')
          at connectNative (/home/user/aws-containers/src/popup/hooks/useProfiles.ts:120:46)
          at step (/home/user/aws-containers/src/popup/hooks/useProfiles.ts:5970:19)
          at Object.next (/home/user/aws-containers/src/popup/hooks/useProfiles.ts:5736:14)
          at fulfilled (/home/user/aws-containers/src/popup/hooks/useProfiles.ts:5631:24)

      169 |                 port.postMessage({ action: "getProfiles" });
      170 |             } catch (err) {
    > 171 |                 console.error("Native messaging connection error:", err);
          |                         ^
      172 |                 setError(
      173 |                     "Could not connect to AWS Profile Bridge. " +
      174 |                     "Please run ./install.sh to set up the native messaging host. " +

      at error (src/popup/hooks/useProfiles.ts:171:25)
      at step (src/popup/hooks/useProfiles.ts:5970:19)
      at Object.next (src/popup/hooks/useProfiles.ts:5736:14)
      at fulfilled (src/popup/hooks/useProfiles.ts:5631:24)

    console.error
      Failed to load profiles from cache: TypeError: Cannot read properties of undefined (reading 'local')
          at local (/home/user/aws-containers/src/popup/hooks/useProfiles.ts:48:48)
          at step (/home/user/aws-containers/src/popup/hooks/useProfiles.ts:5970:19)
          at Object.next (/home/user/aws-containers/src/popup/hooks/useProfiles.ts:5736:14)
          at /home/user/aws-containers/src/popup/hooks/useProfiles.ts:5668:39
          at new Promise (<anonymous>)
          at __awaiter (/home/user/aws-containers/src/popup/hooks/useProfiles.ts:5617:10)
          at __awaiter (/home/user/aws-containers/src/popup/hooks/useProfiles.ts:46:39)
          at loadFromCache (/home/user/aws-containers/src/popup/hooks/useProfiles.ts:99:50)
          at step (/home/user/aws-containers/src/popup/hooks/useProfiles.ts:5970:19)
          at Object.next (/home/user/aws-containers/src/popup/hooks/useProfiles.ts:5736:14)
          at /home/user/aws-containers/src/popup/hooks/useProfiles.ts:5668:39
          at new Promise (<anonymous>)
          at __awaiter (/home/user/aws-containers/src/popup/hooks/useProfiles.ts:5617:10)
          at Object.loadProfiles (/home/user/aws-containers/src/popup/hooks/useProfiles.ts:6345:12)
          at /home/user/aws-containers/src/popup/hooks/__tests__/useProfiles.performance.test.ts:125:46
          at step (/home/user/aws-containers/src/popup/hooks/__tests__/useProfiles.performance.test.ts:50:23)
          at Object.next (/home/user/aws-containers/src/popup/hooks/__tests__/useProfiles.performance.test.ts:31:53)
          at /home/user/aws-containers/src/popup/hooks/__tests__/useProfiles.performance.test.ts:25:71
          at new Promise (<anonymous>)
          at __awaiter (/home/user/aws-containers/src/popup/hooks/__tests__/useProfiles.performance.test.ts:21:12)
          at /home/user/aws-containers/src/popup/hooks/__tests__/useProfiles.performance.test.ts:122:19
          at /home/user/aws-containers/node_modules/@testing-library/react/dist/act-compat.js:48:24
          at process.env.NODE_ENV.exports.act (/home/user/aws-containers/node_modules/react/cjs/react.development.js:814:22)
          at /home/user/aws-containers/node_modules/@testing-library/react/dist/act-compat.js:47:25
          at /home/user/aws-containers/src/popup/hooks/__tests__/useProfiles.performance.test.ts:122:18
          at step (/home/user/aws-containers/src/popup/hooks/__tests__/useProfiles.performance.test.ts:50:23)
          at Object.next (/home/user/aws-containers/src/popup/hooks/__tests__/useProfiles.performance.test.ts:31:53)
          at /home/user/aws-containers/src/popup/hooks/__tests__/useProfiles.performance.test.ts:25:71
          at new Promise (<anonymous>)
          at __awaiter (/home/user/aws-containers/src/popup/hooks/__tests__/useProfiles.performance.test.ts:21:12)
          at Object.<anonymous> (/home/user/aws-containers/src/popup/hooks/__tests__/useProfiles.performance.test.ts:115:64)
          at Promise.finally.completed (/home/user/aws-containers/node_modules/jest-circus/build/jestAdapterInit.js:1557:28)
          at new Promise (<anonymous>)
          at callAsyncCircusFn (/home/user/aws-containers/node_modules/jest-circus/build/jestAdapterInit.js:1497:10)
          at _callCircusTest (/home/user/aws-containers/node_modules/jest-circus/build/jestAdapterInit.js:1007:40)
          at _runTest (/home/user/aws-containers/node_modules/jest-circus/build/jestAdapterInit.js:947:3)
          at /home/user/aws-containers/node_modules/jest-circus/build/jestAdapterInit.js:849:7
          at _runTestsForDescribeBlock (/home/user/aws-containers/node_modules/jest-circus/build/jestAdapterInit.js:862:11)
          at _runTestsForDescribeBlock (/home/user/aws-containers/node_modules/jest-circus/build/jestAdapterInit.js:857:11)
          at run (/home/user/aws-containers/node_modules/jest-circus/build/jestAdapterInit.js:761:3)
          at runAndTransformResultsToJestFormat (/home/user/aws-containers/node_modules/jest-circus/build/jestAdapterInit.js:1918:21)
          at jestAdapter (/home/user/aws-containers/node_modules/jest-circus/build/runner.js:101:19)
          at runTestInternal (/home/user/aws-containers/node_modules/jest-runner/build/testWorker.js:275:16)
          at runTest (/home/user/aws-containers/node_modules/jest-runner/build/testWorker.js:343:7)
          at Object.worker (/home/user/aws-containers/node_modules/jest-runner/build/testWorker.js:497:12)

      66 |             return false;
      67 |         } catch (err) {
    > 68 |             console.error("Failed to load profiles from cache:", err);
         |                     ^
      69 |             return false;
      70 |         }
      71 |     }, []);

      at error (src/popup/hooks/useProfiles.ts:68:21)
      at step (src/popup/hooks/useProfiles.ts:5970:19)
      at Object.next (src/popup/hooks/useProfiles.ts:5736:14)
      at src/popup/hooks/useProfiles.ts:5668:39
      at __awaiter (src/popup/hooks/useProfiles.ts:5617:10)
      at __awaiter (src/popup/hooks/useProfiles.ts:46:39)
      at loadFromCache (src/popup/hooks/useProfiles.ts:99:50)
      at step (src/popup/hooks/useProfiles.ts:5970:19)
      at Object.next (src/popup/hooks/useProfiles.ts:5736:14)
      at src/popup/hooks/useProfiles.ts:5668:39
      at __awaiter (src/popup/hooks/useProfiles.ts:5617:10)
      at Object.loadProfiles (src/popup/hooks/useProfiles.ts:6345:12)
      at src/popup/hooks/__tests__/useProfiles.performance.test.ts:125:46
      at step (src/popup/hooks/__tests__/useProfiles.performance.test.ts:50:23)
      at Object.next (src/popup/hooks/__tests__/useProfiles.performance.test.ts:31:53)
      at src/popup/hooks/__tests__/useProfiles.performance.test.ts:25:71
      at __awaiter (src/popup/hooks/__tests__/useProfiles.performance.test.ts:21:12)
      at src/popup/hooks/__tests__/useProfiles.performance.test.ts:122:19
      at node_modules/@testing-library/react/dist/act-compat.js:48:24
      at process.env.NODE_ENV.exports.act (node_modules/react/cjs/react.development.js:814:22)
      at node_modules/@testing-library/react/dist/act-compat.js:47:25
      at src/popup/hooks/__tests__/useProfiles.performance.test.ts:122:18
      at step (src/popup/hooks/__tests__/useProfiles.performance.test.ts:50:23)
      at Object.next (src/popup/hooks/__tests__/useProfiles.performance.test.ts:31:53)
      at src/popup/hooks/__tests__/useProfiles.performance.test.ts:25:71
      at __awaiter (src/popup/hooks/__tests__/useProfiles.performance.test.ts:21:12)
      at Object.<anonymous> (src/popup/hooks/__tests__/useProfiles.performance.test.ts:115:64)

    console.error
      Failed to load profiles from cache: TypeError: Cannot read properties of undefined (reading 'local')
          at local (/home/user/aws-containers/src/popup/hooks/useProfiles.ts:48:48)
          at step (/home/user/aws-containers/src/popup/hooks/useProfiles.ts:5970:19)
          at Object.next (/home/user/aws-containers/src/popup/hooks/useProfiles.ts:5736:14)
          at /home/user/aws-containers/src/popup/hooks/useProfiles.ts:5668:39
          at new Promise (<anonymous>)
          at __awaiter (/home/user/aws-containers/src/popup/hooks/useProfiles.ts:5617:10)
          at __awaiter (/home/user/aws-containers/src/popup/hooks/useProfiles.ts:46:39)
          at loadFromCache (/home/user/aws-containers/src/popup/hooks/useProfiles.ts:99:50)
          at step (/home/user/aws-containers/src/popup/hooks/useProfiles.ts:5970:19)
          at Object.next (/home/user/aws-containers/src/popup/hooks/useProfiles.ts:5736:14)
          at /home/user/aws-containers/src/popup/hooks/useProfiles.ts:5668:39
          at new Promise (<anonymous>)
          at __awaiter (/home/user/aws-containers/src/popup/hooks/useProfiles.ts:5617:10)
          at Object.loadProfiles (/home/user/aws-containers/src/popup/hooks/useProfiles.ts:6345:12)
          at /home/user/aws-containers/src/popup/hooks/__tests__/useProfiles.performance.test.ts:125:46
          at step (/home/user/aws-containers/src/popup/hooks/__tests__/useProfiles.performance.test.ts:50:23)
          at Object.next (/home/user/aws-containers/src/popup/hooks/__tests__/useProfiles.performance.test.ts:31:53)
          at /home/user/aws-containers/src/popup/hooks/__tests__/useProfiles.performance.test.ts:25:71
          at new Promise (<anonymous>)
          at __awaiter (/home/user/aws-containers/src/popup/hooks/__tests__/useProfiles.performance.test.ts:21:12)
          at /home/user/aws-containers/src/popup/hooks/__tests__/useProfiles.performance.test.ts:122:19
          at /home/user/aws-containers/node_modules/@testing-library/react/dist/act-compat.js:48:24
          at process.env.NODE_ENV.exports.act (/home/user/aws-containers/node_modules/react/cjs/react.development.js:814:22)
          at /home/user/aws-containers/node_modules/@testing-library/react/dist/act-compat.js:47:25
          at /home/user/aws-containers/src/popup/hooks/__tests__/useProfiles.performance.test.ts:122:18
          at step (/home/user/aws-containers/src/popup/hooks/__tests__/useProfiles.performance.test.ts:50:23)
          at Object.next (/home/user/aws-containers/src/popup/hooks/__tests__/useProfiles.performance.test.ts:31:53)
          at /home/user/aws-containers/src/popup/hooks/__tests__/useProfiles.performance.test.ts:25:71
          at new Promise (<anonymous>)
          at __awaiter (/home/user/aws-containers/src/popup/hooks/__tests__/useProfiles.performance.test.ts:21:12)
          at Object.<anonymous> (/home/user/aws-containers/src/popup/hooks/__tests__/useProfiles.performance.test.ts:115:64)
          at Promise.finally.completed (/home/user/aws-containers/node_modules/jest-circus/build/jestAdapterInit.js:1557:28)
          at new Promise (<anonymous>)
          at callAsyncCircusFn (/home/user/aws-containers/node_modules/jest-circus/build/jestAdapterInit.js:1497:10)
          at _callCircusTest (/home/user/aws-containers/node_modules/jest-circus/build/jestAdapterInit.js:1007:40)
          at _runTest (/home/user/aws-containers/node_modules/jest-circus/build/jestAdapterInit.js:947:3)
          at /home/user/aws-containers/node_modules/jest-circus/build/jestAdapterInit.js:849:7
          at _runTestsForDescribeBlock (/home/user/aws-containers/node_modules/jest-circus/build/jestAdapterInit.js:862:11)
          at _runTestsForDescribeBlock (/home/user/aws-containers/node_modules/jest-circus/build/jestAdapterInit.js:857:11)
          at run (/home/user/aws-containers/node_modules/jest-circus/build/jestAdapterInit.js:761:3)
          at runAndTransformResultsToJestFormat (/home/user/aws-containers/node_modules/jest-circus/build/jestAdapterInit.js:1918:21)
          at jestAdapter (/home/user/aws-containers/node_modules/jest-circus/build/runner.js:101:19)
          at runTestInternal (/home/user/aws-containers/node_modules/jest-runner/build/testWorker.js:275:16)
          at runTest (/home/user/aws-containers/node_modules/jest-runner/build/testWorker.js:343:7)
          at Object.worker (/home/user/aws-containers/node_modules/jest-runner/build/testWorker.js:497:12)

      66 |             return false;
      67 |         } catch (err) {
    > 68 |             console.error("Failed to load profiles from cache:", err);
         |                     ^
      69 |             return false;
      70 |         }
      71 |     }, []);

      at error (src/popup/hooks/useProfiles.ts:68:21)
      at step (src/popup/hooks/useProfiles.ts:5970:19)
      at Object.next (src/popup/hooks/useProfiles.ts:5736:14)
      at src/popup/hooks/useProfiles.ts:5668:39
      at __awaiter (src/popup/hooks/useProfiles.ts:5617:10)
      at __awaiter (src/popup/hooks/useProfiles.ts:46:39)
      at loadFromCache (src/popup/hooks/useProfiles.ts:99:50)
      at step (src/popup/hooks/useProfiles.ts:5970:19)
      at Object.next (src/popup/hooks/useProfiles.ts:5736:14)
      at src/popup/hooks/useProfiles.ts:5668:39
      at __awaiter (src/popup/hooks/useProfiles.ts:5617:10)
      at Object.loadProfiles (src/popup/hooks/useProfiles.ts:6345:12)
      at src/popup/hooks/__tests__/useProfiles.performance.test.ts:125:46
      at step (src/popup/hooks/__tests__/useProfiles.performance.test.ts:50:23)
      at Object.next (src/popup/hooks/__tests__/useProfiles.performance.test.ts:31:53)
      at src/popup/hooks/__tests__/useProfiles.performance.test.ts:25:71
      at __awaiter (src/popup/hooks/__tests__/useProfiles.performance.test.ts:21:12)
      at src/popup/hooks/__tests__/useProfiles.performance.test.ts:122:19
      at node_modules/@testing-library/react/dist/act-compat.js:48:24
      at process.env.NODE_ENV.exports.act (node_modules/react/cjs/react.development.js:814:22)
      at node_modules/@testing-library/react/dist/act-compat.js:47:25
      at src/popup/hooks/__tests__/useProfiles.performance.test.ts:122:18
      at step (src/popup/hooks/__tests__/useProfiles.performance.test.ts:50:23)
      at Object.next (src/popup/hooks/__tests__/useProfiles.performance.test.ts:31:53)
      at src/popup/hooks/__tests__/useProfiles.performance.test.ts:25:71
      at __awaiter (src/popup/hooks/__tests__/useProfiles.performance.test.ts:21:12)
      at Object.<anonymous> (src/popup/hooks/__tests__/useProfiles.performance.test.ts:115:64)

    console.error
      Failed to load profiles from cache: TypeError: Cannot read properties of undefined (reading 'local')
          at local (/home/user/aws-containers/src/popup/hooks/useProfiles.ts:48:48)
          at step (/home/user/aws-containers/src/popup/hooks/useProfiles.ts:5970:19)
          at Object.next (/home/user/aws-containers/src/popup/hooks/useProfiles.ts:5736:14)
          at /home/user/aws-containers/src/popup/hooks/useProfiles.ts:5668:39
          at new Promise (<anonymous>)
          at __awaiter (/home/user/aws-containers/src/popup/hooks/useProfiles.ts:5617:10)
          at __awaiter (/home/user/aws-containers/src/popup/hooks/useProfiles.ts:46:39)
          at loadFromCache (/home/user/aws-containers/src/popup/hooks/useProfiles.ts:99:50)
          at step (/home/user/aws-containers/src/popup/hooks/useProfiles.ts:5970:19)
          at Object.next (/home/user/aws-containers/src/popup/hooks/useProfiles.ts:5736:14)
          at /home/user/aws-containers/src/popup/hooks/useProfiles.ts:5668:39
          at new Promise (<anonymous>)
          at __awaiter (/home/user/aws-containers/src/popup/hooks/useProfiles.ts:5617:10)
          at Object.loadProfiles (/home/user/aws-containers/src/popup/hooks/useProfiles.ts:6345:12)
          at /home/user/aws-containers/src/popup/hooks/__tests__/useProfiles.performance.test.ts:125:46
          at step (/home/user/aws-containers/src/popup/hooks/__tests__/useProfiles.performance.test.ts:50:23)
          at Object.next (/home/user/aws-containers/src/popup/hooks/__tests__/useProfiles.performance.test.ts:31:53)
          at /home/user/aws-containers/src/popup/hooks/__tests__/useProfiles.performance.test.ts:25:71
          at new Promise (<anonymous>)
          at __awaiter (/home/user/aws-containers/src/popup/hooks/__tests__/useProfiles.performance.test.ts:21:12)
          at /home/user/aws-containers/src/popup/hooks/__tests__/useProfiles.performance.test.ts:122:19
          at /home/user/aws-containers/node_modules/@testing-library/react/dist/act-compat.js:48:24
          at process.env.NODE_ENV.exports.act (/home/user/aws-containers/node_modules/react/cjs/react.development.js:814:22)
          at /home/user/aws-containers/node_modules/@testing-library/react/dist/act-compat.js:47:25
          at /home/user/aws-containers/src/popup/hooks/__tests__/useProfiles.performance.test.ts:122:18
          at step (/home/user/aws-containers/src/popup/hooks/__tests__/useProfiles.performance.test.ts:50:23)
          at Object.next (/home/user/aws-containers/src/popup/hooks/__tests__/useProfiles.performance.test.ts:31:53)
          at /home/user/aws-containers/src/popup/hooks/__tests__/useProfiles.performance.test.ts:25:71
          at new Promise (<anonymous>)
          at __awaiter (/home/user/aws-containers/src/popup/hooks/__tests__/useProfiles.performance.test.ts:21:12)
          at Object.<anonymous> (/home/user/aws-containers/src/popup/hooks/__tests__/useProfiles.performance.test.ts:115:64)
          at Promise.finally.completed (/home/user/aws-containers/node_modules/jest-circus/build/jestAdapterInit.js:1557:28)
          at new Promise (<anonymous>)
          at callAsyncCircusFn (/home/user/aws-containers/node_modules/jest-circus/build/jestAdapterInit.js:1497:10)
          at _callCircusTest (/home/user/aws-containers/node_modules/jest-circus/build/jestAdapterInit.js:1007:40)
          at _runTest (/home/user/aws-containers/node_modules/jest-circus/build/jestAdapterInit.js:947:3)
          at /home/user/aws-containers/node_modules/jest-circus/build/jestAdapterInit.js:849:7
          at _runTestsForDescribeBlock (/home/user/aws-containers/node_modules/jest-circus/build/jestAdapterInit.js:862:11)
          at _runTestsForDescribeBlock (/home/user/aws-containers/node_modules/jest-circus/build/jestAdapterInit.js:857:11)
          at run (/home/user/aws-containers/node_modules/jest-circus/build/jestAdapterInit.js:761:3)
          at runAndTransformResultsToJestFormat (/home/user/aws-containers/node_modules/jest-circus/build/jestAdapterInit.js:1918:21)
          at jestAdapter (/home/user/aws-containers/node_modules/jest-circus/build/runner.js:101:19)
          at runTestInternal (/home/user/aws-containers/node_modules/jest-runner/build/testWorker.js:275:16)
          at runTest (/home/user/aws-containers/node_modules/jest-runner/build/testWorker.js:343:7)
          at Object.worker (/home/user/aws-containers/node_modules/jest-runner/build/testWorker.js:497:12)

      66 |             return false;
      67 |         } catch (err) {
    > 68 |             console.error("Failed to load profiles from cache:", err);
         |                     ^
      69 |             return false;
      70 |         }
      71 |     }, []);

      at error (src/popup/hooks/useProfiles.ts:68:21)
      at step (src/popup/hooks/useProfiles.ts:5970:19)
      at Object.next (src/popup/hooks/useProfiles.ts:5736:14)
      at src/popup/hooks/useProfiles.ts:5668:39
      at __awaiter (src/popup/hooks/useProfiles.ts:5617:10)
      at __awaiter (src/popup/hooks/useProfiles.ts:46:39)
      at loadFromCache (src/popup/hooks/useProfiles.ts:99:50)
      at step (src/popup/hooks/useProfiles.ts:5970:19)
      at Object.next (src/popup/hooks/useProfiles.ts:5736:14)
      at src/popup/hooks/useProfiles.ts:5668:39
      at __awaiter (src/popup/hooks/useProfiles.ts:5617:10)
      at Object.loadProfiles (src/popup/hooks/useProfiles.ts:6345:12)
      at src/popup/hooks/__tests__/useProfiles.performance.test.ts:125:46
      at step (src/popup/hooks/__tests__/useProfiles.performance.test.ts:50:23)
      at Object.next (src/popup/hooks/__tests__/useProfiles.performance.test.ts:31:53)
      at src/popup/hooks/__tests__/useProfiles.performance.test.ts:25:71
      at __awaiter (src/popup/hooks/__tests__/useProfiles.performance.test.ts:21:12)
      at src/popup/hooks/__tests__/useProfiles.performance.test.ts:122:19
      at node_modules/@testing-library/react/dist/act-compat.js:48:24
      at process.env.NODE_ENV.exports.act (node_modules/react/cjs/react.development.js:814:22)
      at node_modules/@testing-library/react/dist/act-compat.js:47:25
      at src/popup/hooks/__tests__/useProfiles.performance.test.ts:122:18
      at step (src/popup/hooks/__tests__/useProfiles.performance.test.ts:50:23)
      at Object.next (src/popup/hooks/__tests__/useProfiles.performance.test.ts:31:53)
      at src/popup/hooks/__tests__/useProfiles.performance.test.ts:25:71
      at __awaiter (src/popup/hooks/__tests__/useProfiles.performance.test.ts:21:12)
      at Object.<anonymous> (src/popup/hooks/__tests__/useProfiles.performance.test.ts:115:64)

    console.error
      Failed to load profiles from cache: TypeError: Cannot read properties of undefined (reading 'local')
          at local (/home/user/aws-containers/src/popup/hooks/useProfiles.ts:48:48)
          at step (/home/user/aws-containers/src/popup/hooks/useProfiles.ts:5970:19)
          at Object.next (/home/user/aws-containers/src/popup/hooks/useProfiles.ts:5736:14)
          at /home/user/aws-containers/src/popup/hooks/useProfiles.ts:5668:39
          at new Promise (<anonymous>)
          at __awaiter (/home/user/aws-containers/src/popup/hooks/useProfiles.ts:5617:10)
          at __awaiter (/home/user/aws-containers/src/popup/hooks/useProfiles.ts:46:39)
          at loadFromCache (/home/user/aws-containers/src/popup/hooks/useProfiles.ts:99:50)
          at step (/home/user/aws-containers/src/popup/hooks/useProfiles.ts:5970:19)
          at Object.next (/home/user/aws-containers/src/popup/hooks/useProfiles.ts:5736:14)
          at /home/user/aws-containers/src/popup/hooks/useProfiles.ts:5668:39
          at new Promise (<anonymous>)
          at __awaiter (/home/user/aws-containers/src/popup/hooks/useProfiles.ts:5617:10)
          at Object.loadProfiles (/home/user/aws-containers/src/popup/hooks/useProfiles.ts:6345:12)
          at /home/user/aws-containers/src/popup/hooks/__tests__/useProfiles.performance.test.ts:125:46
          at step (/home/user/aws-containers/src/popup/hooks/__tests__/useProfiles.performance.test.ts:50:23)
          at Object.next (/home/user/aws-containers/src/popup/hooks/__tests__/useProfiles.performance.test.ts:31:53)
          at /home/user/aws-containers/src/popup/hooks/__tests__/useProfiles.performance.test.ts:25:71
          at new Promise (<anonymous>)
          at __awaiter (/home/user/aws-containers/src/popup/hooks/__tests__/useProfiles.performance.test.ts:21:12)
          at /home/user/aws-containers/src/popup/hooks/__tests__/useProfiles.performance.test.ts:122:19
          at /home/user/aws-containers/node_modules/@testing-library/react/dist/act-compat.js:48:24
          at process.env.NODE_ENV.exports.act (/home/user/aws-containers/node_modules/react/cjs/react.development.js:814:22)
          at /home/user/aws-containers/node_modules/@testing-library/react/dist/act-compat.js:47:25
          at /home/user/aws-containers/src/popup/hooks/__tests__/useProfiles.performance.test.ts:122:18
          at step (/home/user/aws-containers/src/popup/hooks/__tests__/useProfiles.performance.test.ts:50:23)
          at Object.next (/home/user/aws-containers/src/popup/hooks/__tests__/useProfiles.performance.test.ts:31:53)
          at /home/user/aws-containers/src/popup/hooks/__tests__/useProfiles.performance.test.ts:25:71
          at new Promise (<anonymous>)
          at __awaiter (/home/user/aws-containers/src/popup/hooks/__tests__/useProfiles.performance.test.ts:21:12)
          at Object.<anonymous> (/home/user/aws-containers/src/popup/hooks/__tests__/useProfiles.performance.test.ts:115:64)
          at Promise.finally.completed (/home/user/aws-containers/node_modules/jest-circus/build/jestAdapterInit.js:1557:28)
          at new Promise (<anonymous>)
          at callAsyncCircusFn (/home/user/aws-containers/node_modules/jest-circus/build/jestAdapterInit.js:1497:10)
          at _callCircusTest (/home/user/aws-containers/node_modules/jest-circus/build/jestAdapterInit.js:1007:40)
          at _runTest (/home/user/aws-containers/node_modules/jest-circus/build/jestAdapterInit.js:947:3)
          at /home/user/aws-containers/node_modules/jest-circus/build/jestAdapterInit.js:849:7
          at _runTestsForDescribeBlock (/home/user/aws-containers/node_modules/jest-circus/build/jestAdapterInit.js:862:11)
          at _runTestsForDescribeBlock (/home/user/aws-containers/node_modules/jest-circus/build/jestAdapterInit.js:857:11)
          at run (/home/user/aws-containers/node_modules/jest-circus/build/jestAdapterInit.js:761:3)
          at runAndTransformResultsToJestFormat (/home/user/aws-containers/node_modules/jest-circus/build/jestAdapterInit.js:1918:21)
          at jestAdapter (/home/user/aws-containers/node_modules/jest-circus/build/runner.js:101:19)
          at runTestInternal (/home/user/aws-containers/node_modules/jest-runner/build/testWorker.js:275:16)
          at runTest (/home/user/aws-containers/node_modules/jest-runner/build/testWorker.js:343:7)
          at Object.worker (/home/user/aws-containers/node_modules/jest-runner/build/testWorker.js:497:12)

      66 |             return false;
      67 |         } catch (err) {
    > 68 |             console.error("Failed to load profiles from cache:", err);
         |                     ^
      69 |             return false;
      70 |         }
      71 |     }, []);

      at error (src/popup/hooks/useProfiles.ts:68:21)
      at step (src/popup/hooks/useProfiles.ts:5970:19)
      at Object.next (src/popup/hooks/useProfiles.ts:5736:14)
      at src/popup/hooks/useProfiles.ts:5668:39
      at __awaiter (src/popup/hooks/useProfiles.ts:5617:10)
      at __awaiter (src/popup/hooks/useProfiles.ts:46:39)
      at loadFromCache (src/popup/hooks/useProfiles.ts:99:50)
      at step (src/popup/hooks/useProfiles.ts:5970:19)
      at Object.next (src/popup/hooks/useProfiles.ts:5736:14)
      at src/popup/hooks/useProfiles.ts:5668:39
      at __awaiter (src/popup/hooks/useProfiles.ts:5617:10)
      at Object.loadProfiles (src/popup/hooks/useProfiles.ts:6345:12)
      at src/popup/hooks/__tests__/useProfiles.performance.test.ts:125:46
      at step (src/popup/hooks/__tests__/useProfiles.performance.test.ts:50:23)
      at Object.next (src/popup/hooks/__tests__/useProfiles.performance.test.ts:31:53)
      at src/popup/hooks/__tests__/useProfiles.performance.test.ts:25:71
      at __awaiter (src/popup/hooks/__tests__/useProfiles.performance.test.ts:21:12)
      at src/popup/hooks/__tests__/useProfiles.performance.test.ts:122:19
      at node_modules/@testing-library/react/dist/act-compat.js:48:24
      at process.env.NODE_ENV.exports.act (node_modules/react/cjs/react.development.js:814:22)
      at node_modules/@testing-library/react/dist/act-compat.js:47:25
      at src/popup/hooks/__tests__/useProfiles.performance.test.ts:122:18
      at step (src/popup/hooks/__tests__/useProfiles.performance.test.ts:50:23)
      at Object.next (src/popup/hooks/__tests__/useProfiles.performance.test.ts:31:53)
      at src/popup/hooks/__tests__/useProfiles.performance.test.ts:25:71
      at __awaiter (src/popup/hooks/__tests__/useProfiles.performance.test.ts:21:12)
      at Object.<anonymous> (src/popup/hooks/__tests__/useProfiles.performance.test.ts:115:64)

    console.error
      Failed to load profiles from cache: TypeError: Cannot read properties of undefined (reading 'local')
          at local (/home/user/aws-containers/src/popup/hooks/useProfiles.ts:48:48)
          at step (/home/user/aws-containers/src/popup/hooks/useProfiles.ts:5970:19)
          at Object.next (/home/user/aws-containers/src/popup/hooks/useProfiles.ts:5736:14)
          at /home/user/aws-containers/src/popup/hooks/useProfiles.ts:5668:39
          at new Promise (<anonymous>)
          at __awaiter (/home/user/aws-containers/src/popup/hooks/useProfiles.ts:5617:10)
          at __awaiter (/home/user/aws-containers/src/popup/hooks/useProfiles.ts:46:39)
          at loadFromCache (/home/user/aws-containers/src/popup/hooks/useProfiles.ts:99:50)
          at step (/home/user/aws-containers/src/popup/hooks/useProfiles.ts:5970:19)
          at Object.next (/home/user/aws-containers/src/popup/hooks/useProfiles.ts:5736:14)
          at /home/user/aws-containers/src/popup/hooks/useProfiles.ts:5668:39
          at new Promise (<anonymous>)
          at __awaiter (/home/user/aws-containers/src/popup/hooks/useProfiles.ts:5617:10)
          at Object.loadProfiles (/home/user/aws-containers/src/popup/hooks/useProfiles.ts:6345:12)
          at /home/user/aws-containers/src/popup/hooks/__tests__/useProfiles.performance.test.ts:125:46
          at step (/home/user/aws-containers/src/popup/hooks/__tests__/useProfiles.performance.test.ts:50:23)
          at Object.next (/home/user/aws-containers/src/popup/hooks/__tests__/useProfiles.performance.test.ts:31:53)
          at /home/user/aws-containers/src/popup/hooks/__tests__/useProfiles.performance.test.ts:25:71
          at new Promise (<anonymous>)
          at __awaiter (/home/user/aws-containers/src/popup/hooks/__tests__/useProfiles.performance.test.ts:21:12)
          at /home/user/aws-containers/src/popup/hooks/__tests__/useProfiles.performance.test.ts:122:19
          at /home/user/aws-containers/node_modules/@testing-library/react/dist/act-compat.js:48:24
          at process.env.NODE_ENV.exports.act (/home/user/aws-containers/node_modules/react/cjs/react.development.js:814:22)
          at /home/user/aws-containers/node_modules/@testing-library/react/dist/act-compat.js:47:25
          at /home/user/aws-containers/src/popup/hooks/__tests__/useProfiles.performance.test.ts:122:18
          at step (/home/user/aws-containers/src/popup/hooks/__tests__/useProfiles.performance.test.ts:50:23)
          at Object.next (/home/user/aws-containers/src/popup/hooks/__tests__/useProfiles.performance.test.ts:31:53)
          at /home/user/aws-containers/src/popup/hooks/__tests__/useProfiles.performance.test.ts:25:71
          at new Promise (<anonymous>)
          at __awaiter (/home/user/aws-containers/src/popup/hooks/__tests__/useProfiles.performance.test.ts:21:12)
          at Object.<anonymous> (/home/user/aws-containers/src/popup/hooks/__tests__/useProfiles.performance.test.ts:115:64)
          at Promise.finally.completed (/home/user/aws-containers/node_modules/jest-circus/build/jestAdapterInit.js:1557:28)
          at new Promise (<anonymous>)
          at callAsyncCircusFn (/home/user/aws-containers/node_modules/jest-circus/build/jestAdapterInit.js:1497:10)
          at _callCircusTest (/home/user/aws-containers/node_modules/jest-circus/build/jestAdapterInit.js:1007:40)
          at _runTest (/home/user/aws-containers/node_modules/jest-circus/build/jestAdapterInit.js:947:3)
          at /home/user/aws-containers/node_modules/jest-circus/build/jestAdapterInit.js:849:7
          at _runTestsForDescribeBlock (/home/user/aws-containers/node_modules/jest-circus/build/jestAdapterInit.js:862:11)
          at _runTestsForDescribeBlock (/home/user/aws-containers/node_modules/jest-circus/build/jestAdapterInit.js:857:11)
          at run (/home/user/aws-containers/node_modules/jest-circus/build/jestAdapterInit.js:761:3)
          at runAndTransformResultsToJestFormat (/home/user/aws-containers/node_modules/jest-circus/build/jestAdapterInit.js:1918:21)
          at jestAdapter (/home/user/aws-containers/node_modules/jest-circus/build/runner.js:101:19)
          at runTestInternal (/home/user/aws-containers/node_modules/jest-runner/build/testWorker.js:275:16)
          at runTest (/home/user/aws-containers/node_modules/jest-runner/build/testWorker.js:343:7)
          at Object.worker (/home/user/aws-containers/node_modules/jest-runner/build/testWorker.js:497:12)

      66 |             return false;
      67 |         } catch (err) {
    > 68 |             console.error("Failed to load profiles from cache:", err);
         |                     ^
      69 |             return false;
      70 |         }
      71 |     }, []);

      at error (src/popup/hooks/useProfiles.ts:68:21)
      at step (src/popup/hooks/useProfiles.ts:5970:19)
      at Object.next (src/popup/hooks/useProfiles.ts:5736:14)
      at src/popup/hooks/useProfiles.ts:5668:39
      at __awaiter (src/popup/hooks/useProfiles.ts:5617:10)
      at __awaiter (src/popup/hooks/useProfiles.ts:46:39)
      at loadFromCache (src/popup/hooks/useProfiles.ts:99:50)
      at step (src/popup/hooks/useProfiles.ts:5970:19)
      at Object.next (src/popup/hooks/useProfiles.ts:5736:14)
      at src/popup/hooks/useProfiles.ts:5668:39
      at __awaiter (src/popup/hooks/useProfiles.ts:5617:10)
      at Object.loadProfiles (src/popup/hooks/useProfiles.ts:6345:12)
      at src/popup/hooks/__tests__/useProfiles.performance.test.ts:125:46
      at step (src/popup/hooks/__tests__/useProfiles.performance.test.ts:50:23)
      at Object.next (src/popup/hooks/__tests__/useProfiles.performance.test.ts:31:53)
      at src/popup/hooks/__tests__/useProfiles.performance.test.ts:25:71
      at __awaiter (src/popup/hooks/__tests__/useProfiles.performance.test.ts:21:12)
      at src/popup/hooks/__tests__/useProfiles.performance.test.ts:122:19
      at node_modules/@testing-library/react/dist/act-compat.js:48:24
      at process.env.NODE_ENV.exports.act (node_modules/react/cjs/react.development.js:814:22)
      at node_modules/@testing-library/react/dist/act-compat.js:47:25
      at src/popup/hooks/__tests__/useProfiles.performance.test.ts:122:18
      at step (src/popup/hooks/__tests__/useProfiles.performance.test.ts:50:23)
      at Object.next (src/popup/hooks/__tests__/useProfiles.performance.test.ts:31:53)
      at src/popup/hooks/__tests__/useProfiles.performance.test.ts:25:71
      at __awaiter (src/popup/hooks/__tests__/useProfiles.performance.test.ts:21:12)
      at Object.<anonymous> (src/popup/hooks/__tests__/useProfiles.performance.test.ts:115:64)

    console.error
      Native messaging connection error: TypeError: Cannot read properties of undefined (reading 'connectNative')
          at connectNative (/home/user/aws-containers/src/popup/hooks/useProfiles.ts:120:46)
          at step (/home/user/aws-containers/src/popup/hooks/useProfiles.ts:5970:19)
          at Object.next (/home/user/aws-containers/src/popup/hooks/useProfiles.ts:5736:14)
          at fulfilled (/home/user/aws-containers/src/popup/hooks/useProfiles.ts:5631:24)

      169 |                 port.postMessage({ action: "getProfiles" });
      170 |             } catch (err) {
    > 171 |                 console.error("Native messaging connection error:", err);
          |                         ^
      172 |                 setError(
      173 |                     "Could not connect to AWS Profile Bridge. " +
      174 |                     "Please run ./install.sh to set up the native messaging host. " +

      at error (src/popup/hooks/useProfiles.ts:171:25)
      at step (src/popup/hooks/useProfiles.ts:5970:19)
      at Object.next (src/popup/hooks/useProfiles.ts:5736:14)
      at fulfilled (src/popup/hooks/useProfiles.ts:5631:24)

    console.error
      Native messaging connection error: TypeError: Cannot read properties of undefined (reading 'connectNative')
          at connectNative (/home/user/aws-containers/src/popup/hooks/useProfiles.ts:120:46)
          at step (/home/user/aws-containers/src/popup/hooks/useProfiles.ts:5970:19)
          at Object.next (/home/user/aws-containers/src/popup/hooks/useProfiles.ts:5736:14)
          at fulfilled (/home/user/aws-containers/src/popup/hooks/useProfiles.ts:5631:24)

      169 |                 port.postMessage({ action: "getProfiles" });
      170 |             } catch (err) {
    > 171 |                 console.error("Native messaging connection error:", err);
          |                         ^
      172 |                 setError(
      173 |                     "Could not connect to AWS Profile Bridge. " +
      174 |                     "Please run ./install.sh to set up the native messaging host. " +

      at error (src/popup/hooks/useProfiles.ts:171:25)
      at step (src/popup/hooks/useProfiles.ts:5970:19)
      at Object.next (src/popup/hooks/useProfiles.ts:5736:14)
      at fulfilled (src/popup/hooks/useProfiles.ts:5631:24)

    console.error
      Native messaging connection error: TypeError: Cannot read properties of undefined (reading 'connectNative')
          at connectNative (/home/user/aws-containers/src/popup/hooks/useProfiles.ts:120:46)
          at step (/home/user/aws-containers/src/popup/hooks/useProfiles.ts:5970:19)
          at Object.next (/home/user/aws-containers/src/popup/hooks/useProfiles.ts:5736:14)
          at fulfilled (/home/user/aws-containers/src/popup/hooks/useProfiles.ts:5631:24)

      169 |                 port.postMessage({ action: "getProfiles" });
      170 |             } catch (err) {
    > 171 |                 console.error("Native messaging connection error:", err);
          |                         ^
      172 |                 setError(
      173 |                     "Could not connect to AWS Profile Bridge. " +
      174 |                     "Please run ./install.sh to set up the native messaging host. " +

      at error (src/popup/hooks/useProfiles.ts:171:25)
      at step (src/popup/hooks/useProfiles.ts:5970:19)
      at Object.next (src/popup/hooks/useProfiles.ts:5736:14)
      at fulfilled (src/popup/hooks/useProfiles.ts:5631:24)

    console.error
      Native messaging connection error: TypeError: Cannot read properties of undefined (reading 'connectNative')
          at connectNative (/home/user/aws-containers/src/popup/hooks/useProfiles.ts:120:46)
          at step (/home/user/aws-containers/src/popup/hooks/useProfiles.ts:5970:19)
          at Object.next (/home/user/aws-containers/src/popup/hooks/useProfiles.ts:5736:14)
          at fulfilled (/home/user/aws-containers/src/popup/hooks/useProfiles.ts:5631:24)

      169 |                 port.postMessage({ action: "getProfiles" });
      170 |             } catch (err) {
    > 171 |                 console.error("Native messaging connection error:", err);
          |                         ^
      172 |                 setError(
      173 |                     "Could not connect to AWS Profile Bridge. " +
      174 |                     "Please run ./install.sh to set up the native messaging host. " +

      at error (src/popup/hooks/useProfiles.ts:171:25)
      at step (src/popup/hooks/useProfiles.ts:5970:19)
      at Object.next (src/popup/hooks/useProfiles.ts:5736:14)
      at fulfilled (src/popup/hooks/useProfiles.ts:5631:24)

    console.error
      Native messaging connection error: TypeError: Cannot read properties of undefined (reading 'connectNative')
          at connectNative (/home/user/aws-containers/src/popup/hooks/useProfiles.ts:120:46)
          at step (/home/user/aws-containers/src/popup/hooks/useProfiles.ts:5970:19)
          at Object.next (/home/user/aws-containers/src/popup/hooks/useProfiles.ts:5736:14)
          at fulfilled (/home/user/aws-containers/src/popup/hooks/useProfiles.ts:5631:24)

      169 |                 port.postMessage({ action: "getProfiles" });
      170 |             } catch (err) {
    > 171 |                 console.error("Native messaging connection error:", err);
          |                         ^
      172 |                 setError(
      173 |                     "Could not connect to AWS Profile Bridge. " +
      174 |                     "Please run ./install.sh to set up the native messaging host. " +

      at error (src/popup/hooks/useProfiles.ts:171:25)
      at step (src/popup/hooks/useProfiles.ts:5970:19)
      at Object.next (src/popup/hooks/useProfiles.ts:5736:14)
      at fulfilled (src/popup/hooks/useProfiles.ts:5631:24)

    console.error
      Failed to load profiles from cache: TypeError: Cannot read properties of undefined (reading 'local')
          at local (/home/user/aws-containers/src/popup/hooks/useProfiles.ts:48:48)
          at step (/home/user/aws-containers/src/popup/hooks/useProfiles.ts:5970:19)
          at Object.next (/home/user/aws-containers/src/popup/hooks/useProfiles.ts:5736:14)
          at /home/user/aws-containers/src/popup/hooks/useProfiles.ts:5668:39
          at new Promise (<anonymous>)
          at __awaiter (/home/user/aws-containers/src/popup/hooks/useProfiles.ts:5617:10)
          at __awaiter (/home/user/aws-containers/src/popup/hooks/useProfiles.ts:46:39)
          at loadFromCache (/home/user/aws-containers/src/popup/hooks/useProfiles.ts:99:50)
          at step (/home/user/aws-containers/src/popup/hooks/useProfiles.ts:5970:19)
          at Object.next (/home/user/aws-containers/src/popup/hooks/useProfiles.ts:5736:14)
          at /home/user/aws-containers/src/popup/hooks/useProfiles.ts:5668:39
          at new Promise (<anonymous>)
          at __awaiter (/home/user/aws-containers/src/popup/hooks/useProfiles.ts:5617:10)
          at Object.loadProfiles (/home/user/aws-containers/src/popup/hooks/useProfiles.ts:6345:12)
          at /home/user/aws-containers/src/popup/hooks/__tests__/useProfiles.performance.test.ts:164:52
          at step (/home/user/aws-containers/src/popup/hooks/__tests__/useProfiles.performance.test.ts:50:23)
          at Object.next (/home/user/aws-containers/src/popup/hooks/__tests__/useProfiles.performance.test.ts:31:53)
          at /home/user/aws-containers/src/popup/hooks/__tests__/useProfiles.performance.test.ts:25:71
          at new Promise (<anonymous>)
          at __awaiter (/home/user/aws-containers/src/popup/hooks/__tests__/useProfiles.performance.test.ts:21:12)
          at /home/user/aws-containers/src/popup/hooks/__tests__/useProfiles.performance.test.ts:163:23
          at /home/user/aws-containers/node_modules/@testing-library/react/dist/act-compat.js:48:24
          at process.env.NODE_ENV.exports.act (/home/user/aws-containers/node_modules/react/cjs/react.development.js:814:22)
          at /home/user/aws-containers/node_modules/@testing-library/react/dist/act-compat.js:47:25
          at /home/user/aws-containers/src/popup/hooks/__tests__/useProfiles.performance.test.ts:163:22
          at step (/home/user/aws-containers/src/popup/hooks/__tests__/useProfiles.performance.test.ts:50:23)
          at Object.next (/home/user/aws-containers/src/popup/hooks/__tests__/useProfiles.performance.test.ts:31:53)
          at /home/user/aws-containers/src/popup/hooks/__tests__/useProfiles.performance.test.ts:25:71
          at new Promise (<anonymous>)
          at __awaiter (/home/user/aws-containers/src/popup/hooks/__tests__/useProfiles.performance.test.ts:21:12)
          at /home/user/aws-containers/src/popup/hooks/__tests__/useProfiles.performance.test.ts:162:55
          at fn (/home/user/aws-containers/src/__testUtils__/performanceHelpers.ts:64:26)
          at step (/home/user/aws-containers/src/__testUtils__/performanceHelpers.ts:5068:19)
          at Object.next (/home/user/aws-containers/src/__testUtils__/performanceHelpers.ts:4834:14)
          at /home/user/aws-containers/src/__testUtils__/performanceHelpers.ts:4766:40
          at new Promise (<anonymous>)
          at __awaiter (/home/user/aws-containers/src/__testUtils__/performanceHelpers.ts:4715:10)
          at measureExecutionTime (/home/user/aws-containers/src/__testUtils__/performanceHelpers.ts:5255:10)
          at /home/user/aws-containers/src/popup/hooks/__tests__/useProfiles.performance.test.ts:162:54
          at step (/home/user/aws-containers/src/popup/hooks/__tests__/useProfiles.performance.test.ts:50:23)
          at Object.next (/home/user/aws-containers/src/popup/hooks/__tests__/useProfiles.performance.test.ts:31:53)
          at /home/user/aws-containers/src/popup/hooks/__tests__/useProfiles.performance.test.ts:25:71
          at new Promise (<anonymous>)
          at __awaiter (/home/user/aws-containers/src/popup/hooks/__tests__/useProfiles.performance.test.ts:21:12)
          at Object.<anonymous> (/home/user/aws-containers/src/popup/hooks/__tests__/useProfiles.performance.test.ts:155:44)
          at Promise.finally.completed (/home/user/aws-containers/node_modules/jest-circus/build/jestAdapterInit.js:1557:28)
          at new Promise (<anonymous>)
          at callAsyncCircusFn (/home/user/aws-containers/node_modules/jest-circus/build/jestAdapterInit.js:1497:10)
          at _callCircusTest (/home/user/aws-containers/node_modules/jest-circus/build/jestAdapterInit.js:1007:40)
          at _runTest (/home/user/aws-containers/node_modules/jest-circus/build/jestAdapterInit.js:947:3)
          at /home/user/aws-containers/node_modules/jest-circus/build/jestAdapterInit.js:849:7
          at _runTestsForDescribeBlock (/home/user/aws-containers/node_modules/jest-circus/build/jestAdapterInit.js:862:11)
          at _runTestsForDescribeBlock (/home/user/aws-containers/node_modules/jest-circus/build/jestAdapterInit.js:857:11)
          at run (/home/user/aws-containers/node_modules/jest-circus/build/jestAdapterInit.js:761:3)
          at runAndTransformResultsToJestFormat (/home/user/aws-containers/node_modules/jest-circus/build/jestAdapterInit.js:1918:21)
          at jestAdapter (/home/user/aws-containers/node_modules/jest-circus/build/runner.js:101:19)
          at runTestInternal (/home/user/aws-containers/node_modules/jest-runner/build/testWorker.js:275:16)
          at runTest (/home/user/aws-containers/node_modules/jest-runner/build/testWorker.js:343:7)
          at Object.worker (/home/user/aws-containers/node_modules/jest-runner/build/testWorker.js:497:12)

      66 |             return false;
      67 |         } catch (err) {
    > 68 |             console.error("Failed to load profiles from cache:", err);
         |                     ^
      69 |             return false;
      70 |         }
      71 |     }, []);

      at error (src/popup/hooks/useProfiles.ts:68:21)
      at step (src/popup/hooks/useProfiles.ts:5970:19)
      at Object.next (src/popup/hooks/useProfiles.ts:5736:14)
      at src/popup/hooks/useProfiles.ts:5668:39
      at __awaiter (src/popup/hooks/useProfiles.ts:5617:10)
      at __awaiter (src/popup/hooks/useProfiles.ts:46:39)
      at loadFromCache (src/popup/hooks/useProfiles.ts:99:50)
      at step (src/popup/hooks/useProfiles.ts:5970:19)
      at Object.next (src/popup/hooks/useProfiles.ts:5736:14)
      at src/popup/hooks/useProfiles.ts:5668:39
      at __awaiter (src/popup/hooks/useProfiles.ts:5617:10)
      at Object.loadProfiles (src/popup/hooks/useProfiles.ts:6345:12)
      at src/popup/hooks/__tests__/useProfiles.performance.test.ts:164:52
      at step (src/popup/hooks/__tests__/useProfiles.performance.test.ts:50:23)
      at Object.next (src/popup/hooks/__tests__/useProfiles.performance.test.ts:31:53)
      at src/popup/hooks/__tests__/useProfiles.performance.test.ts:25:71
      at __awaiter (src/popup/hooks/__tests__/useProfiles.performance.test.ts:21:12)
      at src/popup/hooks/__tests__/useProfiles.performance.test.ts:163:23
      at node_modules/@testing-library/react/dist/act-compat.js:48:24
      at process.env.NODE_ENV.exports.act (node_modules/react/cjs/react.development.js:814:22)
      at node_modules/@testing-library/react/dist/act-compat.js:47:25
      at src/popup/hooks/__tests__/useProfiles.performance.test.ts:163:22
      at step (src/popup/hooks/__tests__/useProfiles.performance.test.ts:50:23)
      at Object.next (src/popup/hooks/__tests__/useProfiles.performance.test.ts:31:53)
      at src/popup/hooks/__tests__/useProfiles.performance.test.ts:25:71
      at __awaiter (src/popup/hooks/__tests__/useProfiles.performance.test.ts:21:12)
      at src/popup/hooks/__tests__/useProfiles.performance.test.ts:162:55
      at fn (src/__testUtils__/performanceHelpers.ts:64:26)
      at step (src/__testUtils__/performanceHelpers.ts:5068:19)
      at Object.next (src/__testUtils__/performanceHelpers.ts:4834:14)
      at src/__testUtils__/performanceHelpers.ts:4766:40
      at __awaiter (src/__testUtils__/performanceHelpers.ts:4715:10)
      at measureExecutionTime (src/__testUtils__/performanceHelpers.ts:5255:10)
      at src/popup/hooks/__tests__/useProfiles.performance.test.ts:162:54
      at step (src/popup/hooks/__tests__/useProfiles.performance.test.ts:50:23)
      at Object.next (src/popup/hooks/__tests__/useProfiles.performance.test.ts:31:53)
      at src/popup/hooks/__tests__/useProfiles.performance.test.ts:25:71
      at __awaiter (src/popup/hooks/__tests__/useProfiles.performance.test.ts:21:12)
      at Object.<anonymous> (src/popup/hooks/__tests__/useProfiles.performance.test.ts:155:44)

    console.error
      Native messaging connection error: TypeError: Cannot read properties of undefined (reading 'connectNative')
          at connectNative (/home/user/aws-containers/src/popup/hooks/useProfiles.ts:120:46)
          at step (/home/user/aws-containers/src/popup/hooks/useProfiles.ts:5970:19)
          at Object.next (/home/user/aws-containers/src/popup/hooks/useProfiles.ts:5736:14)
          at fulfilled (/home/user/aws-containers/src/popup/hooks/useProfiles.ts:5631:24)

      169 |                 port.postMessage({ action: "getProfiles" });
      170 |             } catch (err) {
    > 171 |                 console.error("Native messaging connection error:", err);
          |                         ^
      172 |                 setError(
      173 |                     "Could not connect to AWS Profile Bridge. " +
      174 |                     "Please run ./install.sh to set up the native messaging host. " +

      at error (src/popup/hooks/useProfiles.ts:171:25)
      at step (src/popup/hooks/useProfiles.ts:5970:19)
      at Object.next (src/popup/hooks/useProfiles.ts:5736:14)
      at fulfilled (src/popup/hooks/useProfiles.ts:5631:24)

    console.error
      Failed to load profiles from cache: TypeError: Cannot read properties of undefined (reading 'local')
          at local (/home/user/aws-containers/src/popup/hooks/useProfiles.ts:48:48)
          at step (/home/user/aws-containers/src/popup/hooks/useProfiles.ts:5970:19)
          at Object.next (/home/user/aws-containers/src/popup/hooks/useProfiles.ts:5736:14)
          at /home/user/aws-containers/src/popup/hooks/useProfiles.ts:5668:39
          at new Promise (<anonymous>)
          at __awaiter (/home/user/aws-containers/src/popup/hooks/useProfiles.ts:5617:10)
          at __awaiter (/home/user/aws-containers/src/popup/hooks/useProfiles.ts:46:39)
          at loadFromCache (/home/user/aws-containers/src/popup/hooks/useProfiles.ts:99:50)
          at step (/home/user/aws-containers/src/popup/hooks/useProfiles.ts:5970:19)
          at Object.next (/home/user/aws-containers/src/popup/hooks/useProfiles.ts:5736:14)
          at /home/user/aws-containers/src/popup/hooks/useProfiles.ts:5668:39
          at new Promise (<anonymous>)
          at __awaiter (/home/user/aws-containers/src/popup/hooks/useProfiles.ts:5617:10)
          at Object.loadProfiles (/home/user/aws-containers/src/popup/hooks/useProfiles.ts:6345:12)
          at /home/user/aws-containers/src/popup/hooks/__tests__/useProfiles.performance.test.ts:202:38
          at step (/home/user/aws-containers/src/popup/hooks/__tests__/useProfiles.performance.test.ts:50:23)
          at Object.next (/home/user/aws-containers/src/popup/hooks/__tests__/useProfiles.performance.test.ts:31:53)
          at /home/user/aws-containers/src/popup/hooks/__tests__/useProfiles.performance.test.ts:25:71
          at new Promise (<anonymous>)
          at __awaiter (/home/user/aws-containers/src/popup/hooks/__tests__/useProfiles.performance.test.ts:21:12)
          at /home/user/aws-containers/src/popup/hooks/__tests__/useProfiles.performance.test.ts:201:23
          at /home/user/aws-containers/node_modules/@testing-library/react/dist/act-compat.js:48:24
          at process.env.NODE_ENV.exports.act (/home/user/aws-containers/node_modules/react/cjs/react.development.js:814:22)
          at /home/user/aws-containers/node_modules/@testing-library/react/dist/act-compat.js:47:25
          at /home/user/aws-containers/src/popup/hooks/__tests__/useProfiles.performance.test.ts:201:22
          at step (/home/user/aws-containers/src/popup/hooks/__tests__/useProfiles.performance.test.ts:50:23)
          at Object.next (/home/user/aws-containers/src/popup/hooks/__tests__/useProfiles.performance.test.ts:31:53)
          at /home/user/aws-containers/src/popup/hooks/__tests__/useProfiles.performance.test.ts:25:71
          at new Promise (<anonymous>)
          at __awaiter (/home/user/aws-containers/src/popup/hooks/__tests__/useProfiles.performance.test.ts:21:12)
          at /home/user/aws-containers/src/popup/hooks/__tests__/useProfiles.performance.test.ts:200:70
          at fn (/home/user/aws-containers/src/__testUtils__/performanceHelpers.ts:64:26)
          at step (/home/user/aws-containers/src/__testUtils__/performanceHelpers.ts:5068:19)
          at Object.next (/home/user/aws-containers/src/__testUtils__/performanceHelpers.ts:4834:14)
          at /home/user/aws-containers/src/__testUtils__/performanceHelpers.ts:4766:40
          at new Promise (<anonymous>)
          at __awaiter (/home/user/aws-containers/src/__testUtils__/performanceHelpers.ts:4715:10)
          at measureExecutionTime (/home/user/aws-containers/src/__testUtils__/performanceHelpers.ts:5255:10)
          at /home/user/aws-containers/src/popup/hooks/__tests__/useProfiles.performance.test.ts:200:69
          at step (/home/user/aws-containers/src/popup/hooks/__tests__/useProfiles.performance.test.ts:50:23)
          at Object.next (/home/user/aws-containers/src/popup/hooks/__tests__/useProfiles.performance.test.ts:31:53)
          at /home/user/aws-containers/src/popup/hooks/__tests__/useProfiles.performance.test.ts:25:71
          at new Promise (<anonymous>)
          at __awaiter (/home/user/aws-containers/src/popup/hooks/__tests__/useProfiles.performance.test.ts:21:12)
          at Object.<anonymous> (/home/user/aws-containers/src/popup/hooks/__tests__/useProfiles.performance.test.ts:188:55)
          at Promise.finally.completed (/home/user/aws-containers/node_modules/jest-circus/build/jestAdapterInit.js:1557:28)
          at new Promise (<anonymous>)
          at callAsyncCircusFn (/home/user/aws-containers/node_modules/jest-circus/build/jestAdapterInit.js:1497:10)
          at _callCircusTest (/home/user/aws-containers/node_modules/jest-circus/build/jestAdapterInit.js:1007:40)
          at _runTest (/home/user/aws-containers/node_modules/jest-circus/build/jestAdapterInit.js:947:3)
          at /home/user/aws-containers/node_modules/jest-circus/build/jestAdapterInit.js:849:7
          at _runTestsForDescribeBlock (/home/user/aws-containers/node_modules/jest-circus/build/jestAdapterInit.js:862:11)
          at _runTestsForDescribeBlock (/home/user/aws-containers/node_modules/jest-circus/build/jestAdapterInit.js:857:11)
          at run (/home/user/aws-containers/node_modules/jest-circus/build/jestAdapterInit.js:761:3)
          at runAndTransformResultsToJestFormat (/home/user/aws-containers/node_modules/jest-circus/build/jestAdapterInit.js:1918:21)
          at jestAdapter (/home/user/aws-containers/node_modules/jest-circus/build/runner.js:101:19)
          at runTestInternal (/home/user/aws-containers/node_modules/jest-runner/build/testWorker.js:275:16)
          at runTest (/home/user/aws-containers/node_modules/jest-runner/build/testWorker.js:343:7)
          at Object.worker (/home/user/aws-containers/node_modules/jest-runner/build/testWorker.js:497:12)

      66 |             return false;
      67 |         } catch (err) {
    > 68 |             console.error("Failed to load profiles from cache:", err);
         |                     ^
      69 |             return false;
      70 |         }
      71 |     }, []);

      at error (src/popup/hooks/useProfiles.ts:68:21)
      at step (src/popup/hooks/useProfiles.ts:5970:19)
      at Object.next (src/popup/hooks/useProfiles.ts:5736:14)
      at src/popup/hooks/useProfiles.ts:5668:39
      at __awaiter (src/popup/hooks/useProfiles.ts:5617:10)
      at __awaiter (src/popup/hooks/useProfiles.ts:46:39)
      at loadFromCache (src/popup/hooks/useProfiles.ts:99:50)
      at step (src/popup/hooks/useProfiles.ts:5970:19)
      at Object.next (src/popup/hooks/useProfiles.ts:5736:14)
      at src/popup/hooks/useProfiles.ts:5668:39
      at __awaiter (src/popup/hooks/useProfiles.ts:5617:10)
      at Object.loadProfiles (src/popup/hooks/useProfiles.ts:6345:12)
      at src/popup/hooks/__tests__/useProfiles.performance.test.ts:202:38
      at step (src/popup/hooks/__tests__/useProfiles.performance.test.ts:50:23)
      at Object.next (src/popup/hooks/__tests__/useProfiles.performance.test.ts:31:53)
      at src/popup/hooks/__tests__/useProfiles.performance.test.ts:25:71
      at __awaiter (src/popup/hooks/__tests__/useProfiles.performance.test.ts:21:12)
      at src/popup/hooks/__tests__/useProfiles.performance.test.ts:201:23
      at node_modules/@testing-library/react/dist/act-compat.js:48:24
      at process.env.NODE_ENV.exports.act (node_modules/react/cjs/react.development.js:814:22)
      at node_modules/@testing-library/react/dist/act-compat.js:47:25
      at src/popup/hooks/__tests__/useProfiles.performance.test.ts:201:22
      at step (src/popup/hooks/__tests__/useProfiles.performance.test.ts:50:23)
      at Object.next (src/popup/hooks/__tests__/useProfiles.performance.test.ts:31:53)
      at src/popup/hooks/__tests__/useProfiles.performance.test.ts:25:71
      at __awaiter (src/popup/hooks/__tests__/useProfiles.performance.test.ts:21:12)
      at src/popup/hooks/__tests__/useProfiles.performance.test.ts:200:70
      at fn (src/__testUtils__/performanceHelpers.ts:64:26)
      at step (src/__testUtils__/performanceHelpers.ts:5068:19)
      at Object.next (src/__testUtils__/performanceHelpers.ts:4834:14)
      at src/__testUtils__/performanceHelpers.ts:4766:40
      at __awaiter (src/__testUtils__/performanceHelpers.ts:4715:10)
      at measureExecutionTime (src/__testUtils__/performanceHelpers.ts:5255:10)
      at src/popup/hooks/__tests__/useProfiles.performance.test.ts:200:69
      at step (src/popup/hooks/__tests__/useProfiles.performance.test.ts:50:23)
      at Object.next (src/popup/hooks/__tests__/useProfiles.performance.test.ts:31:53)
      at src/popup/hooks/__tests__/useProfiles.performance.test.ts:25:71
      at __awaiter (src/popup/hooks/__tests__/useProfiles.performance.test.ts:21:12)
      at Object.<anonymous> (src/popup/hooks/__tests__/useProfiles.performance.test.ts:188:55)

    console.error
      Native messaging connection error: TypeError: Cannot read properties of undefined (reading 'connectNative')
          at connectNative (/home/user/aws-containers/src/popup/hooks/useProfiles.ts:120:46)
          at step (/home/user/aws-containers/src/popup/hooks/useProfiles.ts:5970:19)
          at Object.next (/home/user/aws-containers/src/popup/hooks/useProfiles.ts:5736:14)
          at fulfilled (/home/user/aws-containers/src/popup/hooks/useProfiles.ts:5631:24)

      169 |                 port.postMessage({ action: "getProfiles" });
      170 |             } catch (err) {
    > 171 |                 console.error("Native messaging connection error:", err);
          |                         ^
      172 |                 setError(
      173 |                     "Could not connect to AWS Profile Bridge. " +
      174 |                     "Please run ./install.sh to set up the native messaging host. " +

      at error (src/popup/hooks/useProfiles.ts:171:25)
      at step (src/popup/hooks/useProfiles.ts:5970:19)
      at Object.next (src/popup/hooks/useProfiles.ts:5736:14)
      at fulfilled (src/popup/hooks/useProfiles.ts:5631:24)

    console.error
      Native messaging connection error: TypeError: Cannot read properties of undefined (reading 'connectNative')
          at connectNative (/home/user/aws-containers/src/popup/hooks/useProfiles.ts:120:46)
          at step (/home/user/aws-containers/src/popup/hooks/useProfiles.ts:5970:19)
          at Object.next (/home/user/aws-containers/src/popup/hooks/useProfiles.ts:5736:14)
          at /home/user/aws-containers/src/popup/hooks/useProfiles.ts:5668:39
          at new Promise (<anonymous>)
          at __awaiter (/home/user/aws-containers/src/popup/hooks/useProfiles.ts:5617:10)
          at /home/user/aws-containers/src/popup/hooks/useProfiles.ts:6345:12
          at loadProfiles (/home/user/aws-containers/src/popup/hooks/useProfiles.ts:188:15)
          at step (/home/user/aws-containers/src/popup/hooks/useProfiles.ts:5970:19)
          at Object.next (/home/user/aws-containers/src/popup/hooks/useProfiles.ts:5736:14)
          at /home/user/aws-containers/src/popup/hooks/useProfiles.ts:5668:39
          at new Promise (<anonymous>)
          at __awaiter (/home/user/aws-containers/src/popup/hooks/useProfiles.ts:5617:10)
          at Object.__awaiter [as refreshProfiles] (/home/user/aws-containers/src/popup/hooks/useProfiles.ts:187:41)
          at /home/user/aws-containers/src/popup/hooks/__tests__/useProfiles.performance.test.ts:220:34
          at step (/home/user/aws-containers/src/popup/hooks/__tests__/useProfiles.performance.test.ts:50:23)
          at Object.next (/home/user/aws-containers/src/popup/hooks/__tests__/useProfiles.performance.test.ts:31:53)
          at /home/user/aws-containers/src/popup/hooks/__tests__/useProfiles.performance.test.ts:25:71
          at new Promise (<anonymous>)
          at __awaiter (/home/user/aws-containers/src/popup/hooks/__tests__/useProfiles.performance.test.ts:21:12)
          at /home/user/aws-containers/src/popup/hooks/__tests__/useProfiles.performance.test.ts:219:19
          at /home/user/aws-containers/node_modules/@testing-library/react/dist/act-compat.js:48:24
          at process.env.NODE_ENV.exports.act (/home/user/aws-containers/node_modules/react/cjs/react.development.js:814:22)
          at /home/user/aws-containers/node_modules/@testing-library/react/dist/act-compat.js:47:25
          at /home/user/aws-containers/src/popup/hooks/__tests__/useProfiles.performance.test.ts:219:18
          at step (/home/user/aws-containers/src/popup/hooks/__tests__/useProfiles.performance.test.ts:50:23)
          at Object.next (/home/user/aws-containers/src/popup/hooks/__tests__/useProfiles.performance.test.ts:31:53)
          at /home/user/aws-containers/src/popup/hooks/__tests__/useProfiles.performance.test.ts:25:71
          at new Promise (<anonymous>)
          at __awaiter (/home/user/aws-containers/src/popup/hooks/__tests__/useProfiles.performance.test.ts:21:12)
          at Object.<anonymous> (/home/user/aws-containers/src/popup/hooks/__tests__/useProfiles.performance.test.ts:216:42)
          at Promise.finally.completed (/home/user/aws-containers/node_modules/jest-circus/build/jestAdapterInit.js:1557:28)
          at new Promise (<anonymous>)
          at callAsyncCircusFn (/home/user/aws-containers/node_modules/jest-circus/build/jestAdapterInit.js:1497:10)
          at _callCircusTest (/home/user/aws-containers/node_modules/jest-circus/build/jestAdapterInit.js:1007:40)
          at _runTest (/home/user/aws-containers/node_modules/jest-circus/build/jestAdapterInit.js:947:3)
          at /home/user/aws-containers/node_modules/jest-circus/build/jestAdapterInit.js:849:7
          at _runTestsForDescribeBlock (/home/user/aws-containers/node_modules/jest-circus/build/jestAdapterInit.js:862:11)
          at _runTestsForDescribeBlock (/home/user/aws-containers/node_modules/jest-circus/build/jestAdapterInit.js:857:11)
          at run (/home/user/aws-containers/node_modules/jest-circus/build/jestAdapterInit.js:761:3)
          at runAndTransformResultsToJestFormat (/home/user/aws-containers/node_modules/jest-circus/build/jestAdapterInit.js:1918:21)
          at jestAdapter (/home/user/aws-containers/node_modules/jest-circus/build/runner.js:101:19)
          at runTestInternal (/home/user/aws-containers/node_modules/jest-runner/build/testWorker.js:275:16)
          at runTest (/home/user/aws-containers/node_modules/jest-runner/build/testWorker.js:343:7)
          at Object.worker (/home/user/aws-containers/node_modules/jest-runner/build/testWorker.js:497:12)

      169 |                 port.postMessage({ action: "getProfiles" });
      170 |             } catch (err) {
    > 171 |                 console.error("Native messaging connection error:", err);
          |                         ^
      172 |                 setError(
      173 |                     "Could not connect to AWS Profile Bridge. " +
      174 |                     "Please run ./install.sh to set up the native messaging host. " +

      at error (src/popup/hooks/useProfiles.ts:171:25)
      at step (src/popup/hooks/useProfiles.ts:5970:19)
      at Object.next (src/popup/hooks/useProfiles.ts:5736:14)
      at src/popup/hooks/useProfiles.ts:5668:39
      at __awaiter (src/popup/hooks/useProfiles.ts:5617:10)
      at src/popup/hooks/useProfiles.ts:6345:12
      at loadProfiles (src/popup/hooks/useProfiles.ts:188:15)
      at step (src/popup/hooks/useProfiles.ts:5970:19)
      at Object.next (src/popup/hooks/useProfiles.ts:5736:14)
      at src/popup/hooks/useProfiles.ts:5668:39
      at __awaiter (src/popup/hooks/useProfiles.ts:5617:10)
      at Object.__awaiter [as refreshProfiles] (src/popup/hooks/useProfiles.ts:187:41)
      at src/popup/hooks/__tests__/useProfiles.performance.test.ts:220:34
      at step (src/popup/hooks/__tests__/useProfiles.performance.test.ts:50:23)
      at Object.next (src/popup/hooks/__tests__/useProfiles.performance.test.ts:31:53)
      at src/popup/hooks/__tests__/useProfiles.performance.test.ts:25:71
      at __awaiter (src/popup/hooks/__tests__/useProfiles.performance.test.ts:21:12)
      at src/popup/hooks/__tests__/useProfiles.performance.test.ts:219:19
      at node_modules/@testing-library/react/dist/act-compat.js:48:24
      at process.env.NODE_ENV.exports.act (node_modules/react/cjs/react.development.js:814:22)
      at node_modules/@testing-library/react/dist/act-compat.js:47:25
      at src/popup/hooks/__tests__/useProfiles.performance.test.ts:219:18
      at step (src/popup/hooks/__tests__/useProfiles.performance.test.ts:50:23)
      at Object.next (src/popup/hooks/__tests__/useProfiles.performance.test.ts:31:53)
      at src/popup/hooks/__tests__/useProfiles.performance.test.ts:25:71
      at __awaiter (src/popup/hooks/__tests__/useProfiles.performance.test.ts:21:12)
      at Object.<anonymous> (src/popup/hooks/__tests__/useProfiles.performance.test.ts:216:42)

    console.error
      Failed to load profiles from cache: TypeError: Cannot read properties of undefined (reading 'local')
          at local (/home/user/aws-containers/src/popup/hooks/useProfiles.ts:48:48)
          at step (/home/user/aws-containers/src/popup/hooks/useProfiles.ts:5970:19)
          at Object.next (/home/user/aws-containers/src/popup/hooks/useProfiles.ts:5736:14)
          at /home/user/aws-containers/src/popup/hooks/useProfiles.ts:5668:39
          at new Promise (<anonymous>)
          at __awaiter (/home/user/aws-containers/src/popup/hooks/useProfiles.ts:5617:10)
          at __awaiter (/home/user/aws-containers/src/popup/hooks/useProfiles.ts:46:39)
          at loadFromCache (/home/user/aws-containers/src/popup/hooks/useProfiles.ts:99:50)
          at step (/home/user/aws-containers/src/popup/hooks/useProfiles.ts:5970:19)
          at Object.next (/home/user/aws-containers/src/popup/hooks/useProfiles.ts:5736:14)
          at /home/user/aws-containers/src/popup/hooks/useProfiles.ts:5668:39
          at new Promise (<anonymous>)
          at __awaiter (/home/user/aws-containers/src/popup/hooks/useProfiles.ts:5617:10)
          at Object.loadProfiles (/home/user/aws-containers/src/popup/hooks/useProfiles.ts:6345:12)
          at /home/user/aws-containers/src/popup/hooks/__tests__/useProfiles.performance.test.ts:239:38
          at step (/home/user/aws-containers/src/popup/hooks/__tests__/useProfiles.performance.test.ts:50:23)
          at Object.next (/home/user/aws-containers/src/popup/hooks/__tests__/useProfiles.performance.test.ts:31:53)
          at /home/user/aws-containers/src/popup/hooks/__tests__/useProfiles.performance.test.ts:25:71
          at new Promise (<anonymous>)
          at __awaiter (/home/user/aws-containers/src/popup/hooks/__tests__/useProfiles.performance.test.ts:21:12)
          at /home/user/aws-containers/src/popup/hooks/__tests__/useProfiles.performance.test.ts:238:23
          at /home/user/aws-containers/node_modules/@testing-library/react/dist/act-compat.js:48:24
          at process.env.NODE_ENV.exports.act (/home/user/aws-containers/node_modules/react/cjs/react.development.js:814:22)
          at /home/user/aws-containers/node_modules/@testing-library/react/dist/act-compat.js:47:25
          at /home/user/aws-containers/src/popup/hooks/__tests__/useProfiles.performance.test.ts:238:22
          at step (/home/user/aws-containers/src/popup/hooks/__tests__/useProfiles.performance.test.ts:50:23)
          at Object.next (/home/user/aws-containers/src/popup/hooks/__tests__/useProfiles.performance.test.ts:31:53)
          at /home/user/aws-containers/src/popup/hooks/__tests__/useProfiles.performance.test.ts:25:71
          at new Promise (<anonymous>)
          at __awaiter (/home/user/aws-containers/src/popup/hooks/__tests__/useProfiles.performance.test.ts:21:12)
          at Object.<anonymous> (/home/user/aws-containers/src/popup/hooks/__tests__/useProfiles.performance.test.ts:231:61)
          at Promise.finally.completed (/home/user/aws-containers/node_modules/jest-circus/build/jestAdapterInit.js:1557:28)
          at new Promise (<anonymous>)
          at callAsyncCircusFn (/home/user/aws-containers/node_modules/jest-circus/build/jestAdapterInit.js:1497:10)
          at _callCircusTest (/home/user/aws-containers/node_modules/jest-circus/build/jestAdapterInit.js:1007:40)
          at _runTest (/home/user/aws-containers/node_modules/jest-circus/build/jestAdapterInit.js:947:3)
          at /home/user/aws-containers/node_modules/jest-circus/build/jestAdapterInit.js:849:7
          at _runTestsForDescribeBlock (/home/user/aws-containers/node_modules/jest-circus/build/jestAdapterInit.js:862:11)
          at _runTestsForDescribeBlock (/home/user/aws-containers/node_modules/jest-circus/build/jestAdapterInit.js:857:11)
          at run (/home/user/aws-containers/node_modules/jest-circus/build/jestAdapterInit.js:761:3)
          at runAndTransformResultsToJestFormat (/home/user/aws-containers/node_modules/jest-circus/build/jestAdapterInit.js:1918:21)
          at jestAdapter (/home/user/aws-containers/node_modules/jest-circus/build/runner.js:101:19)
          at runTestInternal (/home/user/aws-containers/node_modules/jest-runner/build/testWorker.js:275:16)
          at runTest (/home/user/aws-containers/node_modules/jest-runner/build/testWorker.js:343:7)
          at Object.worker (/home/user/aws-containers/node_modules/jest-runner/build/testWorker.js:497:12)

      66 |             return false;
      67 |         } catch (err) {
    > 68 |             console.error("Failed to load profiles from cache:", err);
         |                     ^
      69 |             return false;
      70 |         }
      71 |     }, []);

      at error (src/popup/hooks/useProfiles.ts:68:21)
      at step (src/popup/hooks/useProfiles.ts:5970:19)
      at Object.next (src/popup/hooks/useProfiles.ts:5736:14)
      at src/popup/hooks/useProfiles.ts:5668:39
      at __awaiter (src/popup/hooks/useProfiles.ts:5617:10)
      at __awaiter (src/popup/hooks/useProfiles.ts:46:39)
      at loadFromCache (src/popup/hooks/useProfiles.ts:99:50)
      at step (src/popup/hooks/useProfiles.ts:5970:19)
      at Object.next (src/popup/hooks/useProfiles.ts:5736:14)
      at src/popup/hooks/useProfiles.ts:5668:39
      at __awaiter (src/popup/hooks/useProfiles.ts:5617:10)
      at Object.loadProfiles (src/popup/hooks/useProfiles.ts:6345:12)
      at src/popup/hooks/__tests__/useProfiles.performance.test.ts:239:38
      at step (src/popup/hooks/__tests__/useProfiles.performance.test.ts:50:23)
      at Object.next (src/popup/hooks/__tests__/useProfiles.performance.test.ts:31:53)
      at src/popup/hooks/__tests__/useProfiles.performance.test.ts:25:71
      at __awaiter (src/popup/hooks/__tests__/useProfiles.performance.test.ts:21:12)
      at src/popup/hooks/__tests__/useProfiles.performance.test.ts:238:23
      at node_modules/@testing-library/react/dist/act-compat.js:48:24
      at process.env.NODE_ENV.exports.act (node_modules/react/cjs/react.development.js:814:22)
      at node_modules/@testing-library/react/dist/act-compat.js:47:25
      at src/popup/hooks/__tests__/useProfiles.performance.test.ts:238:22
      at step (src/popup/hooks/__tests__/useProfiles.performance.test.ts:50:23)
      at Object.next (src/popup/hooks/__tests__/useProfiles.performance.test.ts:31:53)
      at src/popup/hooks/__tests__/useProfiles.performance.test.ts:25:71
      at __awaiter (src/popup/hooks/__tests__/useProfiles.performance.test.ts:21:12)
      at Object.<anonymous> (src/popup/hooks/__tests__/useProfiles.performance.test.ts:231:61)

    console.error
      Native messaging connection error: TypeError: Cannot read properties of undefined (reading 'connectNative')
          at connectNative (/home/user/aws-containers/src/popup/hooks/useProfiles.ts:120:46)
          at step (/home/user/aws-containers/src/popup/hooks/useProfiles.ts:5970:19)
          at Object.next (/home/user/aws-containers/src/popup/hooks/useProfiles.ts:5736:14)
          at fulfilled (/home/user/aws-containers/src/popup/hooks/useProfiles.ts:5631:24)

      169 |                 port.postMessage({ action: "getProfiles" });
      170 |             } catch (err) {
    > 171 |                 console.error("Native messaging connection error:", err);
          |                         ^
      172 |                 setError(
      173 |                     "Could not connect to AWS Profile Bridge. " +
      174 |                     "Please run ./install.sh to set up the native messaging host. " +

      at error (src/popup/hooks/useProfiles.ts:171:25)
      at step (src/popup/hooks/useProfiles.ts:5970:19)
      at Object.next (src/popup/hooks/useProfiles.ts:5736:14)
      at fulfilled (src/popup/hooks/useProfiles.ts:5631:24)

    console.error
      Failed to load profiles from cache: TypeError: Cannot read properties of undefined (reading 'local')
          at local (/home/user/aws-containers/src/popup/hooks/useProfiles.ts:48:48)
          at step (/home/user/aws-containers/src/popup/hooks/useProfiles.ts:5970:19)
          at Object.next (/home/user/aws-containers/src/popup/hooks/useProfiles.ts:5736:14)
          at /home/user/aws-containers/src/popup/hooks/useProfiles.ts:5668:39
          at new Promise (<anonymous>)
          at __awaiter (/home/user/aws-containers/src/popup/hooks/useProfiles.ts:5617:10)
          at __awaiter (/home/user/aws-containers/src/popup/hooks/useProfiles.ts:46:39)
          at loadFromCache (/home/user/aws-containers/src/popup/hooks/useProfiles.ts:99:50)
          at step (/home/user/aws-containers/src/popup/hooks/useProfiles.ts:5970:19)
          at Object.next (/home/user/aws-containers/src/popup/hooks/useProfiles.ts:5736:14)
          at /home/user/aws-containers/src/popup/hooks/useProfiles.ts:5668:39
          at new Promise (<anonymous>)
          at __awaiter (/home/user/aws-containers/src/popup/hooks/useProfiles.ts:5617:10)
          at Object.loadProfiles (/home/user/aws-containers/src/popup/hooks/useProfiles.ts:6345:12)
          at /home/user/aws-containers/src/popup/hooks/__tests__/useProfiles.performance.test.ts:239:38
          at step (/home/user/aws-containers/src/popup/hooks/__tests__/useProfiles.performance.test.ts:50:23)
          at Object.next (/home/user/aws-containers/src/popup/hooks/__tests__/useProfiles.performance.test.ts:31:53)
          at /home/user/aws-containers/src/popup/hooks/__tests__/useProfiles.performance.test.ts:25:71
          at new Promise (<anonymous>)
          at __awaiter (/home/user/aws-containers/src/popup/hooks/__tests__/useProfiles.performance.test.ts:21:12)
          at /home/user/aws-containers/src/popup/hooks/__tests__/useProfiles.performance.test.ts:238:23
          at /home/user/aws-containers/node_modules/@testing-library/react/dist/act-compat.js:48:24
          at process.env.NODE_ENV.exports.act (/home/user/aws-containers/node_modules/react/cjs/react.development.js:814:22)
          at /home/user/aws-containers/node_modules/@testing-library/react/dist/act-compat.js:47:25
          at /home/user/aws-containers/src/popup/hooks/__tests__/useProfiles.performance.test.ts:238:22
          at step (/home/user/aws-containers/src/popup/hooks/__tests__/useProfiles.performance.test.ts:50:23)
          at Object.next (/home/user/aws-containers/src/popup/hooks/__tests__/useProfiles.performance.test.ts:31:53)
          at fulfilled (/home/user/aws-containers/src/popup/hooks/__tests__/useProfiles.performance.test.ts:22:58)

      66 |             return false;
      67 |         } catch (err) {
    > 68 |             console.error("Failed to load profiles from cache:", err);
         |                     ^
      69 |             return false;
      70 |         }
      71 |     }, []);

      at error (src/popup/hooks/useProfiles.ts:68:21)
      at step (src/popup/hooks/useProfiles.ts:5970:19)
      at Object.next (src/popup/hooks/useProfiles.ts:5736:14)
      at src/popup/hooks/useProfiles.ts:5668:39
      at __awaiter (src/popup/hooks/useProfiles.ts:5617:10)
      at __awaiter (src/popup/hooks/useProfiles.ts:46:39)
      at loadFromCache (src/popup/hooks/useProfiles.ts:99:50)
      at step (src/popup/hooks/useProfiles.ts:5970:19)
      at Object.next (src/popup/hooks/useProfiles.ts:5736:14)
      at src/popup/hooks/useProfiles.ts:5668:39
      at __awaiter (src/popup/hooks/useProfiles.ts:5617:10)
      at Object.loadProfiles (src/popup/hooks/useProfiles.ts:6345:12)
      at src/popup/hooks/__tests__/useProfiles.performance.test.ts:239:38
      at step (src/popup/hooks/__tests__/useProfiles.performance.test.ts:50:23)
      at Object.next (src/popup/hooks/__tests__/useProfiles.performance.test.ts:31:53)
      at src/popup/hooks/__tests__/useProfiles.performance.test.ts:25:71
      at __awaiter (src/popup/hooks/__tests__/useProfiles.performance.test.ts:21:12)
      at src/popup/hooks/__tests__/useProfiles.performance.test.ts:238:23
      at node_modules/@testing-library/react/dist/act-compat.js:48:24
      at process.env.NODE_ENV.exports.act (node_modules/react/cjs/react.development.js:814:22)
      at node_modules/@testing-library/react/dist/act-compat.js:47:25
      at src/popup/hooks/__tests__/useProfiles.performance.test.ts:238:22
      at step (src/popup/hooks/__tests__/useProfiles.performance.test.ts:50:23)
      at Object.next (src/popup/hooks/__tests__/useProfiles.performance.test.ts:31:53)
      at fulfilled (src/popup/hooks/__tests__/useProfiles.performance.test.ts:22:58)

    console.error
      Native messaging connection error: TypeError: Cannot read properties of undefined (reading 'connectNative')
          at connectNative (/home/user/aws-containers/src/popup/hooks/useProfiles.ts:120:46)
          at step (/home/user/aws-containers/src/popup/hooks/useProfiles.ts:5970:19)
          at Object.next (/home/user/aws-containers/src/popup/hooks/useProfiles.ts:5736:14)
          at fulfilled (/home/user/aws-containers/src/popup/hooks/useProfiles.ts:5631:24)

      169 |                 port.postMessage({ action: "getProfiles" });
      170 |             } catch (err) {
    > 171 |                 console.error("Native messaging connection error:", err);
          |                         ^
      172 |                 setError(
      173 |                     "Could not connect to AWS Profile Bridge. " +
      174 |                     "Please run ./install.sh to set up the native messaging host. " +

      at error (src/popup/hooks/useProfiles.ts:171:25)
      at step (src/popup/hooks/useProfiles.ts:5970:19)
      at Object.next (src/popup/hooks/useProfiles.ts:5736:14)
      at fulfilled (src/popup/hooks/useProfiles.ts:5631:24)

    console.error
      Failed to load profiles from cache: TypeError: Cannot read properties of undefined (reading 'local')
          at local (/home/user/aws-containers/src/popup/hooks/useProfiles.ts:48:48)
          at step (/home/user/aws-containers/src/popup/hooks/useProfiles.ts:5970:19)
          at Object.next (/home/user/aws-containers/src/popup/hooks/useProfiles.ts:5736:14)
          at /home/user/aws-containers/src/popup/hooks/useProfiles.ts:5668:39
          at new Promise (<anonymous>)
          at __awaiter (/home/user/aws-containers/src/popup/hooks/useProfiles.ts:5617:10)
          at __awaiter (/home/user/aws-containers/src/popup/hooks/useProfiles.ts:46:39)
          at loadFromCache (/home/user/aws-containers/src/popup/hooks/useProfiles.ts:99:50)
          at step (/home/user/aws-containers/src/popup/hooks/useProfiles.ts:5970:19)
          at Object.next (/home/user/aws-containers/src/popup/hooks/useProfiles.ts:5736:14)
          at /home/user/aws-containers/src/popup/hooks/useProfiles.ts:5668:39
          at new Promise (<anonymous>)
          at __awaiter (/home/user/aws-containers/src/popup/hooks/useProfiles.ts:5617:10)
          at Object.loadProfiles (/home/user/aws-containers/src/popup/hooks/useProfiles.ts:6345:12)
          at /home/user/aws-containers/src/popup/hooks/__tests__/useProfiles.performance.test.ts:239:38
          at step (/home/user/aws-containers/src/popup/hooks/__tests__/useProfiles.performance.test.ts:50:23)
          at Object.next (/home/user/aws-containers/src/popup/hooks/__tests__/useProfiles.performance.test.ts:31:53)
          at /home/user/aws-containers/src/popup/hooks/__tests__/useProfiles.performance.test.ts:25:71
          at new Promise (<anonymous>)
          at __awaiter (/home/user/aws-containers/src/popup/hooks/__tests__/useProfiles.performance.test.ts:21:12)
          at /home/user/aws-containers/src/popup/hooks/__tests__/useProfiles.performance.test.ts:238:23
          at /home/user/aws-containers/node_modules/@testing-library/react/dist/act-compat.js:48:24
          at process.env.NODE_ENV.exports.act (/home/user/aws-containers/node_modules/react/cjs/react.development.js:814:22)
          at /home/user/aws-containers/node_modules/@testing-library/react/dist/act-compat.js:47:25
          at /home/user/aws-containers/src/popup/hooks/__tests__/useProfiles.performance.test.ts:238:22
          at step (/home/user/aws-containers/src/popup/hooks/__tests__/useProfiles.performance.test.ts:50:23)
          at Object.next (/home/user/aws-containers/src/popup/hooks/__tests__/useProfiles.performance.test.ts:31:53)
          at fulfilled (/home/user/aws-containers/src/popup/hooks/__tests__/useProfiles.performance.test.ts:22:58)

      66 |             return false;
      67 |         } catch (err) {
    > 68 |             console.error("Failed to load profiles from cache:", err);
         |                     ^
      69 |             return false;
      70 |         }
      71 |     }, []);

      at error (src/popup/hooks/useProfiles.ts:68:21)
      at step (src/popup/hooks/useProfiles.ts:5970:19)
      at Object.next (src/popup/hooks/useProfiles.ts:5736:14)
      at src/popup/hooks/useProfiles.ts:5668:39
      at __awaiter (src/popup/hooks/useProfiles.ts:5617:10)
      at __awaiter (src/popup/hooks/useProfiles.ts:46:39)
      at loadFromCache (src/popup/hooks/useProfiles.ts:99:50)
      at step (src/popup/hooks/useProfiles.ts:5970:19)
      at Object.next (src/popup/hooks/useProfiles.ts:5736:14)
      at src/popup/hooks/useProfiles.ts:5668:39
      at __awaiter (src/popup/hooks/useProfiles.ts:5617:10)
      at Object.loadProfiles (src/popup/hooks/useProfiles.ts:6345:12)
      at src/popup/hooks/__tests__/useProfiles.performance.test.ts:239:38
      at step (src/popup/hooks/__tests__/useProfiles.performance.test.ts:50:23)
      at Object.next (src/popup/hooks/__tests__/useProfiles.performance.test.ts:31:53)
      at src/popup/hooks/__tests__/useProfiles.performance.test.ts:25:71
      at __awaiter (src/popup/hooks/__tests__/useProfiles.performance.test.ts:21:12)
      at src/popup/hooks/__tests__/useProfiles.performance.test.ts:238:23
      at node_modules/@testing-library/react/dist/act-compat.js:48:24
      at process.env.NODE_ENV.exports.act (node_modules/react/cjs/react.development.js:814:22)
      at node_modules/@testing-library/react/dist/act-compat.js:47:25
      at src/popup/hooks/__tests__/useProfiles.performance.test.ts:238:22
      at step (src/popup/hooks/__tests__/useProfiles.performance.test.ts:50:23)
      at Object.next (src/popup/hooks/__tests__/useProfiles.performance.test.ts:31:53)
      at fulfilled (src/popup/hooks/__tests__/useProfiles.performance.test.ts:22:58)

    console.error
      Native messaging connection error: TypeError: Cannot read properties of undefined (reading 'connectNative')
          at connectNative (/home/user/aws-containers/src/popup/hooks/useProfiles.ts:120:46)
          at step (/home/user/aws-containers/src/popup/hooks/useProfiles.ts:5970:19)
          at Object.next (/home/user/aws-containers/src/popup/hooks/useProfiles.ts:5736:14)
          at fulfilled (/home/user/aws-containers/src/popup/hooks/useProfiles.ts:5631:24)

      169 |                 port.postMessage({ action: "getProfiles" });
      170 |             } catch (err) {
    > 171 |                 console.error("Native messaging connection error:", err);
          |                         ^
      172 |                 setError(
      173 |                     "Could not connect to AWS Profile Bridge. " +
      174 |                     "Please run ./install.sh to set up the native messaging host. " +

      at error (src/popup/hooks/useProfiles.ts:171:25)
      at step (src/popup/hooks/useProfiles.ts:5970:19)
      at Object.next (src/popup/hooks/useProfiles.ts:5736:14)
      at fulfilled (src/popup/hooks/useProfiles.ts:5631:24)

    console.error
      Failed to load profiles from cache: TypeError: Cannot read properties of undefined (reading 'local')
          at local (/home/user/aws-containers/src/popup/hooks/useProfiles.ts:48:48)
          at step (/home/user/aws-containers/src/popup/hooks/useProfiles.ts:5970:19)
          at Object.next (/home/user/aws-containers/src/popup/hooks/useProfiles.ts:5736:14)
          at /home/user/aws-containers/src/popup/hooks/useProfiles.ts:5668:39
          at new Promise (<anonymous>)
          at __awaiter (/home/user/aws-containers/src/popup/hooks/useProfiles.ts:5617:10)
          at __awaiter (/home/user/aws-containers/src/popup/hooks/useProfiles.ts:46:39)
          at loadFromCache (/home/user/aws-containers/src/popup/hooks/useProfiles.ts:99:50)
          at step (/home/user/aws-containers/src/popup/hooks/useProfiles.ts:5970:19)
          at Object.next (/home/user/aws-containers/src/popup/hooks/useProfiles.ts:5736:14)
          at /home/user/aws-containers/src/popup/hooks/useProfiles.ts:5668:39
          at new Promise (<anonymous>)
          at __awaiter (/home/user/aws-containers/src/popup/hooks/useProfiles.ts:5617:10)
          at Object.loadProfiles (/home/user/aws-containers/src/popup/hooks/useProfiles.ts:6345:12)
          at /home/user/aws-containers/src/popup/hooks/__tests__/useProfiles.performance.test.ts:239:38
          at step (/home/user/aws-containers/src/popup/hooks/__tests__/useProfiles.performance.test.ts:50:23)
          at Object.next (/home/user/aws-containers/src/popup/hooks/__tests__/useProfiles.performance.test.ts:31:53)
          at /home/user/aws-containers/src/popup/hooks/__tests__/useProfiles.performance.test.ts:25:71
          at new Promise (<anonymous>)
          at __awaiter (/home/user/aws-containers/src/popup/hooks/__tests__/useProfiles.performance.test.ts:21:12)
          at /home/user/aws-containers/src/popup/hooks/__tests__/useProfiles.performance.test.ts:238:23
          at /home/user/aws-containers/node_modules/@testing-library/react/dist/act-compat.js:48:24
          at process.env.NODE_ENV.exports.act (/home/user/aws-containers/node_modules/react/cjs/react.development.js:814:22)
          at /home/user/aws-containers/node_modules/@testing-library/react/dist/act-compat.js:47:25
          at /home/user/aws-containers/src/popup/hooks/__tests__/useProfiles.performance.test.ts:238:22
          at step (/home/user/aws-containers/src/popup/hooks/__tests__/useProfiles.performance.test.ts:50:23)
          at Object.next (/home/user/aws-containers/src/popup/hooks/__tests__/useProfiles.performance.test.ts:31:53)
          at fulfilled (/home/user/aws-containers/src/popup/hooks/__tests__/useProfiles.performance.test.ts:22:58)

      66 |             return false;
      67 |         } catch (err) {
    > 68 |             console.error("Failed to load profiles from cache:", err);
         |                     ^
      69 |             return false;
      70 |         }
      71 |     }, []);

      at error (src/popup/hooks/useProfiles.ts:68:21)
      at step (src/popup/hooks/useProfiles.ts:5970:19)
      at Object.next (src/popup/hooks/useProfiles.ts:5736:14)
      at src/popup/hooks/useProfiles.ts:5668:39
      at __awaiter (src/popup/hooks/useProfiles.ts:5617:10)
      at __awaiter (src/popup/hooks/useProfiles.ts:46:39)
      at loadFromCache (src/popup/hooks/useProfiles.ts:99:50)
      at step (src/popup/hooks/useProfiles.ts:5970:19)
      at Object.next (src/popup/hooks/useProfiles.ts:5736:14)
      at src/popup/hooks/useProfiles.ts:5668:39
      at __awaiter (src/popup/hooks/useProfiles.ts:5617:10)
      at Object.loadProfiles (src/popup/hooks/useProfiles.ts:6345:12)
      at src/popup/hooks/__tests__/useProfiles.performance.test.ts:239:38
      at step (src/popup/hooks/__tests__/useProfiles.performance.test.ts:50:23)
      at Object.next (src/popup/hooks/__tests__/useProfiles.performance.test.ts:31:53)
      at src/popup/hooks/__tests__/useProfiles.performance.test.ts:25:71
      at __awaiter (src/popup/hooks/__tests__/useProfiles.performance.test.ts:21:12)
      at src/popup/hooks/__tests__/useProfiles.performance.test.ts:238:23
      at node_modules/@testing-library/react/dist/act-compat.js:48:24
      at process.env.NODE_ENV.exports.act (node_modules/react/cjs/react.development.js:814:22)
      at node_modules/@testing-library/react/dist/act-compat.js:47:25
      at src/popup/hooks/__tests__/useProfiles.performance.test.ts:238:22
      at step (src/popup/hooks/__tests__/useProfiles.performance.test.ts:50:23)
      at Object.next (src/popup/hooks/__tests__/useProfiles.performance.test.ts:31:53)
      at fulfilled (src/popup/hooks/__tests__/useProfiles.performance.test.ts:22:58)

    console.error
      Native messaging connection error: TypeError: Cannot read properties of undefined (reading 'connectNative')
          at connectNative (/home/user/aws-containers/src/popup/hooks/useProfiles.ts:120:46)
          at step (/home/user/aws-containers/src/popup/hooks/useProfiles.ts:5970:19)
          at Object.next (/home/user/aws-containers/src/popup/hooks/useProfiles.ts:5736:14)
          at fulfilled (/home/user/aws-containers/src/popup/hooks/useProfiles.ts:5631:24)

      169 |                 port.postMessage({ action: "getProfiles" });
      170 |             } catch (err) {
    > 171 |                 console.error("Native messaging connection error:", err);
          |                         ^
      172 |                 setError(
      173 |                     "Could not connect to AWS Profile Bridge. " +
      174 |                     "Please run ./install.sh to set up the native messaging host. " +

      at error (src/popup/hooks/useProfiles.ts:171:25)
      at step (src/popup/hooks/useProfiles.ts:5970:19)
      at Object.next (src/popup/hooks/useProfiles.ts:5736:14)
      at fulfilled (src/popup/hooks/useProfiles.ts:5631:24)

    console.error
      Failed to load profiles from cache: TypeError: Cannot read properties of undefined (reading 'local')
          at local (/home/user/aws-containers/src/popup/hooks/useProfiles.ts:48:48)
          at step (/home/user/aws-containers/src/popup/hooks/useProfiles.ts:5970:19)
          at Object.next (/home/user/aws-containers/src/popup/hooks/useProfiles.ts:5736:14)
          at /home/user/aws-containers/src/popup/hooks/useProfiles.ts:5668:39
          at new Promise (<anonymous>)
          at __awaiter (/home/user/aws-containers/src/popup/hooks/useProfiles.ts:5617:10)
          at __awaiter (/home/user/aws-containers/src/popup/hooks/useProfiles.ts:46:39)
          at loadFromCache (/home/user/aws-containers/src/popup/hooks/useProfiles.ts:99:50)
          at step (/home/user/aws-containers/src/popup/hooks/useProfiles.ts:5970:19)
          at Object.next (/home/user/aws-containers/src/popup/hooks/useProfiles.ts:5736:14)
          at /home/user/aws-containers/src/popup/hooks/useProfiles.ts:5668:39
          at new Promise (<anonymous>)
          at __awaiter (/home/user/aws-containers/src/popup/hooks/useProfiles.ts:5617:10)
          at Object.loadProfiles (/home/user/aws-containers/src/popup/hooks/useProfiles.ts:6345:12)
          at /home/user/aws-containers/src/popup/hooks/__tests__/useProfiles.performance.test.ts:239:38
          at step (/home/user/aws-containers/src/popup/hooks/__tests__/useProfiles.performance.test.ts:50:23)
          at Object.next (/home/user/aws-containers/src/popup/hooks/__tests__/useProfiles.performance.test.ts:31:53)
          at /home/user/aws-containers/src/popup/hooks/__tests__/useProfiles.performance.test.ts:25:71
          at new Promise (<anonymous>)
          at __awaiter (/home/user/aws-containers/src/popup/hooks/__tests__/useProfiles.performance.test.ts:21:12)
          at /home/user/aws-containers/src/popup/hooks/__tests__/useProfiles.performance.test.ts:238:23
          at /home/user/aws-containers/node_modules/@testing-library/react/dist/act-compat.js:48:24
          at process.env.NODE_ENV.exports.act (/home/user/aws-containers/node_modules/react/cjs/react.development.js:814:22)
          at /home/user/aws-containers/node_modules/@testing-library/react/dist/act-compat.js:47:25
          at /home/user/aws-containers/src/popup/hooks/__tests__/useProfiles.performance.test.ts:238:22
          at step (/home/user/aws-containers/src/popup/hooks/__tests__/useProfiles.performance.test.ts:50:23)
          at Object.next (/home/user/aws-containers/src/popup/hooks/__tests__/useProfiles.performance.test.ts:31:53)
          at fulfilled (/home/user/aws-containers/src/popup/hooks/__tests__/useProfiles.performance.test.ts:22:58)

      66 |             return false;
      67 |         } catch (err) {
    > 68 |             console.error("Failed to load profiles from cache:", err);
         |                     ^
      69 |             return false;
      70 |         }
      71 |     }, []);

      at error (src/popup/hooks/useProfiles.ts:68:21)
      at step (src/popup/hooks/useProfiles.ts:5970:19)
      at Object.next (src/popup/hooks/useProfiles.ts:5736:14)
      at src/popup/hooks/useProfiles.ts:5668:39
      at __awaiter (src/popup/hooks/useProfiles.ts:5617:10)
      at __awaiter (src/popup/hooks/useProfiles.ts:46:39)
      at loadFromCache (src/popup/hooks/useProfiles.ts:99:50)
      at step (src/popup/hooks/useProfiles.ts:5970:19)
      at Object.next (src/popup/hooks/useProfiles.ts:5736:14)
      at src/popup/hooks/useProfiles.ts:5668:39
      at __awaiter (src/popup/hooks/useProfiles.ts:5617:10)
      at Object.loadProfiles (src/popup/hooks/useProfiles.ts:6345:12)
      at src/popup/hooks/__tests__/useProfiles.performance.test.ts:239:38
      at step (src/popup/hooks/__tests__/useProfiles.performance.test.ts:50:23)
      at Object.next (src/popup/hooks/__tests__/useProfiles.performance.test.ts:31:53)
      at src/popup/hooks/__tests__/useProfiles.performance.test.ts:25:71
      at __awaiter (src/popup/hooks/__tests__/useProfiles.performance.test.ts:21:12)
      at src/popup/hooks/__tests__/useProfiles.performance.test.ts:238:23
      at node_modules/@testing-library/react/dist/act-compat.js:48:24
      at process.env.NODE_ENV.exports.act (node_modules/react/cjs/react.development.js:814:22)
      at node_modules/@testing-library/react/dist/act-compat.js:47:25
      at src/popup/hooks/__tests__/useProfiles.performance.test.ts:238:22
      at step (src/popup/hooks/__tests__/useProfiles.performance.test.ts:50:23)
      at Object.next (src/popup/hooks/__tests__/useProfiles.performance.test.ts:31:53)
      at fulfilled (src/popup/hooks/__tests__/useProfiles.performance.test.ts:22:58)

    console.error
      Native messaging connection error: TypeError: Cannot read properties of undefined (reading 'connectNative')
          at connectNative (/home/user/aws-containers/src/popup/hooks/useProfiles.ts:120:46)
          at step (/home/user/aws-containers/src/popup/hooks/useProfiles.ts:5970:19)
          at Object.next (/home/user/aws-containers/src/popup/hooks/useProfiles.ts:5736:14)
          at fulfilled (/home/user/aws-containers/src/popup/hooks/useProfiles.ts:5631:24)

      169 |                 port.postMessage({ action: "getProfiles" });
      170 |             } catch (err) {
    > 171 |                 console.error("Native messaging connection error:", err);
          |                         ^
      172 |                 setError(
      173 |                     "Could not connect to AWS Profile Bridge. " +
      174 |                     "Please run ./install.sh to set up the native messaging host. " +

      at error (src/popup/hooks/useProfiles.ts:171:25)
      at step (src/popup/hooks/useProfiles.ts:5970:19)
      at Object.next (src/popup/hooks/useProfiles.ts:5736:14)
      at fulfilled (src/popup/hooks/useProfiles.ts:5631:24)

    console.error
      Failed to load profiles from cache: TypeError: Cannot read properties of undefined (reading 'local')
          at local (/home/user/aws-containers/src/popup/hooks/useProfiles.ts:48:48)
          at step (/home/user/aws-containers/src/popup/hooks/useProfiles.ts:5970:19)
          at Object.next (/home/user/aws-containers/src/popup/hooks/useProfiles.ts:5736:14)
          at /home/user/aws-containers/src/popup/hooks/useProfiles.ts:5668:39
          at new Promise (<anonymous>)
          at __awaiter (/home/user/aws-containers/src/popup/hooks/useProfiles.ts:5617:10)
          at __awaiter (/home/user/aws-containers/src/popup/hooks/useProfiles.ts:46:39)
          at loadFromCache (/home/user/aws-containers/src/popup/hooks/useProfiles.ts:99:50)
          at step (/home/user/aws-containers/src/popup/hooks/useProfiles.ts:5970:19)
          at Object.next (/home/user/aws-containers/src/popup/hooks/useProfiles.ts:5736:14)
          at /home/user/aws-containers/src/popup/hooks/useProfiles.ts:5668:39
          at new Promise (<anonymous>)
          at __awaiter (/home/user/aws-containers/src/popup/hooks/useProfiles.ts:5617:10)
          at Object.loadProfiles (/home/user/aws-containers/src/popup/hooks/useProfiles.ts:6345:12)
          at /home/user/aws-containers/src/popup/hooks/__tests__/useProfiles.performance.test.ts:271:38
          at step (/home/user/aws-containers/src/popup/hooks/__tests__/useProfiles.performance.test.ts:50:23)
          at Object.next (/home/user/aws-containers/src/popup/hooks/__tests__/useProfiles.performance.test.ts:31:53)
          at /home/user/aws-containers/src/popup/hooks/__tests__/useProfiles.performance.test.ts:25:71
          at new Promise (<anonymous>)
          at __awaiter (/home/user/aws-containers/src/popup/hooks/__tests__/useProfiles.performance.test.ts:21:12)
          at /home/user/aws-containers/src/popup/hooks/__tests__/useProfiles.performance.test.ts:269:19
          at /home/user/aws-containers/node_modules/@testing-library/react/dist/act-compat.js:48:24
          at process.env.NODE_ENV.exports.act (/home/user/aws-containers/node_modules/react/cjs/react.development.js:814:22)
          at /home/user/aws-containers/node_modules/@testing-library/react/dist/act-compat.js:47:25
          at /home/user/aws-containers/src/popup/hooks/__tests__/useProfiles.performance.test.ts:269:18
          at step (/home/user/aws-containers/src/popup/hooks/__tests__/useProfiles.performance.test.ts:50:23)
          at Object.next (/home/user/aws-containers/src/popup/hooks/__tests__/useProfiles.performance.test.ts:31:53)
          at /home/user/aws-containers/src/popup/hooks/__tests__/useProfiles.performance.test.ts:25:71
          at new Promise (<anonymous>)
          at __awaiter (/home/user/aws-containers/src/popup/hooks/__tests__/useProfiles.performance.test.ts:21:12)
          at Object.<anonymous> (/home/user/aws-containers/src/popup/hooks/__tests__/useProfiles.performance.test.ts:255:64)
          at Promise.finally.completed (/home/user/aws-containers/node_modules/jest-circus/build/jestAdapterInit.js:1557:28)
          at new Promise (<anonymous>)
          at callAsyncCircusFn (/home/user/aws-containers/node_modules/jest-circus/build/jestAdapterInit.js:1497:10)
          at _callCircusTest (/home/user/aws-containers/node_modules/jest-circus/build/jestAdapterInit.js:1007:40)
          at _runTest (/home/user/aws-containers/node_modules/jest-circus/build/jestAdapterInit.js:947:3)
          at /home/user/aws-containers/node_modules/jest-circus/build/jestAdapterInit.js:849:7
          at _runTestsForDescribeBlock (/home/user/aws-containers/node_modules/jest-circus/build/jestAdapterInit.js:862:11)
          at _runTestsForDescribeBlock (/home/user/aws-containers/node_modules/jest-circus/build/jestAdapterInit.js:857:11)
          at run (/home/user/aws-containers/node_modules/jest-circus/build/jestAdapterInit.js:761:3)
          at runAndTransformResultsToJestFormat (/home/user/aws-containers/node_modules/jest-circus/build/jestAdapterInit.js:1918:21)
          at jestAdapter (/home/user/aws-containers/node_modules/jest-circus/build/runner.js:101:19)
          at runTestInternal (/home/user/aws-containers/node_modules/jest-runner/build/testWorker.js:275:16)
          at runTest (/home/user/aws-containers/node_modules/jest-runner/build/testWorker.js:343:7)
          at Object.worker (/home/user/aws-containers/node_modules/jest-runner/build/testWorker.js:497:12)

      66 |             return false;
      67 |         } catch (err) {
    > 68 |             console.error("Failed to load profiles from cache:", err);
         |                     ^
      69 |             return false;
      70 |         }
      71 |     }, []);

      at error (src/popup/hooks/useProfiles.ts:68:21)
      at step (src/popup/hooks/useProfiles.ts:5970:19)
      at Object.next (src/popup/hooks/useProfiles.ts:5736:14)
      at src/popup/hooks/useProfiles.ts:5668:39
      at __awaiter (src/popup/hooks/useProfiles.ts:5617:10)
      at __awaiter (src/popup/hooks/useProfiles.ts:46:39)
      at loadFromCache (src/popup/hooks/useProfiles.ts:99:50)
      at step (src/popup/hooks/useProfiles.ts:5970:19)
      at Object.next (src/popup/hooks/useProfiles.ts:5736:14)
      at src/popup/hooks/useProfiles.ts:5668:39
      at __awaiter (src/popup/hooks/useProfiles.ts:5617:10)
      at Object.loadProfiles (src/popup/hooks/useProfiles.ts:6345:12)
      at src/popup/hooks/__tests__/useProfiles.performance.test.ts:271:38
      at step (src/popup/hooks/__tests__/useProfiles.performance.test.ts:50:23)
      at Object.next (src/popup/hooks/__tests__/useProfiles.performance.test.ts:31:53)
      at src/popup/hooks/__tests__/useProfiles.performance.test.ts:25:71
      at __awaiter (src/popup/hooks/__tests__/useProfiles.performance.test.ts:21:12)
      at src/popup/hooks/__tests__/useProfiles.performance.test.ts:269:19
      at node_modules/@testing-library/react/dist/act-compat.js:48:24
      at process.env.NODE_ENV.exports.act (node_modules/react/cjs/react.development.js:814:22)
      at node_modules/@testing-library/react/dist/act-compat.js:47:25
      at src/popup/hooks/__tests__/useProfiles.performance.test.ts:269:18
      at step (src/popup/hooks/__tests__/useProfiles.performance.test.ts:50:23)
      at Object.next (src/popup/hooks/__tests__/useProfiles.performance.test.ts:31:53)
      at src/popup/hooks/__tests__/useProfiles.performance.test.ts:25:71
      at __awaiter (src/popup/hooks/__tests__/useProfiles.performance.test.ts:21:12)
      at Object.<anonymous> (src/popup/hooks/__tests__/useProfiles.performance.test.ts:255:64)

    console.error
      Native messaging connection error: TypeError: Cannot read properties of undefined (reading 'connectNative')
          at connectNative (/home/user/aws-containers/src/popup/hooks/useProfiles.ts:120:46)
          at step (/home/user/aws-containers/src/popup/hooks/useProfiles.ts:5970:19)
          at Object.next (/home/user/aws-containers/src/popup/hooks/useProfiles.ts:5736:14)
          at fulfilled (/home/user/aws-containers/src/popup/hooks/useProfiles.ts:5631:24)

      169 |                 port.postMessage({ action: "getProfiles" });
      170 |             } catch (err) {
    > 171 |                 console.error("Native messaging connection error:", err);
          |                         ^
      172 |                 setError(
      173 |                     "Could not connect to AWS Profile Bridge. " +
      174 |                     "Please run ./install.sh to set up the native messaging host. " +

      at error (src/popup/hooks/useProfiles.ts:171:25)
      at step (src/popup/hooks/useProfiles.ts:5970:19)
      at Object.next (src/popup/hooks/useProfiles.ts:5736:14)
      at fulfilled (src/popup/hooks/useProfiles.ts:5631:24)

  ● useProfiles Performance › should cleanup port on unmount to prevent memory leaks

    expect(jest.fn()).toHaveBeenCalled()

    Expected number of calls: >= 1
    Received number of calls:    0

      66 |
      67 |         // Verify connectNative was called
    > 68 |         expect(browser.runtime.connectNative).toHaveBeenCalled();
         |                                               ^
      69 |
      70 |         const disconnectSpy = mockPort.disconnect as jest.Mock;
      71 |

      at src/popup/hooks/__tests__/useProfiles.performance.test.ts:68:47
      at step (src/popup/hooks/__tests__/useProfiles.performance.test.ts:50:23)
      at Object.next (src/popup/hooks/__tests__/useProfiles.performance.test.ts:31:53)
      at fulfilled (src/popup/hooks/__tests__/useProfiles.performance.test.ts:22:58)

  ● useProfiles Performance › should disconnect old port before creating new connection

    expect(received).toBeGreaterThan(expected)

    Expected: > 0
    Received:   0

      103 |
      104 |         // Verify new connection was created
    > 105 |         expect(secondCallCount).toBeGreaterThan(firstCallCount);
          |                                 ^
      106 |
      107 |         // Verify old port was disconnected
      108 |         // (disconnect is called before creating new port)

      at src/popup/hooks/__tests__/useProfiles.performance.test.ts:105:33
      at step (src/popup/hooks/__tests__/useProfiles.performance.test.ts:50:23)
      at Object.next (src/popup/hooks/__tests__/useProfiles.performance.test.ts:31:53)
      at fulfilled (src/popup/hooks/__tests__/useProfiles.performance.test.ts:22:58)

  ● useProfiles Performance › should handle rapid load calls without leaking ports

    expect(received).toBeGreaterThanOrEqual(expected)

    Expected: >= 1
    Received:    0

      129 |
      130 |         // Should have called connectNative multiple times
    > 131 |         expect(connectNativeSpy.mock.calls.length).toBeGreaterThanOrEqual(1);
          |                                                    ^
      132 |
      133 |         // Should have called disconnect to cleanup old ports
      134 |         // (prevents accumulation of open ports)

      at src/popup/hooks/__tests__/useProfiles.performance.test.ts:131:52
      at step (src/popup/hooks/__tests__/useProfiles.performance.test.ts:50:23)
      at Object.next (src/popup/hooks/__tests__/useProfiles.performance.test.ts:31:53)
      at fulfilled (src/popup/hooks/__tests__/useProfiles.performance.test.ts:22:58)

  ● useProfiles Performance › should use cache to speed up repeated loads

    expect(jest.fn()).toHaveBeenCalled()

    Expected number of calls: >= 1
    Received number of calls:    0

      208 |
      209 |         // Verify cache was accessed
    > 210 |         expect(browser.storage.local.get).toHaveBeenCalled();
          |                                           ^
      211 |     });
      212 |
      213 |     /**

      at src/popup/hooks/__tests__/useProfiles.performance.test.ts:210:43
      at step (src/popup/hooks/__tests__/useProfiles.performance.test.ts:50:23)
      at Object.next (src/popup/hooks/__tests__/useProfiles.performance.test.ts:31:53)
      at fulfilled (src/popup/hooks/__tests__/useProfiles.performance.test.ts:22:58)

  ● useProfiles Performance › should bypass cache on refresh

    expect(jest.fn()).toHaveBeenCalled()

    Expected number of calls: >= 1
    Received number of calls:    0

      223 |         // Refresh should call loadProfiles with forceRefresh=true
      224 |         // This bypasses the cache and forces fresh data
    > 225 |         expect(browser.runtime.connectNative).toHaveBeenCalled();
          |                                               ^
      226 |     });
      227 |
      228 |     /**

      at src/popup/hooks/__tests__/useProfiles.performance.test.ts:225:47
      at step (src/popup/hooks/__tests__/useProfiles.performance.test.ts:50:23)
      at Object.next (src/popup/hooks/__tests__/useProfiles.performance.test.ts:31:53)
      at fulfilled (src/popup/hooks/__tests__/useProfiles.performance.test.ts:22:58)

  ● useProfiles Performance › should not accumulate listeners on multiple loads

    expect(received).toBeGreaterThanOrEqual(expected)

    Expected: >= 1
    Received:    0

      244 |         // Each new load should cleanup old listeners
      245 |         const listenerCount = addListenerSpy.mock.calls.length;
    > 246 |         expect(listenerCount).toBeGreaterThanOrEqual(1);
          |                               ^
      247 |
      248 |         // Cleanup
      249 |         unmount();

      at src/popup/hooks/__tests__/useProfiles.performance.test.ts:246:31
      at step (src/popup/hooks/__tests__/useProfiles.performance.test.ts:50:23)
      at Object.next (src/popup/hooks/__tests__/useProfiles.performance.test.ts:31:53)
      at fulfilled (src/popup/hooks/__tests__/useProfiles.performance.test.ts:22:58)

  ● useProfiles Performance › should handle errors gracefully without memory leaks

    expect(jest.fn()).toHaveBeenCalled()

    Expected number of calls: >= 1
    Received number of calls:    0

    Ignored nodes: comments, script, style
    [36m<html>[39m
      [36m<head />[39m
      [36m<body>[39m
        [36m<div />[39m
      [36m</body>[39m
    [36m</html>[39m

      280 |         const disconnectSpy = errorPort.disconnect as jest.Mock;
      281 |         await waitFor(() => {
    > 282 |             expect(disconnectSpy).toHaveBeenCalled();
          |                                   ^
      283 |         });
      284 |     });
      285 | });

      at src/popup/hooks/__tests__/useProfiles.performance.test.ts:282:35
      at runWithExpensiveErrorDiagnosticsDisabled (node_modules/@testing-library/dom/dist/config.js:47:12)
      at checkCallback (node_modules/@testing-library/dom/dist/wait-for.js:124:77)
      at checkRealTimersCallback (node_modules/@testing-library/dom/dist/wait-for.js:118:16)
      at Timeout.task [as _onTimeout] (node_modules/jsdom/lib/jsdom/browser/Window.js:579:19)

FAIL src/popup/components/__tests__/ProfileList.test.tsx (9.521 s)
  ● ProfileList › Rendering › shows favorite indicator for favorited profiles

    TestingLibraryElementError: Unable to find an accessible element with the role "table"

    There are no accessible roles. But there might be some inaccessible roles. If you wish to access them, then set the `hidden` option to `true`. Learn more about this here: https://testing-library.com/docs/dom-testing-library/api-queries#byrole

    Ignored nodes: comments, script, style
    [36m<body>[39m
      [36m<div>[39m
        [36m<div[39m
          [33mid[39m=[32m"identities-list"[39m
          [33mstyle[39m=[32m"width: 100%;"[39m
        [36m>[39m
          [36m<div[39m
            [33mclass[39m=[32m"awsui_root_18wu0_qxbam_934 awsui_box_18wu0_qxbam_172 awsui_m-bottom-xxxs_18wu0_qxbam_703 awsui_p-horizontal-s_18wu0_qxbam_524 awsui_p-vertical-xs_18wu0_qxbam_494 awsui_color-default_18wu0_qxbam_172 awsui_font-size-default_18wu0_qxbam_188 awsui_font-weight-default_18wu0_qxbam_228"[39m
          [36m>[39m
            [36m<div[39m
              [33mstyle[39m=[32m"display: flex; align-items: center; gap: 12px; cursor: pointer; padding: 8px; border-radius: 8px; transition: background-color 0.2s;"[39m
            [36m>[39m
              [36m<div[39m
                [33mclass[39m=[32m"menu-icon hover-highlight"[39m
              [36m>[39m
                [36m<div[39m
                  [33mclass[39m=[32m"usercontext-icon"[39m
                  [33mdata-identity-color[39m=[32m"blue"[39m
                  [33mdata-identity-icon[39m=[32m"fingerprint"[39m
                  [33mstyle[39m=[32m"width: 24px; height: 24px;"[39m
                [36m/>[39m
              [36m</div>[39m
              [36m<div[39m
                [33mstyle[39m=[32m"display: flex; flex-direction: column; flex: 1 1 0%; gap: 4px;"[39m
              [36m>[39m
                [36m<div[39m
                  [33mstyle[39m=[32m"display: flex; align-items: center; gap: 8px;"[39m
                [36m>[39m
                  [36m<div[39m
                    [33mclass[39m=[32m"awsui_root_18wu0_qxbam_934 awsui_box_18wu0_qxbam_172 awsui_color-default_18wu0_qxbam_172 awsui_font-size-body-m_18wu0_qxbam_342 awsui_font-weight-bold_18wu0_qxbam_381"[39m
                  [36m>[39m
                    [0mprofile1[0m
                  [36m</div>[39m
                [36m</div>[39m
              [36m</div>[39m
              [36m<div[39m
                [33mstyle[39m=[32m"padding: 6px 10px; cursor: pointer; font-size: 20px;"[39m
              [36m>[39m
                [0m★[0m
              [36m</div>[39m
            [36m</div>[39m
          [36m</div>[39m
          [36m<div[39m
            [33mclass[39m=[32m"awsui_root_18wu0_qxbam_934 awsui_box_18wu0_qxbam_172 awsui_m-bottom-xxxs_18wu0_qxbam_703 awsui_p-horizontal-s_18wu0_qxbam_524 awsui_p-vertical-xs_18wu0_qxbam_494 awsui_color-default_18wu0_qxbam_172 awsui_font-size-default_18wu0_qxbam_188 awsui_font-weight-default_18wu0_qxbam_228"[39m
          [36m>[39m
            [36m<div[39m
              [33mstyle[39m=[32m"display: flex; align-items: center; gap: 12px; cursor: pointer; padding: 8px; border-radius: 8px; transition: background-color 0.2s;"[39m
            [36m>[39m
              [36m<div[39m
                [33mclass[39m=[32m"menu-icon hover-highlight"[39m
              [36m>[39m
                [36m<div[39m
                  [33mclass[39m=[32m"usercontext-icon"[39m
                  [33mdata-identity-color[39m=[32m"red"[39m
                  [33mdata-identity-icon[39m=[32m"briefcase"[39m
                  [33mstyle[39m=[32m"width: 24px; height: 24px;"[39m
                [36m/>[39m
              [36m</div>[39m
              [36m<div[39m
                [33mstyle[39m=[32m"display: flex; flex-direction: column; flex: 1 1 0%; gap: 4px;"[39m
              [36m>[39m
                [36m<div[39m
                  [33mstyle[39m=[32m"display: flex; align-items: center; gap: 8px;"[39m
                [36m>[39m
                  [36m<div[39m
                    [33mclass[39m=[32m"awsui_root_18wu0_qxbam_934 awsui_box_18wu0_qxbam_172 awsui_color-default_18wu0_qxbam_172 awsui_font-size-body-m_18wu0_qxbam_342 awsui_font-weight-bold_18wu0_qxbam_381"[39m
                  [36m>[39m
                    [0mprofile2[0m
                  [36m</div>[39m
                  [36m<span[39m
                    [33mclass[39m=[32m"awsui_badge_1yjyg_12ixj_145 awsui_badge-color-blue_1yjyg_12ixj_197"[39m
                  [36m>[39m
                    [0mSSO[0m
                  [36m</span>[39m
                [36m</div>[39m
                [36m<div[39m
                  [33mclass[39m=[32m"awsui_root_18wu0_qxbam_934 awsui_box_18wu0_qxbam_172 awsui_color-text-body-secondary_18wu0_qxbam_316 awsui_font-size-body-s_18wu0_qxbam_337 awsui_font-weight-default_18wu0_qxbam_228"[39m
                [36m>[39m
                  [0m✓ Valid[0m
                [36m</div>[39m
              [36m</div>[39m
              [36m<div[39m
                [33mstyle[39m=[32m"padding: 6px 10px; cursor: pointer; font-size: 20px;"[39m
              [36m>[39m
                [0m☆[0m
              [36m</div>[39m
            [36m</div>[39m
          [36m</div>[39m
          [36m<div[39m
            [33mclass[39m=[32m"awsui_root_18wu0_qxbam_934 awsui_box_18wu0_qxbam_172 awsui_m-bottom-xxxs_18wu0_qxbam_703 awsui_p-horizontal-s_18wu0_qxbam_524 awsui_p-vertical-xs_18wu0_qxbam_494 awsui_color-default_18wu0_qxbam_172 awsui_font-size-default_18wu0_qxbam_188 awsui_font-weight-default_18wu0_qxbam_228"[39m
          [36m>[39m
            [36m<div[39m
              [33mstyle[39m=[32m"display: flex; align-items: center; gap: 12px; cursor: pointer; padding: 8px; border-radius: 8px; transition: background-color 0.2s;"[39m
            [36m>[39m
              [36m<div[39m
                [33mclass[39m=[32m"menu-icon hover-highlight"[39m
              [36m>[39m
                [36m<div[39m
                  [33mclass[39m=[32m"usercontext-icon"[39m
                  [33mdata-identity-color[39m=[32m"green"[39m
                  [33mdata-identity-icon[39m=[32m"cart"[39m
                  [33mstyle[39m=[32m"width: 24px; height: 24px;"[39m
                [36m/>[39m
              [36m</div>[39m
              [36m<div[39m
                [33mstyle[39m=[32m"display: flex; flex-direction: column; flex: 1 1 0%; gap: 4px;"[39m
              [36m>[39m
                [36m<div[39m
                  [33mstyle[39m=[32m"display: flex; align-items: center; gap: 8px;"[39m
                [36m>[39m
                  [36m<div[39m
                    [33mclass[39m=[32m"awsui_root_18wu0_qxbam_934 awsui_box_18wu0_qxbam_172 awsui_color-default_18wu0_qxbam_172 awsui_font-size-body-m_18wu0_qxbam_342 awsui_font-weight-bold_18wu0_qxbam_381"[39m
                  [36m>[39m
                    [0mprofile3[0m
                  [36m</div>[39m
                [36m</div>[39m
                [36m<div[39m
                  [33mclass[39m=[32m"awsui_root_18wu0_qxbam_934 awsui_box_18wu0_qxbam_172 awsui_color-text-status-error_18wu0_qxbam_319 awsui_font-size-body-s_18wu0_qxbam_337 awsui_font-weight-default_18wu0_qxbam_228"[39m
                [36m>[39m
                  [0m⚠️ Expired[0m
                [36m</div>[39m
              [36m</div>[39m
              [36m<div[39m
                [33mstyle[39m=[32m"padding: 6px 10px; cursor: pointer; font-size: 20px;"[39m
              [36m>[39m
                [0m★[0m
              [36m</div>[39m
            [36m</div>[39m
          [36m</div>[39m
        [36m</div>[39m
      [36m</div>[39m
    [36m</body>[39m

      75 |
      76 |             // ProfileItem should render favorite stars for profile1 and profile3
    > 77 |             const table = screen.getByRole("table");
         |                                  ^
      78 |             expect(table).toBeInTheDocument();
      79 |         });
      80 |

      at Object.getElementError (node_modules/@testing-library/dom/dist/config.js:37:19)
      at node_modules/@testing-library/dom/dist/query-helpers.js:76:38
      at node_modules/@testing-library/dom/dist/query-helpers.js:52:17
      at node_modules/@testing-library/dom/dist/query-helpers.js:95:19
      at Object.<anonymous> (src/popup/components/__tests__/ProfileList.test.tsx:77:34)

  ● ProfileList › Rendering › renders all profiles in a table

    expect(received).toBeInTheDocument()

    received value must be an HTMLElement or an SVGElement.
    Received has value: null

      90 |
      91 |             const table = container.querySelector("table.menu");
    > 92 |             expect(table).toBeInTheDocument();
         |                           ^
      93 |
      94 |             const rows = container.querySelectorAll("tbody tr");
      95 |             expect(rows).toHaveLength(3);

      at __EXTERNAL_MATCHER_TRAP__ (node_modules/expect/build/index.js:2240:22)
      at Object.throwingMatcher [as toBeInTheDocument] (node_modules/expect/build/index.js:2241:6)
      at Object.<anonymous> (src/popup/components/__tests__/ProfileList.test.tsx:92:27)

  ● ProfileList › Empty States › shows empty message in centered table cell

    expect(received).toHaveStyle()

    received value must be an HTMLElement or an SVGElement.
    Received has value: null

      138 |
      139 |             const cell = container.querySelector("td");
    > 140 |             expect(cell).toHaveStyle({ textAlign: "center" });
          |                          ^
      141 |         });
      142 |     });
      143 |

      at __EXTERNAL_MATCHER_TRAP__ (node_modules/expect/build/index.js:2240:22)
      at Object.throwingMatcher [as toHaveStyle] (node_modules/expect/build/index.js:2241:6)
      at Object.<anonymous> (src/popup/components/__tests__/ProfileList.test.tsx:140:26)

  ● ProfileList › User Interactions › calls onProfileClick when profile is clicked

    expect(received).toBeInTheDocument()

    received value must be an HTMLElement or an SVGElement.
    Received has value: null

      156 |
      157 |             const profileRow = screen.getByText("profile1").closest("tr");
    > 158 |             expect(profileRow).toBeInTheDocument();
          |                                ^
      159 |
      160 |             if (profileRow) {
      161 |                 await user.click(profileRow);

      at __EXTERNAL_MATCHER_TRAP__ (node_modules/expect/build/index.js:2240:22)
      at Object.throwingMatcher [as toBeInTheDocument] (node_modules/expect/build/index.js:2241:6)
      at src/popup/components/__tests__/ProfileList.test.tsx:158:32
      at step (src/popup/components/__tests__/ProfileList.test.tsx:37:23)
      at Object.next (src/popup/components/__tests__/ProfileList.test.tsx:18:53)
      at src/popup/components/__tests__/ProfileList.test.tsx:12:71
      at __awaiter (src/popup/components/__tests__/ProfileList.test.tsx:8:12)
      at Object.<anonymous> (src/popup/components/__tests__/ProfileList.test.tsx:145:60)

  ● ProfileList › User Interactions › calls onFavoriteToggle when favorite star is clicked

    TestingLibraryElementError: Unable to find an element with the text: ⭐. This could be because the text is broken up by multiple elements. In this case, you can provide a function for your text matcher to make your matcher more flexible.

    Ignored nodes: comments, script, style
    [36m<body>[39m
      [36m<div>[39m
        [36m<div[39m
          [33mid[39m=[32m"identities-list"[39m
          [33mstyle[39m=[32m"width: 100%;"[39m
        [36m>[39m
          [36m<div[39m
            [33mclass[39m=[32m"awsui_root_18wu0_qxbam_934 awsui_box_18wu0_qxbam_172 awsui_m-bottom-xxxs_18wu0_qxbam_703 awsui_p-horizontal-s_18wu0_qxbam_524 awsui_p-vertical-xs_18wu0_qxbam_494 awsui_color-default_18wu0_qxbam_172 awsui_font-size-default_18wu0_qxbam_188 awsui_font-weight-default_18wu0_qxbam_228"[39m
          [36m>[39m
            [36m<div[39m
              [33mstyle[39m=[32m"display: flex; align-items: center; gap: 12px; cursor: pointer; padding: 8px; border-radius: 8px; transition: background-color 0.2s;"[39m
            [36m>[39m
              [36m<div[39m
                [33mclass[39m=[32m"menu-icon hover-highlight"[39m
              [36m>[39m
                [36m<div[39m
                  [33mclass[39m=[32m"usercontext-icon"[39m
                  [33mdata-identity-color[39m=[32m"blue"[39m
                  [33mdata-identity-icon[39m=[32m"fingerprint"[39m
                  [33mstyle[39m=[32m"width: 24px; height: 24px;"[39m
                [36m/>[39m
              [36m</div>[39m
              [36m<div[39m
                [33mstyle[39m=[32m"display: flex; flex-direction: column; flex: 1 1 0%; gap: 4px;"[39m
              [36m>[39m
                [36m<div[39m
                  [33mstyle[39m=[32m"display: flex; align-items: center; gap: 8px;"[39m
                [36m>[39m
                  [36m<div[39m
                    [33mclass[39m=[32m"awsui_root_18wu0_qxbam_934 awsui_box_18wu0_qxbam_172 awsui_color-default_18wu0_qxbam_172 awsui_font-size-body-m_18wu0_qxbam_342 awsui_font-weight-bold_18wu0_qxbam_381"[39m
                  [36m>[39m
                    [0mprofile1[0m
                  [36m</div>[39m
                [36m</div>[39m
              [36m</div>[39m
              [36m<div[39m
                [33mstyle[39m=[32m"padding: 6px 10px; cursor: pointer; font-size: 20px;"[39m
              [36m>[39m
                [0m★[0m
              [36m</div>[39m
            [36m</div>[39m
          [36m</div>[39m
          [36m<div[39m
            [33mclass[39m=[32m"awsui_root_18wu0_qxbam_934 awsui_box_18wu0_qxbam_172 awsui_m-bottom-xxxs_18wu0_qxbam_703 awsui_p-horizontal-s_18wu0_qxbam_524 awsui_p-vertical-xs_18wu0_qxbam_494 awsui_color-default_18wu0_qxbam_172 awsui_font-size-default_18wu0_qxbam_188 awsui_font-weight-default_18wu0_qxbam_228"[39m
          [36m>[39m
            [36m<div[39m
              [33mstyle[39m=[32m"display: flex; align-items: center; gap: 12px; cursor: pointer; padding: 8px; border-radius: 8px; transition: background-color 0.2s;"[39m
            [36m>[39m
              [36m<div[39m
                [33mclass[39m=[32m"menu-icon hover-highlight"[39m
              [36m>[39m
                [36m<div[39m
                  [33mclass[39m=[32m"usercontext-icon"[39m
                  [33mdata-identity-color[39m=[32m"red"[39m
                  [33mdata-identity-icon[39m=[32m"briefcase"[39m
                  [33mstyle[39m=[32m"width: 24px; height: 24px;"[39m
                [36m/>[39m
              [36m</div>[39m
              [36m<div[39m
                [33mstyle[39m=[32m"display: flex; flex-direction: column; flex: 1 1 0%; gap: 4px;"[39m
              [36m>[39m
                [36m<div[39m
                  [33mstyle[39m=[32m"display: flex; align-items: center; gap: 8px;"[39m
                [36m>[39m
                  [36m<div[39m
                    [33mclass[39m=[32m"awsui_root_18wu0_qxbam_934 awsui_box_18wu0_qxbam_172 awsui_color-default_18wu0_qxbam_172 awsui_font-size-body-m_18wu0_qxbam_342 awsui_font-weight-bold_18wu0_qxbam_381"[39m
                  [36m>[39m
                    [0mprofile2[0m
                  [36m</div>[39m
                  [36m<span[39m
                    [33mclass[39m=[32m"awsui_badge_1yjyg_12ixj_145 awsui_badge-color-blue_1yjyg_12ixj_197"[39m
                  [36m>[39m
                    [0mSSO[0m
                  [36m</span>[39m
                [36m</div>[39m
                [36m<div[39m
                  [33mclass[39m=[32m"awsui_root_18wu0_qxbam_934 awsui_box_18wu0_qxbam_172 awsui_color-text-body-secondary_18wu0_qxbam_316 awsui_font-size-body-s_18wu0_qxbam_337 awsui_font-weight-default_18wu0_qxbam_228"[39m
                [36m>[39m
                  [0m✓ Valid[0m
                [36m</div>[39m
              [36m</div>[39m
              [36m<div[39m
                [33mstyle[39m=[32m"padding: 6px 10px; cursor: pointer; font-size: 20px;"[39m
              [36m>[39m
                [0m☆[0m
              [36m</div>[39m
            [36m</div>[39m
          [36m</div>[39m
          [36m<div[39m
            [33mclass[39m=[32m"awsui_root_18wu0_qxbam_934 awsui_box_18wu0_qxbam_172 awsui_m-bottom-xxxs_18wu0_qxbam_703 awsui_p-horizontal-s_18wu0_qxbam_524 awsui_p-vertical-xs_18wu0_qxbam_494 awsui_color-default_18wu0_qxbam_172 awsui_font-size-default_18wu0_qxbam_188 awsui_font-weight-default_18wu0_qxbam_228"[39m
          [36m>[39m
            [36m<div[39m
              [33mstyle[39m=[32m"display: flex; align-items: center; gap: 12px; cursor: pointer; padding: 8px; border-radius: 8px; transition: background-color 0.2s;"[39m
            [36m>[39m
              [36m<div[39m
                [33mclass[39m=[32m"menu-icon hover-highlight"[39m
              [36m>[39m
                [36m<div[39m
                  [33mclass[39m=[32m"usercontext-icon"[39m
                  [33mdata-identity-color[39m=[32m"green"[39m
                  [33mdata-identity-icon[39m=[32m"cart"[39m
                  [33mstyle[39m=[32m"width: 24px; height: 24px;"[39m
                [36m/>[39m
              [36m</div>[39m
              [36m<div[39m
                [33mstyle[39m=[32m"display: flex; flex-direction: column; flex: 1 1 0%; gap: 4px;"[39m
              [36m>[39m
                [36m<div[39m
                  [33mstyle[39m=[32m"display: flex; align-items: center; gap: 8px;"[39m
                [36m>[39m
                  [36m<div[39m
                    [33mclass[39m=[32m"awsui_root_18wu0_qxbam_934 awsui_box_18wu0_qxbam_172 awsui_color-default_18wu0_qxbam_172 awsui_font-size-body-m_18wu0_qxbam_342 awsui_font-weight-bold_18wu0_qxbam_381"[39m
                  [36m>[39m
                    [0mprofile3[0m
                  [36m</div>[39m
                [36m</div>[39m
                [36m<div[39m
                  [33mclass[39m=[32m"awsui_root_18wu0_qxbam_934 awsui_box_18wu0_qxbam_172 awsui_color-text-status-error_18wu0_qxbam_319 awsui_font-size-body-s_18wu0_qxbam_337 awsui_font-weight-default_18wu0_qxbam_228"[39m
                [36m>[39m
                  [0m⚠️ Expired[0m
                [36m</div>[39m
              [36m</div>[39m
              [36m<div[39m
                [33mstyle[39m=[32m"padding: 6px 10px; cursor: pointer; font-size: 20px;"[39m
              [36m>[39m
                [0m☆[0m
              [36m</div>[39m
            [36m</div>[39m
          [36m</div>[39m
        [36m</div>[39m
      [36m</div>[39m
    [36m</body>[39m

      178 |
      179 |             // Find the favorite star button
    > 180 |             const stars = screen.getAllByText("⭐");
          |                                  ^
      181 |             expect(stars.length).toBeGreaterThan(0);
      182 |
      183 |             // Click the first star (for profile1)

      at Object.getElementError (node_modules/@testing-library/dom/dist/config.js:37:19)
      at node_modules/@testing-library/dom/dist/query-helpers.js:76:38
      at node_modules/@testing-library/dom/dist/query-helpers.js:109:15
      at src/popup/components/__tests__/ProfileList.test.tsx:180:34
      at step (src/popup/components/__tests__/ProfileList.test.tsx:37:23)
      at Object.next (src/popup/components/__tests__/ProfileList.test.tsx:18:53)
      at src/popup/components/__tests__/ProfileList.test.tsx:12:71
      at __awaiter (src/popup/components/__tests__/ProfileList.test.tsx:8:12)
      at Object.<anonymous> (src/popup/components/__tests__/ProfileList.test.tsx:167:68)

  ● ProfileList › User Interactions › renders correct number of ProfileItem components

    expect(received).toHaveLength(expected)

    Expected length: 3
    Received length: 0
    Received object: []

      198 |
      199 |             const rows = container.querySelectorAll(".menu-item");
    > 200 |             expect(rows).toHaveLength(3);
          |                          ^
      201 |         });
      202 |     });
      203 |

      at Object.<anonymous> (src/popup/components/__tests__/ProfileList.test.tsx:200:26)

  ● ProfileList › Props Handling › passes correct isFavorite prop to ProfileItem

    expect(received).toBeInTheDocument()

    received value must be an HTMLElement or an SVGElement.
    Received has value: null

      217 |             // Profile2 should have a filled star
      218 |             const profile2Row = screen.getByText("profile2").closest("tr");
    > 219 |             expect(profile2Row).toBeInTheDocument();
          |                                 ^
      220 |         });
      221 |
      222 |         it("renders with no favorites", () => {

      at __EXTERNAL_MATCHER_TRAP__ (node_modules/expect/build/index.js:2240:22)
      at Object.throwingMatcher [as toBeInTheDocument] (node_modules/expect/build/index.js:2241:6)
      at Object.<anonymous> (src/popup/components/__tests__/ProfileList.test.tsx:219:33)

  ● ProfileList › Props Handling › renders with all profiles favorited

    TestingLibraryElementError: Unable to find an element with the text: ⭐. This could be because the text is broken up by multiple elements. In this case, you can provide a function for your text matcher to make your matcher more flexible.

    Ignored nodes: comments, script, style
    [36m<body>[39m
      [36m<div>[39m
        [36m<div[39m
          [33mid[39m=[32m"identities-list"[39m
          [33mstyle[39m=[32m"width: 100%;"[39m
        [36m>[39m
          [36m<div[39m
            [33mclass[39m=[32m"awsui_root_18wu0_qxbam_934 awsui_box_18wu0_qxbam_172 awsui_m-bottom-xxxs_18wu0_qxbam_703 awsui_p-horizontal-s_18wu0_qxbam_524 awsui_p-vertical-xs_18wu0_qxbam_494 awsui_color-default_18wu0_qxbam_172 awsui_font-size-default_18wu0_qxbam_188 awsui_font-weight-default_18wu0_qxbam_228"[39m
          [36m>[39m
            [36m<div[39m
              [33mstyle[39m=[32m"display: flex; align-items: center; gap: 12px; cursor: pointer; padding: 8px; border-radius: 8px; transition: background-color 0.2s;"[39m
            [36m>[39m
              [36m<div[39m
                [33mclass[39m=[32m"menu-icon hover-highlight"[39m
              [36m>[39m
                [36m<div[39m
                  [33mclass[39m=[32m"usercontext-icon"[39m
                  [33mdata-identity-color[39m=[32m"blue"[39m
                  [33mdata-identity-icon[39m=[32m"fingerprint"[39m
                  [33mstyle[39m=[32m"width: 24px; height: 24px;"[39m
                [36m/>[39m
              [36m</div>[39m
              [36m<div[39m
                [33mstyle[39m=[32m"display: flex; flex-direction: column; flex: 1 1 0%; gap: 4px;"[39m
              [36m>[39m
                [36m<div[39m
                  [33mstyle[39m=[32m"display: flex; align-items: center; gap: 8px;"[39m
                [36m>[39m
                  [36m<div[39m
                    [33mclass[39m=[32m"awsui_root_18wu0_qxbam_934 awsui_box_18wu0_qxbam_172 awsui_color-default_18wu0_qxbam_172 awsui_font-size-body-m_18wu0_qxbam_342 awsui_font-weight-bold_18wu0_qxbam_381"[39m
                  [36m>[39m
                    [0mprofile1[0m
                  [36m</div>[39m
                [36m</div>[39m
              [36m</div>[39m
              [36m<div[39m
                [33mstyle[39m=[32m"padding: 6px 10px; cursor: pointer; font-size: 20px;"[39m
              [36m>[39m
                [0m★[0m
              [36m</div>[39m
            [36m</div>[39m
          [36m</div>[39m
          [36m<div[39m
            [33mclass[39m=[32m"awsui_root_18wu0_qxbam_934 awsui_box_18wu0_qxbam_172 awsui_m-bottom-xxxs_18wu0_qxbam_703 awsui_p-horizontal-s_18wu0_qxbam_524 awsui_p-vertical-xs_18wu0_qxbam_494 awsui_color-default_18wu0_qxbam_172 awsui_font-size-default_18wu0_qxbam_188 awsui_font-weight-default_18wu0_qxbam_228"[39m
          [36m>[39m
            [36m<div[39m
              [33mstyle[39m=[32m"display: flex; align-items: center; gap: 12px; cursor: pointer; padding: 8px; border-radius: 8px; transition: background-color 0.2s;"[39m
            [36m>[39m
              [36m<div[39m
                [33mclass[39m=[32m"menu-icon hover-highlight"[39m
              [36m>[39m
                [36m<div[39m
                  [33mclass[39m=[32m"usercontext-icon"[39m
                  [33mdata-identity-color[39m=[32m"red"[39m
                  [33mdata-identity-icon[39m=[32m"briefcase"[39m
                  [33mstyle[39m=[32m"width: 24px; height: 24px;"[39m
                [36m/>[39m
              [36m</div>[39m
              [36m<div[39m
                [33mstyle[39m=[32m"display: flex; flex-direction: column; flex: 1 1 0%; gap: 4px;"[39m
              [36m>[39m
                [36m<div[39m
                  [33mstyle[39m=[32m"display: flex; align-items: center; gap: 8px;"[39m
                [36m>[39m
                  [36m<div[39m
                    [33mclass[39m=[32m"awsui_root_18wu0_qxbam_934 awsui_box_18wu0_qxbam_172 awsui_color-default_18wu0_qxbam_172 awsui_font-size-body-m_18wu0_qxbam_342 awsui_font-weight-bold_18wu0_qxbam_381"[39m
                  [36m>[39m
                    [0mprofile2[0m
                  [36m</div>[39m
                  [36m<span[39m
                    [33mclass[39m=[32m"awsui_badge_1yjyg_12ixj_145 awsui_badge-color-blue_1yjyg_12ixj_197"[39m
                  [36m>[39m
                    [0mSSO[0m
                  [36m</span>[39m
                [36m</div>[39m
                [36m<div[39m
                  [33mclass[39m=[32m"awsui_root_18wu0_qxbam_934 awsui_box_18wu0_qxbam_172 awsui_color-text-body-secondary_18wu0_qxbam_316 awsui_font-size-body-s_18wu0_qxbam_337 awsui_font-weight-default_18wu0_qxbam_228"[39m
                [36m>[39m
                  [0m✓ Valid[0m
                [36m</div>[39m
              [36m</div>[39m
              [36m<div[39m
                [33mstyle[39m=[32m"padding: 6px 10px; cursor: pointer; font-size: 20px;"[39m
              [36m>[39m
                [0m★[0m
              [36m</div>[39m
            [36m</div>[39m
          [36m</div>[39m
          [36m<div[39m
            [33mclass[39m=[32m"awsui_root_18wu0_qxbam_934 awsui_box_18wu0_qxbam_172 awsui_m-bottom-xxxs_18wu0_qxbam_703 awsui_p-horizontal-s_18wu0_qxbam_524 awsui_p-vertical-xs_18wu0_qxbam_494 awsui_color-default_18wu0_qxbam_172 awsui_font-size-default_18wu0_qxbam_188 awsui_font-weight-default_18wu0_qxbam_228"[39m
          [36m>[39m
            [36m<div[39m
              [33mstyle[39m=[32m"display: flex; align-items: center; gap: 12px; cursor: pointer; padding: 8px; border-radius: 8px; transition: background-color 0.2s;"[39m
            [36m>[39m
              [36m<div[39m
                [33mclass[39m=[32m"menu-icon hover-highlight"[39m
              [36m>[39m
                [36m<div[39m
                  [33mclass[39m=[32m"usercontext-icon"[39m
                  [33mdata-identity-color[39m=[32m"green"[39m
                  [33mdata-identity-icon[39m=[32m"cart"[39m
                  [33mstyle[39m=[32m"width: 24px; height: 24px;"[39m
                [36m/>[39m
              [36m</div>[39m
              [36m<div[39m
                [33mstyle[39m=[32m"display: flex; flex-direction: column; flex: 1 1 0%; gap: 4px;"[39m
              [36m>[39m
                [36m<div[39m
                  [33mstyle[39m=[32m"display: flex; align-items: center; gap: 8px;"[39m
                [36m>[39m
                  [36m<div[39m
                    [33mclass[39m=[32m"awsui_root_18wu0_qxbam_934 awsui_box_18wu0_qxbam_172 awsui_color-default_18wu0_qxbam_172 awsui_font-size-body-m_18wu0_qxbam_342 awsui_font-weight-bold_18wu0_qxbam_381"[39m
                  [36m>[39m
                    [0mprofile3[0m
                  [36m</div>[39m
                [36m</div>[39m
                [36m<div[39m
                  [33mclass[39m=[32m"awsui_root_18wu0_qxbam_934 awsui_box_18wu0_qxbam_172 awsui_color-text-status-error_18wu0_qxbam_319 awsui_font-size-body-s_18wu0_qxbam_337 awsui_font-weight-default_18wu0_qxbam_228"[39m
                [36m>[39m
                  [0m⚠️ Expired[0m
                [36m</div>[39m
              [36m</div>[39m
              [36m<div[39m
                [33mstyle[39m=[32m"padding: 6px 10px; cursor: pointer; font-size: 20px;"[39m
              [36m>[39m
                [0m★[0m
              [36m</div>[39m
            [36m</div>[39m
          [36m</div>[39m
        [36m</div>[39m
      [36m</div>[39m
    [36m</body>[39m

      248 |
      249 |             // Should render filled stars for all profiles
    > 250 |             const filledStars = screen.getAllByText("⭐");
          |                                        ^
      251 |             expect(filledStars).toHaveLength(3);
      252 |         });
      253 |     });

      at Object.getElementError (node_modules/@testing-library/dom/dist/config.js:37:19)
      at node_modules/@testing-library/dom/dist/query-helpers.js:76:38
      at node_modules/@testing-library/dom/dist/query-helpers.js:109:15
      at Object.<anonymous> (src/popup/components/__tests__/ProfileList.test.tsx:250:40)

  ● ProfileList › Table Structure › renders table with correct class names

    expect(received).toBeInTheDocument()

    received value must be an HTMLElement or an SVGElement.
    Received has value: null

      265 |
      266 |             const table = container.querySelector("table.menu#identities-list");
    > 267 |             expect(table).toBeInTheDocument();
          |                           ^
      268 |             expect(table).toHaveStyle({ width: "100%" });
      269 |         });
      270 |

      at __EXTERNAL_MATCHER_TRAP__ (node_modules/expect/build/index.js:2240:22)
      at Object.throwingMatcher [as toBeInTheDocument] (node_modules/expect/build/index.js:2241:6)
      at Object.<anonymous> (src/popup/components/__tests__/ProfileList.test.tsx:267:27)

  ● ProfileList › Table Structure › renders tbody element

    expect(received).toBeInTheDocument()

    received value must be an HTMLElement or an SVGElement.
    Received has value: null

      280 |
      281 |             const tbody = container.querySelector("tbody");
    > 282 |             expect(tbody).toBeInTheDocument();
          |                           ^
      283 |         });
      284 |     });
      285 |

      at __EXTERNAL_MATCHER_TRAP__ (node_modules/expect/build/index.js:2240:22)
      at Object.throwingMatcher [as toBeInTheDocument] (node_modules/expect/build/index.js:2241:6)
      at Object.<anonymous> (src/popup/components/__tests__/ProfileList.test.tsx:282:27)

FAIL src/popup/components/__tests__/ProfileItem.performance.test.tsx (10.058 s)
  ● Console

    console.error
      In HTML, <button> cannot be a child of <tbody>.
      This will cause a hydration error.
      
        <TestWrapper>
          <table>
      >     <tbody>
      >       <button onClick={function onClick}>
              ...

      52 |         }
      53 |
    > 54 |         const { rerender } = render(<TestWrapper />);
         |                                    ^
      55 |
      56 |         // Initial render
      57 |         expect(screen.getByText('test-profile')).toBeInTheDocument();

      at validateDOMNesting (node_modules/react-dom/cjs/react-dom-client.development.js:2598:19)
      at completeWork (node_modules/react-dom/cjs/react-dom-client.development.js:12556:15)
      at runWithFiberInDEV (node_modules/react-dom/cjs/react-dom-client.development.js:874:13)
      at completeUnitOfWork (node_modules/react-dom/cjs/react-dom-client.development.js:17777:19)
      at performUnitOfWork (node_modules/react-dom/cjs/react-dom-client.development.js:17658:11)
      at workLoopSync (node_modules/react-dom/cjs/react-dom-client.development.js:17469:41)
      at renderRootSync (node_modules/react-dom/cjs/react-dom-client.development.js:17450:11)
      at performWorkOnRoot (node_modules/react-dom/cjs/react-dom-client.development.js:16504:11)
      at performWorkOnRootViaSchedulerTask (node_modules/react-dom/cjs/react-dom-client.development.js:18957:7)
      at flushActQueue (node_modules/react/cjs/react.development.js:590:34)
      at process.env.NODE_ENV.exports.act (node_modules/react/cjs/react.development.js:884:10)
      at node_modules/@testing-library/react/dist/act-compat.js:47:25
      at renderRoot (node_modules/@testing-library/react/dist/pure.js:190:26)
      at render (node_modules/@testing-library/react/dist/pure.js:292:10)
      at Object.<anonymous> (src/popup/components/__tests__/ProfileItem.performance.test.tsx:54:36)

    console.error
      In HTML, <div> cannot be a child of <tbody>.
      This will cause a hydration error.
      
        <TestWrapper>
          <table>
      >     <tbody>
              <button>
      >       <div data-testid="counter">
              ...

      52 |         }
      53 |
    > 54 |         const { rerender } = render(<TestWrapper />);
         |                                    ^
      55 |
      56 |         // Initial render
      57 |         expect(screen.getByText('test-profile')).toBeInTheDocument();

      at validateDOMNesting (node_modules/react-dom/cjs/react-dom-client.development.js:2598:19)
      at completeWork (node_modules/react-dom/cjs/react-dom-client.development.js:12556:15)
      at runWithFiberInDEV (node_modules/react-dom/cjs/react-dom-client.development.js:874:13)
      at completeUnitOfWork (node_modules/react-dom/cjs/react-dom-client.development.js:17777:19)
      at performUnitOfWork (node_modules/react-dom/cjs/react-dom-client.development.js:17658:11)
      at workLoopSync (node_modules/react-dom/cjs/react-dom-client.development.js:17469:41)
      at renderRootSync (node_modules/react-dom/cjs/react-dom-client.development.js:17450:11)
      at performWorkOnRoot (node_modules/react-dom/cjs/react-dom-client.development.js:16504:11)
      at performWorkOnRootViaSchedulerTask (node_modules/react-dom/cjs/react-dom-client.development.js:18957:7)
      at flushActQueue (node_modules/react/cjs/react.development.js:590:34)
      at process.env.NODE_ENV.exports.act (node_modules/react/cjs/react.development.js:884:10)
      at node_modules/@testing-library/react/dist/act-compat.js:47:25
      at renderRoot (node_modules/@testing-library/react/dist/pure.js:190:26)
      at render (node_modules/@testing-library/react/dist/pure.js:292:10)
      at Object.<anonymous> (src/popup/components/__tests__/ProfileItem.performance.test.tsx:54:36)

    console.error
      An update to TestWrapper inside a test was not wrapped in act(...).
      
      When testing, code that causes React state updates should be wrapped into act(...):
      
      act(() => {
        /* fire events that update state */
      });
      /* assert on the output */
      
      This ensures that you're testing the behavior the user would see in the browser. Learn more at https://react.dev/link/wrap-tests-with-act

      39 |                 <table>
      40 |                     <tbody>
    > 41 |                         <button onClick={() => setCounter(c => c + 1)}>Increment</button>
         |                                                ^
      42 |                         <div data-testid="counter">{counter}</div>
      43 |                         <ProfileItem
      44 |                             profile={mockProfile}

      at node_modules/react-dom/cjs/react-dom-client.development.js:18758:19
      at runWithFiberInDEV (node_modules/react-dom/cjs/react-dom-client.development.js:874:13)
      at warnIfUpdatesNotWrappedWithActDEV (node_modules/react-dom/cjs/react-dom-client.development.js:18757:9)
      at scheduleUpdateOnFiber (node_modules/react-dom/cjs/react-dom-client.development.js:16409:11)
      at dispatchSetStateInternal (node_modules/react-dom/cjs/react-dom-client.development.js:9170:13)
      at dispatchSetState (node_modules/react-dom/cjs/react-dom-client.development.js:9127:7)
      at onClick (src/popup/components/__tests__/ProfileItem.performance.test.tsx:41:48)
      at executeDispatch (node_modules/react-dom/cjs/react-dom-client.development.js:19116:9)
      at runWithFiberInDEV (node_modules/react-dom/cjs/react-dom-client.development.js:874:13)
      at processDispatchQueue (node_modules/react-dom/cjs/react-dom-client.development.js:19166:19)
      at node_modules/react-dom/cjs/react-dom-client.development.js:19767:9
      at batchedUpdates$1 (node_modules/react-dom/cjs/react-dom-client.development.js:3255:40)
      at dispatchEventForPluginEventSystem (node_modules/react-dom/cjs/react-dom-client.development.js:19320:7)
      at dispatchEvent (node_modules/react-dom/cjs/react-dom-client.development.js:23585:11)
      at dispatchDiscreteEvent (node_modules/react-dom/cjs/react-dom-client.development.js:23553:11)
      at HTMLDivElement.callTheUserObjectsOperation (node_modules/jsdom/lib/jsdom/living/generated/EventListener.js:26:30)
      at innerInvokeEventListeners (node_modules/jsdom/lib/jsdom/living/events/EventTarget-impl.js:350:25)
      at invokeEventListeners (node_modules/jsdom/lib/jsdom/living/events/EventTarget-impl.js:286:3)
      at HTMLButtonElementImpl._dispatch (node_modules/jsdom/lib/jsdom/living/events/EventTarget-impl.js:233:9)
      at fireAnEvent (node_modules/jsdom/lib/jsdom/living/helpers/events.js:18:36)
      at HTMLButtonElementImpl.click (node_modules/jsdom/lib/jsdom/living/nodes/HTMLElement-impl.js:85:5)
      at HTMLButtonElement.click (node_modules/jsdom/lib/jsdom/living/generated/HTMLElement.js:108:34)
      at Object.<anonymous> (src/popup/components/__tests__/ProfileItem.performance.test.tsx:61:16)

    console.error
      An update to TestWrapper inside a test was not wrapped in act(...).
      
      When testing, code that causes React state updates should be wrapped into act(...):
      
      act(() => {
        /* fire events that update state */
      });
      /* assert on the output */
      
      This ensures that you're testing the behavior the user would see in the browser. Learn more at https://react.dev/link/wrap-tests-with-act

      321 |             return (
      322 |                 <>
    > 323 |                     <button onClick={() => setCounter(c => c + 1)}>Update</button>
          |                                            ^
      324 |                     <table>
      325 |                         <tbody>
      326 |                             {profiles.map(profile => (

      at node_modules/react-dom/cjs/react-dom-client.development.js:18758:19
      at runWithFiberInDEV (node_modules/react-dom/cjs/react-dom-client.development.js:874:13)
      at warnIfUpdatesNotWrappedWithActDEV (node_modules/react-dom/cjs/react-dom-client.development.js:18757:9)
      at scheduleUpdateOnFiber (node_modules/react-dom/cjs/react-dom-client.development.js:16409:11)
      at dispatchSetStateInternal (node_modules/react-dom/cjs/react-dom-client.development.js:9170:13)
      at dispatchSetState (node_modules/react-dom/cjs/react-dom-client.development.js:9127:7)
      at onClick (src/popup/components/__tests__/ProfileItem.performance.test.tsx:323:44)
      at executeDispatch (node_modules/react-dom/cjs/react-dom-client.development.js:19116:9)
      at runWithFiberInDEV (node_modules/react-dom/cjs/react-dom-client.development.js:874:13)
      at processDispatchQueue (node_modules/react-dom/cjs/react-dom-client.development.js:19166:19)
      at node_modules/react-dom/cjs/react-dom-client.development.js:19767:9
      at batchedUpdates$1 (node_modules/react-dom/cjs/react-dom-client.development.js:3255:40)
      at dispatchEventForPluginEventSystem (node_modules/react-dom/cjs/react-dom-client.development.js:19320:7)
      at dispatchEvent (node_modules/react-dom/cjs/react-dom-client.development.js:23585:11)
      at dispatchDiscreteEvent (node_modules/react-dom/cjs/react-dom-client.development.js:23553:11)
      at HTMLDivElement.callTheUserObjectsOperation (node_modules/jsdom/lib/jsdom/living/generated/EventListener.js:26:30)
      at innerInvokeEventListeners (node_modules/jsdom/lib/jsdom/living/events/EventTarget-impl.js:350:25)
      at invokeEventListeners (node_modules/jsdom/lib/jsdom/living/events/EventTarget-impl.js:286:3)
      at HTMLButtonElementImpl._dispatch (node_modules/jsdom/lib/jsdom/living/events/EventTarget-impl.js:233:9)
      at fireAnEvent (node_modules/jsdom/lib/jsdom/living/helpers/events.js:18:36)
      at HTMLButtonElementImpl.click (node_modules/jsdom/lib/jsdom/living/nodes/HTMLElement-impl.js:85:5)
      at HTMLButtonElement.click (node_modules/jsdom/lib/jsdom/living/generated/HTMLElement.js:108:34)
      at Object.<anonymous> (src/popup/components/__tests__/ProfileItem.performance.test.tsx:350:20)

    console.error
      An update to TestWrapper inside a test was not wrapped in act(...).
      
      When testing, code that causes React state updates should be wrapped into act(...):
      
      act(() => {
        /* fire events that update state */
      });
      /* assert on the output */
      
      This ensures that you're testing the behavior the user would see in the browser. Learn more at https://react.dev/link/wrap-tests-with-act

      321 |             return (
      322 |                 <>
    > 323 |                     <button onClick={() => setCounter(c => c + 1)}>Update</button>
          |                                            ^
      324 |                     <table>
      325 |                         <tbody>
      326 |                             {profiles.map(profile => (

      at node_modules/react-dom/cjs/react-dom-client.development.js:18758:19
      at runWithFiberInDEV (node_modules/react-dom/cjs/react-dom-client.development.js:874:13)
      at warnIfUpdatesNotWrappedWithActDEV (node_modules/react-dom/cjs/react-dom-client.development.js:18757:9)
      at scheduleUpdateOnFiber (node_modules/react-dom/cjs/react-dom-client.development.js:16409:11)
      at dispatchSetStateInternal (node_modules/react-dom/cjs/react-dom-client.development.js:9170:13)
      at dispatchSetState (node_modules/react-dom/cjs/react-dom-client.development.js:9127:7)
      at onClick (src/popup/components/__tests__/ProfileItem.performance.test.tsx:323:44)
      at executeDispatch (node_modules/react-dom/cjs/react-dom-client.development.js:19116:9)
      at runWithFiberInDEV (node_modules/react-dom/cjs/react-dom-client.development.js:874:13)
      at processDispatchQueue (node_modules/react-dom/cjs/react-dom-client.development.js:19166:19)
      at node_modules/react-dom/cjs/react-dom-client.development.js:19767:9
      at batchedUpdates$1 (node_modules/react-dom/cjs/react-dom-client.development.js:3255:40)
      at dispatchEventForPluginEventSystem (node_modules/react-dom/cjs/react-dom-client.development.js:19320:7)
      at dispatchEvent (node_modules/react-dom/cjs/react-dom-client.development.js:23585:11)
      at dispatchDiscreteEvent (node_modules/react-dom/cjs/react-dom-client.development.js:23553:11)
      at HTMLDivElement.callTheUserObjectsOperation (node_modules/jsdom/lib/jsdom/living/generated/EventListener.js:26:30)
      at innerInvokeEventListeners (node_modules/jsdom/lib/jsdom/living/events/EventTarget-impl.js:350:25)
      at invokeEventListeners (node_modules/jsdom/lib/jsdom/living/events/EventTarget-impl.js:286:3)
      at HTMLButtonElementImpl._dispatch (node_modules/jsdom/lib/jsdom/living/events/EventTarget-impl.js:233:9)
      at fireAnEvent (node_modules/jsdom/lib/jsdom/living/helpers/events.js:18:36)
      at HTMLButtonElementImpl.click (node_modules/jsdom/lib/jsdom/living/nodes/HTMLElement-impl.js:85:5)
      at HTMLButtonElement.click (node_modules/jsdom/lib/jsdom/living/generated/HTMLElement.js:108:34)
      at Object.<anonymous> (src/popup/components/__tests__/ProfileItem.performance.test.tsx:350:20)

    console.error
      An update to TestWrapper inside a test was not wrapped in act(...).
      
      When testing, code that causes React state updates should be wrapped into act(...):
      
      act(() => {
        /* fire events that update state */
      });
      /* assert on the output */
      
      This ensures that you're testing the behavior the user would see in the browser. Learn more at https://react.dev/link/wrap-tests-with-act

      321 |             return (
      322 |                 <>
    > 323 |                     <button onClick={() => setCounter(c => c + 1)}>Update</button>
          |                                            ^
      324 |                     <table>
      325 |                         <tbody>
      326 |                             {profiles.map(profile => (

      at node_modules/react-dom/cjs/react-dom-client.development.js:18758:19
      at runWithFiberInDEV (node_modules/react-dom/cjs/react-dom-client.development.js:874:13)
      at warnIfUpdatesNotWrappedWithActDEV (node_modules/react-dom/cjs/react-dom-client.development.js:18757:9)
      at scheduleUpdateOnFiber (node_modules/react-dom/cjs/react-dom-client.development.js:16409:11)
      at dispatchSetStateInternal (node_modules/react-dom/cjs/react-dom-client.development.js:9170:13)
      at dispatchSetState (node_modules/react-dom/cjs/react-dom-client.development.js:9127:7)
      at onClick (src/popup/components/__tests__/ProfileItem.performance.test.tsx:323:44)
      at executeDispatch (node_modules/react-dom/cjs/react-dom-client.development.js:19116:9)
      at runWithFiberInDEV (node_modules/react-dom/cjs/react-dom-client.development.js:874:13)
      at processDispatchQueue (node_modules/react-dom/cjs/react-dom-client.development.js:19166:19)
      at node_modules/react-dom/cjs/react-dom-client.development.js:19767:9
      at batchedUpdates$1 (node_modules/react-dom/cjs/react-dom-client.development.js:3255:40)
      at dispatchEventForPluginEventSystem (node_modules/react-dom/cjs/react-dom-client.development.js:19320:7)
      at dispatchEvent (node_modules/react-dom/cjs/react-dom-client.development.js:23585:11)
      at dispatchDiscreteEvent (node_modules/react-dom/cjs/react-dom-client.development.js:23553:11)
      at HTMLDivElement.callTheUserObjectsOperation (node_modules/jsdom/lib/jsdom/living/generated/EventListener.js:26:30)
      at innerInvokeEventListeners (node_modules/jsdom/lib/jsdom/living/events/EventTarget-impl.js:350:25)
      at invokeEventListeners (node_modules/jsdom/lib/jsdom/living/events/EventTarget-impl.js:286:3)
      at HTMLButtonElementImpl._dispatch (node_modules/jsdom/lib/jsdom/living/events/EventTarget-impl.js:233:9)
      at fireAnEvent (node_modules/jsdom/lib/jsdom/living/helpers/events.js:18:36)
      at HTMLButtonElementImpl.click (node_modules/jsdom/lib/jsdom/living/nodes/HTMLElement-impl.js:85:5)
      at HTMLButtonElement.click (node_modules/jsdom/lib/jsdom/living/generated/HTMLElement.js:108:34)
      at Object.<anonymous> (src/popup/components/__tests__/ProfileItem.performance.test.tsx:350:20)

    console.error
      An update to TestWrapper inside a test was not wrapped in act(...).
      
      When testing, code that causes React state updates should be wrapped into act(...):
      
      act(() => {
        /* fire events that update state */
      });
      /* assert on the output */
      
      This ensures that you're testing the behavior the user would see in the browser. Learn more at https://react.dev/link/wrap-tests-with-act

      321 |             return (
      322 |                 <>
    > 323 |                     <button onClick={() => setCounter(c => c + 1)}>Update</button>
          |                                            ^
      324 |                     <table>
      325 |                         <tbody>
      326 |                             {profiles.map(profile => (

      at node_modules/react-dom/cjs/react-dom-client.development.js:18758:19
      at runWithFiberInDEV (node_modules/react-dom/cjs/react-dom-client.development.js:874:13)
      at warnIfUpdatesNotWrappedWithActDEV (node_modules/react-dom/cjs/react-dom-client.development.js:18757:9)
      at scheduleUpdateOnFiber (node_modules/react-dom/cjs/react-dom-client.development.js:16409:11)
      at dispatchSetStateInternal (node_modules/react-dom/cjs/react-dom-client.development.js:9170:13)
      at dispatchSetState (node_modules/react-dom/cjs/react-dom-client.development.js:9127:7)
      at onClick (src/popup/components/__tests__/ProfileItem.performance.test.tsx:323:44)
      at executeDispatch (node_modules/react-dom/cjs/react-dom-client.development.js:19116:9)
      at runWithFiberInDEV (node_modules/react-dom/cjs/react-dom-client.development.js:874:13)
      at processDispatchQueue (node_modules/react-dom/cjs/react-dom-client.development.js:19166:19)
      at node_modules/react-dom/cjs/react-dom-client.development.js:19767:9
      at batchedUpdates$1 (node_modules/react-dom/cjs/react-dom-client.development.js:3255:40)
      at dispatchEventForPluginEventSystem (node_modules/react-dom/cjs/react-dom-client.development.js:19320:7)
      at dispatchEvent (node_modules/react-dom/cjs/react-dom-client.development.js:23585:11)
      at dispatchDiscreteEvent (node_modules/react-dom/cjs/react-dom-client.development.js:23553:11)
      at HTMLDivElement.callTheUserObjectsOperation (node_modules/jsdom/lib/jsdom/living/generated/EventListener.js:26:30)
      at innerInvokeEventListeners (node_modules/jsdom/lib/jsdom/living/events/EventTarget-impl.js:350:25)
      at invokeEventListeners (node_modules/jsdom/lib/jsdom/living/events/EventTarget-impl.js:286:3)
      at HTMLButtonElementImpl._dispatch (node_modules/jsdom/lib/jsdom/living/events/EventTarget-impl.js:233:9)
      at fireAnEvent (node_modules/jsdom/lib/jsdom/living/helpers/events.js:18:36)
      at HTMLButtonElementImpl.click (node_modules/jsdom/lib/jsdom/living/nodes/HTMLElement-impl.js:85:5)
      at HTMLButtonElement.click (node_modules/jsdom/lib/jsdom/living/generated/HTMLElement.js:108:34)
      at Object.<anonymous> (src/popup/components/__tests__/ProfileItem.performance.test.tsx:350:20)

    console.error
      An update to TestWrapper inside a test was not wrapped in act(...).
      
      When testing, code that causes React state updates should be wrapped into act(...):
      
      act(() => {
        /* fire events that update state */
      });
      /* assert on the output */
      
      This ensures that you're testing the behavior the user would see in the browser. Learn more at https://react.dev/link/wrap-tests-with-act

      321 |             return (
      322 |                 <>
    > 323 |                     <button onClick={() => setCounter(c => c + 1)}>Update</button>
          |                                            ^
      324 |                     <table>
      325 |                         <tbody>
      326 |                             {profiles.map(profile => (

      at node_modules/react-dom/cjs/react-dom-client.development.js:18758:19
      at runWithFiberInDEV (node_modules/react-dom/cjs/react-dom-client.development.js:874:13)
      at warnIfUpdatesNotWrappedWithActDEV (node_modules/react-dom/cjs/react-dom-client.development.js:18757:9)
      at scheduleUpdateOnFiber (node_modules/react-dom/cjs/react-dom-client.development.js:16409:11)
      at dispatchSetStateInternal (node_modules/react-dom/cjs/react-dom-client.development.js:9170:13)
      at dispatchSetState (node_modules/react-dom/cjs/react-dom-client.development.js:9127:7)
      at onClick (src/popup/components/__tests__/ProfileItem.performance.test.tsx:323:44)
      at executeDispatch (node_modules/react-dom/cjs/react-dom-client.development.js:19116:9)
      at runWithFiberInDEV (node_modules/react-dom/cjs/react-dom-client.development.js:874:13)
      at processDispatchQueue (node_modules/react-dom/cjs/react-dom-client.development.js:19166:19)
      at node_modules/react-dom/cjs/react-dom-client.development.js:19767:9
      at batchedUpdates$1 (node_modules/react-dom/cjs/react-dom-client.development.js:3255:40)
      at dispatchEventForPluginEventSystem (node_modules/react-dom/cjs/react-dom-client.development.js:19320:7)
      at dispatchEvent (node_modules/react-dom/cjs/react-dom-client.development.js:23585:11)
      at dispatchDiscreteEvent (node_modules/react-dom/cjs/react-dom-client.development.js:23553:11)
      at HTMLDivElement.callTheUserObjectsOperation (node_modules/jsdom/lib/jsdom/living/generated/EventListener.js:26:30)
      at innerInvokeEventListeners (node_modules/jsdom/lib/jsdom/living/events/EventTarget-impl.js:350:25)
      at invokeEventListeners (node_modules/jsdom/lib/jsdom/living/events/EventTarget-impl.js:286:3)
      at HTMLButtonElementImpl._dispatch (node_modules/jsdom/lib/jsdom/living/events/EventTarget-impl.js:233:9)
      at fireAnEvent (node_modules/jsdom/lib/jsdom/living/helpers/events.js:18:36)
      at HTMLButtonElementImpl.click (node_modules/jsdom/lib/jsdom/living/nodes/HTMLElement-impl.js:85:5)
      at HTMLButtonElement.click (node_modules/jsdom/lib/jsdom/living/generated/HTMLElement.js:108:34)
      at Object.<anonymous> (src/popup/components/__tests__/ProfileItem.performance.test.tsx:350:20)

    console.error
      An update to TestWrapper inside a test was not wrapped in act(...).
      
      When testing, code that causes React state updates should be wrapped into act(...):
      
      act(() => {
        /* fire events that update state */
      });
      /* assert on the output */
      
      This ensures that you're testing the behavior the user would see in the browser. Learn more at https://react.dev/link/wrap-tests-with-act

      321 |             return (
      322 |                 <>
    > 323 |                     <button onClick={() => setCounter(c => c + 1)}>Update</button>
          |                                            ^
      324 |                     <table>
      325 |                         <tbody>
      326 |                             {profiles.map(profile => (

      at node_modules/react-dom/cjs/react-dom-client.development.js:18758:19
      at runWithFiberInDEV (node_modules/react-dom/cjs/react-dom-client.development.js:874:13)
      at warnIfUpdatesNotWrappedWithActDEV (node_modules/react-dom/cjs/react-dom-client.development.js:18757:9)
      at scheduleUpdateOnFiber (node_modules/react-dom/cjs/react-dom-client.development.js:16409:11)
      at dispatchSetStateInternal (node_modules/react-dom/cjs/react-dom-client.development.js:9170:13)
      at dispatchSetState (node_modules/react-dom/cjs/react-dom-client.development.js:9127:7)
      at onClick (src/popup/components/__tests__/ProfileItem.performance.test.tsx:323:44)
      at executeDispatch (node_modules/react-dom/cjs/react-dom-client.development.js:19116:9)
      at runWithFiberInDEV (node_modules/react-dom/cjs/react-dom-client.development.js:874:13)
      at processDispatchQueue (node_modules/react-dom/cjs/react-dom-client.development.js:19166:19)
      at node_modules/react-dom/cjs/react-dom-client.development.js:19767:9
      at batchedUpdates$1 (node_modules/react-dom/cjs/react-dom-client.development.js:3255:40)
      at dispatchEventForPluginEventSystem (node_modules/react-dom/cjs/react-dom-client.development.js:19320:7)
      at dispatchEvent (node_modules/react-dom/cjs/react-dom-client.development.js:23585:11)
      at dispatchDiscreteEvent (node_modules/react-dom/cjs/react-dom-client.development.js:23553:11)
      at HTMLDivElement.callTheUserObjectsOperation (node_modules/jsdom/lib/jsdom/living/generated/EventListener.js:26:30)
      at innerInvokeEventListeners (node_modules/jsdom/lib/jsdom/living/events/EventTarget-impl.js:350:25)
      at invokeEventListeners (node_modules/jsdom/lib/jsdom/living/events/EventTarget-impl.js:286:3)
      at HTMLButtonElementImpl._dispatch (node_modules/jsdom/lib/jsdom/living/events/EventTarget-impl.js:233:9)
      at fireAnEvent (node_modules/jsdom/lib/jsdom/living/helpers/events.js:18:36)
      at HTMLButtonElementImpl.click (node_modules/jsdom/lib/jsdom/living/nodes/HTMLElement-impl.js:85:5)
      at HTMLButtonElement.click (node_modules/jsdom/lib/jsdom/living/generated/HTMLElement.js:108:34)
      at Object.<anonymous> (src/popup/components/__tests__/ProfileItem.performance.test.tsx:350:20)

    console.error
      An update to TestWrapper inside a test was not wrapped in act(...).
      
      When testing, code that causes React state updates should be wrapped into act(...):
      
      act(() => {
        /* fire events that update state */
      });
      /* assert on the output */
      
      This ensures that you're testing the behavior the user would see in the browser. Learn more at https://react.dev/link/wrap-tests-with-act

      321 |             return (
      322 |                 <>
    > 323 |                     <button onClick={() => setCounter(c => c + 1)}>Update</button>
          |                                            ^
      324 |                     <table>
      325 |                         <tbody>
      326 |                             {profiles.map(profile => (

      at node_modules/react-dom/cjs/react-dom-client.development.js:18758:19
      at runWithFiberInDEV (node_modules/react-dom/cjs/react-dom-client.development.js:874:13)
      at warnIfUpdatesNotWrappedWithActDEV (node_modules/react-dom/cjs/react-dom-client.development.js:18757:9)
      at scheduleUpdateOnFiber (node_modules/react-dom/cjs/react-dom-client.development.js:16409:11)
      at dispatchSetStateInternal (node_modules/react-dom/cjs/react-dom-client.development.js:9170:13)
      at dispatchSetState (node_modules/react-dom/cjs/react-dom-client.development.js:9127:7)
      at onClick (src/popup/components/__tests__/ProfileItem.performance.test.tsx:323:44)
      at executeDispatch (node_modules/react-dom/cjs/react-dom-client.development.js:19116:9)
      at runWithFiberInDEV (node_modules/react-dom/cjs/react-dom-client.development.js:874:13)
      at processDispatchQueue (node_modules/react-dom/cjs/react-dom-client.development.js:19166:19)
      at node_modules/react-dom/cjs/react-dom-client.development.js:19767:9
      at batchedUpdates$1 (node_modules/react-dom/cjs/react-dom-client.development.js:3255:40)
      at dispatchEventForPluginEventSystem (node_modules/react-dom/cjs/react-dom-client.development.js:19320:7)
      at dispatchEvent (node_modules/react-dom/cjs/react-dom-client.development.js:23585:11)
      at dispatchDiscreteEvent (node_modules/react-dom/cjs/react-dom-client.development.js:23553:11)
      at HTMLDivElement.callTheUserObjectsOperation (node_modules/jsdom/lib/jsdom/living/generated/EventListener.js:26:30)
      at innerInvokeEventListeners (node_modules/jsdom/lib/jsdom/living/events/EventTarget-impl.js:350:25)
      at invokeEventListeners (node_modules/jsdom/lib/jsdom/living/events/EventTarget-impl.js:286:3)
      at HTMLButtonElementImpl._dispatch (node_modules/jsdom/lib/jsdom/living/events/EventTarget-impl.js:233:9)
      at fireAnEvent (node_modules/jsdom/lib/jsdom/living/helpers/events.js:18:36)
      at HTMLButtonElementImpl.click (node_modules/jsdom/lib/jsdom/living/nodes/HTMLElement-impl.js:85:5)
      at HTMLButtonElement.click (node_modules/jsdom/lib/jsdom/living/generated/HTMLElement.js:108:34)
      at Object.<anonymous> (src/popup/components/__tests__/ProfileItem.performance.test.tsx:350:20)

    console.error
      An update to TestWrapper inside a test was not wrapped in act(...).
      
      When testing, code that causes React state updates should be wrapped into act(...):
      
      act(() => {
        /* fire events that update state */
      });
      /* assert on the output */
      
      This ensures that you're testing the behavior the user would see in the browser. Learn more at https://react.dev/link/wrap-tests-with-act

      321 |             return (
      322 |                 <>
    > 323 |                     <button onClick={() => setCounter(c => c + 1)}>Update</button>
          |                                            ^
      324 |                     <table>
      325 |                         <tbody>
      326 |                             {profiles.map(profile => (

      at node_modules/react-dom/cjs/react-dom-client.development.js:18758:19
      at runWithFiberInDEV (node_modules/react-dom/cjs/react-dom-client.development.js:874:13)
      at warnIfUpdatesNotWrappedWithActDEV (node_modules/react-dom/cjs/react-dom-client.development.js:18757:9)
      at scheduleUpdateOnFiber (node_modules/react-dom/cjs/react-dom-client.development.js:16409:11)
      at dispatchSetStateInternal (node_modules/react-dom/cjs/react-dom-client.development.js:9170:13)
      at dispatchSetState (node_modules/react-dom/cjs/react-dom-client.development.js:9127:7)
      at onClick (src/popup/components/__tests__/ProfileItem.performance.test.tsx:323:44)
      at executeDispatch (node_modules/react-dom/cjs/react-dom-client.development.js:19116:9)
      at runWithFiberInDEV (node_modules/react-dom/cjs/react-dom-client.development.js:874:13)
      at processDispatchQueue (node_modules/react-dom/cjs/react-dom-client.development.js:19166:19)
      at node_modules/react-dom/cjs/react-dom-client.development.js:19767:9
      at batchedUpdates$1 (node_modules/react-dom/cjs/react-dom-client.development.js:3255:40)
      at dispatchEventForPluginEventSystem (node_modules/react-dom/cjs/react-dom-client.development.js:19320:7)
      at dispatchEvent (node_modules/react-dom/cjs/react-dom-client.development.js:23585:11)
      at dispatchDiscreteEvent (node_modules/react-dom/cjs/react-dom-client.development.js:23553:11)
      at HTMLDivElement.callTheUserObjectsOperation (node_modules/jsdom/lib/jsdom/living/generated/EventListener.js:26:30)
      at innerInvokeEventListeners (node_modules/jsdom/lib/jsdom/living/events/EventTarget-impl.js:350:25)
      at invokeEventListeners (node_modules/jsdom/lib/jsdom/living/events/EventTarget-impl.js:286:3)
      at HTMLButtonElementImpl._dispatch (node_modules/jsdom/lib/jsdom/living/events/EventTarget-impl.js:233:9)
      at fireAnEvent (node_modules/jsdom/lib/jsdom/living/helpers/events.js:18:36)
      at HTMLButtonElementImpl.click (node_modules/jsdom/lib/jsdom/living/nodes/HTMLElement-impl.js:85:5)
      at HTMLButtonElement.click (node_modules/jsdom/lib/jsdom/living/generated/HTMLElement.js:108:34)
      at Object.<anonymous> (src/popup/components/__tests__/ProfileItem.performance.test.tsx:350:20)

    console.error
      An update to TestWrapper inside a test was not wrapped in act(...).
      
      When testing, code that causes React state updates should be wrapped into act(...):
      
      act(() => {
        /* fire events that update state */
      });
      /* assert on the output */
      
      This ensures that you're testing the behavior the user would see in the browser. Learn more at https://react.dev/link/wrap-tests-with-act

      321 |             return (
      322 |                 <>
    > 323 |                     <button onClick={() => setCounter(c => c + 1)}>Update</button>
          |                                            ^
      324 |                     <table>
      325 |                         <tbody>
      326 |                             {profiles.map(profile => (

      at node_modules/react-dom/cjs/react-dom-client.development.js:18758:19
      at runWithFiberInDEV (node_modules/react-dom/cjs/react-dom-client.development.js:874:13)
      at warnIfUpdatesNotWrappedWithActDEV (node_modules/react-dom/cjs/react-dom-client.development.js:18757:9)
      at scheduleUpdateOnFiber (node_modules/react-dom/cjs/react-dom-client.development.js:16409:11)
      at dispatchSetStateInternal (node_modules/react-dom/cjs/react-dom-client.development.js:9170:13)
      at dispatchSetState (node_modules/react-dom/cjs/react-dom-client.development.js:9127:7)
      at onClick (src/popup/components/__tests__/ProfileItem.performance.test.tsx:323:44)
      at executeDispatch (node_modules/react-dom/cjs/react-dom-client.development.js:19116:9)
      at runWithFiberInDEV (node_modules/react-dom/cjs/react-dom-client.development.js:874:13)
      at processDispatchQueue (node_modules/react-dom/cjs/react-dom-client.development.js:19166:19)
      at node_modules/react-dom/cjs/react-dom-client.development.js:19767:9
      at batchedUpdates$1 (node_modules/react-dom/cjs/react-dom-client.development.js:3255:40)
      at dispatchEventForPluginEventSystem (node_modules/react-dom/cjs/react-dom-client.development.js:19320:7)
      at dispatchEvent (node_modules/react-dom/cjs/react-dom-client.development.js:23585:11)
      at dispatchDiscreteEvent (node_modules/react-dom/cjs/react-dom-client.development.js:23553:11)
      at HTMLDivElement.callTheUserObjectsOperation (node_modules/jsdom/lib/jsdom/living/generated/EventListener.js:26:30)
      at innerInvokeEventListeners (node_modules/jsdom/lib/jsdom/living/events/EventTarget-impl.js:350:25)
      at invokeEventListeners (node_modules/jsdom/lib/jsdom/living/events/EventTarget-impl.js:286:3)
      at HTMLButtonElementImpl._dispatch (node_modules/jsdom/lib/jsdom/living/events/EventTarget-impl.js:233:9)
      at fireAnEvent (node_modules/jsdom/lib/jsdom/living/helpers/events.js:18:36)
      at HTMLButtonElementImpl.click (node_modules/jsdom/lib/jsdom/living/nodes/HTMLElement-impl.js:85:5)
      at HTMLButtonElement.click (node_modules/jsdom/lib/jsdom/living/generated/HTMLElement.js:108:34)
      at Object.<anonymous> (src/popup/components/__tests__/ProfileItem.performance.test.tsx:350:20)

    console.error
      An update to TestWrapper inside a test was not wrapped in act(...).
      
      When testing, code that causes React state updates should be wrapped into act(...):
      
      act(() => {
        /* fire events that update state */
      });
      /* assert on the output */
      
      This ensures that you're testing the behavior the user would see in the browser. Learn more at https://react.dev/link/wrap-tests-with-act

      321 |             return (
      322 |                 <>
    > 323 |                     <button onClick={() => setCounter(c => c + 1)}>Update</button>
          |                                            ^
      324 |                     <table>
      325 |                         <tbody>
      326 |                             {profiles.map(profile => (

      at node_modules/react-dom/cjs/react-dom-client.development.js:18758:19
      at runWithFiberInDEV (node_modules/react-dom/cjs/react-dom-client.development.js:874:13)
      at warnIfUpdatesNotWrappedWithActDEV (node_modules/react-dom/cjs/react-dom-client.development.js:18757:9)
      at scheduleUpdateOnFiber (node_modules/react-dom/cjs/react-dom-client.development.js:16409:11)
      at dispatchSetStateInternal (node_modules/react-dom/cjs/react-dom-client.development.js:9170:13)
      at dispatchSetState (node_modules/react-dom/cjs/react-dom-client.development.js:9127:7)
      at onClick (src/popup/components/__tests__/ProfileItem.performance.test.tsx:323:44)
      at executeDispatch (node_modules/react-dom/cjs/react-dom-client.development.js:19116:9)
      at runWithFiberInDEV (node_modules/react-dom/cjs/react-dom-client.development.js:874:13)
      at processDispatchQueue (node_modules/react-dom/cjs/react-dom-client.development.js:19166:19)
      at node_modules/react-dom/cjs/react-dom-client.development.js:19767:9
      at batchedUpdates$1 (node_modules/react-dom/cjs/react-dom-client.development.js:3255:40)
      at dispatchEventForPluginEventSystem (node_modules/react-dom/cjs/react-dom-client.development.js:19320:7)
      at dispatchEvent (node_modules/react-dom/cjs/react-dom-client.development.js:23585:11)
      at dispatchDiscreteEvent (node_modules/react-dom/cjs/react-dom-client.development.js:23553:11)
      at HTMLDivElement.callTheUserObjectsOperation (node_modules/jsdom/lib/jsdom/living/generated/EventListener.js:26:30)
      at innerInvokeEventListeners (node_modules/jsdom/lib/jsdom/living/events/EventTarget-impl.js:350:25)
      at invokeEventListeners (node_modules/jsdom/lib/jsdom/living/events/EventTarget-impl.js:286:3)
      at HTMLButtonElementImpl._dispatch (node_modules/jsdom/lib/jsdom/living/events/EventTarget-impl.js:233:9)
      at fireAnEvent (node_modules/jsdom/lib/jsdom/living/helpers/events.js:18:36)
      at HTMLButtonElementImpl.click (node_modules/jsdom/lib/jsdom/living/nodes/HTMLElement-impl.js:85:5)
      at HTMLButtonElement.click (node_modules/jsdom/lib/jsdom/living/generated/HTMLElement.js:108:34)
      at Object.<anonymous> (src/popup/components/__tests__/ProfileItem.performance.test.tsx:350:20)

  ● ProfileItem Performance › should not re-render when parent re-renders with same props

    expect(element).toHaveTextContent()

    Expected element to have text content:
      1
    Received:
      0

      62 |
      63 |         // Verify parent re-rendered
    > 64 |         expect(screen.getByTestId('counter')).toHaveTextContent('1');
         |                                               ^
      65 |
      66 |         // ProfileItem should still be present (not re-rendered because props are same)
      67 |         expect(screen.getByText('test-profile')).toBeInTheDocument();

      at Object.<anonymous> (src/popup/components/__tests__/ProfileItem.performance.test.tsx:64:47)

  ● ProfileItem Performance › should re-render when profile data changes

    TestingLibraryElementError: Unable to find an element with the text: EXPIRED. This could be because the text is broken up by multiple elements. In this case, you can provide a function for your text matcher to make your matcher more flexible.

    Ignored nodes: comments, script, style
    [36m<body>[39m
      [36m<div>[39m
        [36m<table>[39m
          [36m<tbody>[39m
            [36m<div[39m
              [33mclass[39m=[32m"awsui_root_18wu0_qxbam_934 awsui_box_18wu0_qxbam_172 awsui_m-bottom-xxxs_18wu0_qxbam_703 awsui_p-horizontal-s_18wu0_qxbam_524 awsui_p-vertical-xs_18wu0_qxbam_494 awsui_color-default_18wu0_qxbam_172 awsui_font-size-default_18wu0_qxbam_188 awsui_font-weight-default_18wu0_qxbam_228"[39m
            [36m>[39m
              [36m<div[39m
                [33mstyle[39m=[32m"display: flex; align-items: center; gap: 12px; cursor: pointer; padding: 8px; border-radius: 8px; transition: background-color 0.2s;"[39m
              [36m>[39m
                [36m<div[39m
                  [33mclass[39m=[32m"menu-icon hover-highlight"[39m
                [36m>[39m
                  [36m<div[39m
                    [33mclass[39m=[32m"usercontext-icon"[39m
                    [33mdata-identity-color[39m=[32m"red"[39m
                    [33mdata-identity-icon[39m=[32m"briefcase"[39m
                    [33mstyle[39m=[32m"width: 24px; height: 24px;"[39m
                  [36m/>[39m
                [36m</div>[39m
                [36m<div[39m
                  [33mstyle[39m=[32m"display: flex; flex-direction: column; flex: 1 1 0%; gap: 4px;"[39m
                [36m>[39m
                  [36m<div[39m
                    [33mstyle[39m=[32m"display: flex; align-items: center; gap: 8px;"[39m
                  [36m>[39m
                    [36m<div[39m
                      [33mclass[39m=[32m"awsui_root_18wu0_qxbam_934 awsui_box_18wu0_qxbam_172 awsui_color-default_18wu0_qxbam_172 awsui_font-size-body-m_18wu0_qxbam_342 awsui_font-weight-bold_18wu0_qxbam_381"[39m
                    [36m>[39m
                      [0mprofile-2[0m
                    [36m</div>[39m
                  [36m</div>[39m
                  [36m<div[39m
                    [33mclass[39m=[32m"awsui_root_18wu0_qxbam_934 awsui_box_18wu0_qxbam_172 awsui_color-text-status-error_18wu0_qxbam_319 awsui_font-size-body-s_18wu0_qxbam_337 awsui_font-weight-default_18wu0_qxbam_228"[39m
                  [36m>[39m
                    [0m⚠️ Expired[0m
                  [36m</div>[39m
                [36m</div>[39m
                [36m<div[39m
                  [33mstyle[39m=[32m"padding: 6px 10px; cursor: pointer; font-size: 20px;"[39m
                [36m>[39m
                  [0m☆[0m
                [36m</div>[39m
              [36m</div>[39m
            [36m</div>[39m
          [36m</tbody>[39m
        [36m</table>[39m
      [36m</div>[39m
    [36m</body>[39m

      129 |
      130 |         expect(screen.getByText('profile-2')).toBeInTheDocument();
    > 131 |         expect(screen.getByText('EXPIRED')).toBeInTheDocument();
          |                       ^
      132 |     });
      133 |
      134 |     /**

      at Object.getElementError (node_modules/@testing-library/dom/dist/config.js:37:19)
      at node_modules/@testing-library/dom/dist/query-helpers.js:76:38
      at node_modules/@testing-library/dom/dist/query-helpers.js:52:17
      at node_modules/@testing-library/dom/dist/query-helpers.js:95:19
      at Object.<anonymous> (src/popup/components/__tests__/ProfileItem.performance.test.tsx:131:23)

  ● ProfileItem Performance › should render many items efficiently

    TestingLibraryElementError: Unable to find an accessible element with the role "row"

    Here are the accessible roles:

      table:

      Name "":
      [36m<table />[39m

      --------------------------------------------------
      rowgroup:

      Name "":
      [36m<tbody />[39m

      --------------------------------------------------

    Ignored nodes: comments, script, style
    [36m<body>[39m
      [36m<div>[39m
        [36m<table>[39m
          [36m<tbody>[39m
            [36m<div[39m
              [33mclass[39m=[32m"awsui_root_18wu0_qxbam_934 awsui_box_18wu0_qxbam_172 awsui_m-bottom-xxxs_18wu0_qxbam_703 awsui_p-horizontal-s_18wu0_qxbam_524 awsui_p-vertical-xs_18wu0_qxbam_494 awsui_color-default_18wu0_qxbam_172 awsui_font-size-default_18wu0_qxbam_188 awsui_font-weight-default_18wu0_qxbam_228"[39m
            [36m>[39m
              [36m<div[39m
                [33mstyle[39m=[32m"display: flex; align-items: center; gap: 12px; cursor: pointer; padding: 8px; border-radius: 8px; transition: background-color 0.2s;"[39m
              [36m>[39m
                [36m<div[39m
                  [33mclass[39m=[32m"menu-icon hover-highlight"[39m
                [36m>[39m
                  [36m<div[39m
                    [33mclass[39m=[32m"usercontext-icon"[39m
                    [33mdata-identity-color[39m=[32m"blue"[39m
                    [33mdata-identity-icon[39m=[32m"briefcase"[39m
                    [33mstyle[39m=[32m"width: 24px; height: 24px;"[39m
                  [36m/>[39m
                [36m</div>[39m
                [36m<div[39m
                  [33mstyle[39m=[32m"display: flex; flex-direction: column; flex: 1 1 0%; gap: 4px;"[39m
                [36m>[39m
                  [36m<div[39m
                    [33mstyle[39m=[32m"display: flex; align-items: center; gap: 8px;"[39m
                  [36m>[39m
                    [36m<div[39m
                      [33mclass[39m=[32m"awsui_root_18wu0_qxbam_934 awsui_box_18wu0_qxbam_172 awsui_color-default_18wu0_qxbam_172 awsui_font-size-body-m_18wu0_qxbam_342 awsui_font-weight-bold_18wu0_qxbam_381"[39m
                    [36m>[39m
                      [0mprofile-0[0m
                    [36m</div>[39m
                  [36m</div>[39m
                  [36m<div[39m
                    [33mclass[39m=[32m"awsui_root_18wu0_qxbam_934 awsui_box_18wu0_qxbam_172 awsui_color-text-status-error_18wu0_qxbam_319 awsui_font-size-body-s_18wu0_qxbam_337 awsui_font-weight-default_18wu0_qxbam_228"[39m
                  [36m>[39m
                    [0m⚠️ Expired[0m
                  [36m</div>[39m
                [36m</div>[39m
                [36m<div[39m
                  [33mstyle[39m=[32m"padding: 6px 10px; cursor: pointer; font-size: 20px;"[39m
                [36m>[39m
                  [0m☆[0m
                [36m</div>[39m
              [36m</div>[39m
            [36m</div>[39m
            [36m<div[39m
              [33mclass[39m=[32m"awsui_root_18wu0_qxbam_934 awsui_box_18wu0_qxbam_172 awsui_m-bottom-xxxs_18wu0_qxbam_703 awsui_p-horizontal-s_18wu0_qxbam_524 awsui_p-vertical-xs_18wu0_qxbam_494 awsui_color-default_18wu0_qxbam_172 awsui_font-size-default_18wu0_qxbam_188 awsui_font-weight-default_18wu0_qxbam_228"[39m
            [36m>[39m
              [36m<div[39m
                [33mstyle[39m=[32m"display: flex; align-items: center; gap: 12px; cursor: pointer; padding: 8px; border-radius: 8px; transition: background-color 0.2s;"[39m
              [36m>[39m
                [36m<div[39m
                  [33mclass[39m=[32m"menu-icon hover-highlight"[39m
                [36m>[39m
                  [36m<div[39m
                    [33mclass[39m=[32m"usercontext-icon"[39m
                    [33mdata-identity-color[39m=[32m"blue"[39m
                    [33mdata-identity-icon[39m=[32m"briefcase"[39m
                    [33mstyle[39m=[32m"width: 24px; height: 24px;"[39m
                  [36m/>[39m
                [36m</div>[39m
                [36m<div[39m
                  [33mstyle[39m=[32m"display: flex; flex-direction: column; flex: 1 1 0%; gap: 4px;"[39m
                [36m>[39m
                  [36m<div[39m
                    [33mstyle[39m=[32m"display: flex; align-items: center; gap: 8px;"[39m
                  [36m>[39m
                    [36m<div[39m
                      [33mclass[39m=[32m"awsui_root_18wu0_qxbam_934 awsui_box_18wu0_qxbam_172 awsui_color-default_18wu0_qxbam_172 awsui_font-size-body-m_18wu0_qxbam_342 awsui_font-weight-bold_18wu0_qxbam_381"[39m
                    [36m>[39m
                      [0mprofile-1[0m
                    [36m</div>[39m
                  [36m</div>[39m
                  [36m<div[39m
                    [33mclass[39m=[32m"awsui_root_18wu0_qxbam_934 awsui_box_18wu0_qxbam_172 awsui_color-text-body-secondary_18wu0_qxbam_316 awsui_font-size-body-s_18wu0_qxbam_337 awsui_font-weight-default_18wu0_qxbam_228"[39m
                  [36m>[39m
                    [0m✓ Valid[0m
                  [36m</div>[39m
                [36m</div>[39m
                [36m<div[39m
                  [33mstyle[39m=[32m"padding: 6px 10px; cursor: pointer; font-size: 20px;"[39m
                [36m>[39m
                  [0m☆[0m
                [36m</div>[39m
              [36m</div>[39m
            [36m</div>[39m
            [36m<div[39m
              [33mclass[39m=[32m"awsui_root_18wu0_qxbam_934 awsui_box_18wu0_qxbam_172 awsui_m-bottom-xxxs_18wu0_qxbam_703 awsui_p-horizontal-s_18wu0_qxbam_524 awsui_p-vertical-xs_18wu0_qxbam_494 awsui_color-default_18wu0_qxbam_172 awsui_font-size-default_18wu0_qxbam_188 awsui_font-weight-default_18wu0_qxbam_228"[39m
            [36m>[39m
              [36m<div[39m
                [33mstyle[39m=[32m"display: flex; align-items: center; gap: 12px; cursor: pointer; padding: 8px; border-radius: 8px; transition: background-color 0.2s;"[39m
              [36m>[39m
                [36m<div[39m
                  [33mclass[39m=[32m"menu-icon hover-highlight"[39m
                [36m>[39m
                  [36m<div[39m
                    [33mclass[39m=[32m"usercontext-icon"[39m
                    [33mdata-identity-color[39m=[32m"blue"[39m
                    [33mdata-identity-icon[39m=[32m"briefcase"[39m
                    [33mstyle[39m=[32m"width: 24px; height: 24px;"[39m
                  [36m/>[39m
                [36m</div>[39m
                [36m<div[39m
                  [33mstyle[39m=[32m"display: flex; flex-direction: column; flex: 1 1 0%; gap: 4px;"[39m
                [36m>[39m
                  [36m<div[39m
                    [33mstyle[39m=[32m"display: flex; align-items: center; gap: 8px;"[39m
                  [36m>[39m
                    [36m<div[39m
                      [33mclass[39m=[32m"awsui_root_18wu0_qxbam_934 awsui_box_18wu0_qxbam_172 awsui_color-default_18wu0_qxbam_172 awsui_font-size-body-m_18wu0_qxbam_342 awsui_font-weight-bold_18wu0_qxbam_381"[39m
                    [36m>[39m
                      [0mprofile-2[0m
                    [36m</div>[39m
                  [36m</div>[39m
                  [36m<div[39m
                    [33mclass[39m=[32m"awsui_root_18wu0_qxbam_934 awsui_box_18wu0_qxbam_172 awsui_color-text-body-secondary_18wu0_qxbam_316 awsui_font-size-body-s_18wu0_qxbam_337 awsui_font-weight-default_18wu0_qxbam_228"[39m
                  [36m>[39m
                    [0m✓ Valid[0m
                  [36m</div>[39m
                [36m</div>[39m
                [36m<div[39m
                  [33mstyle[39m=[32m"padding: 6px 10px; cursor: pointer; font-size: 20px;"[39m
                [3...

      300 |         );
      301 |
    > 302 |         expect(screen.getAllByRole('row')).toHaveLength(50);
          |                       ^
      303 |     });
      304 |
      305 |     /**

      at Object.getElementError (node_modules/@testing-library/dom/dist/config.js:37:19)
      at node_modules/@testing-library/dom/dist/query-helpers.js:76:38
      at node_modules/@testing-library/dom/dist/query-helpers.js:109:15
      at Object.<anonymous> (src/popup/components/__tests__/ProfileItem.performance.test.tsx:302:23)

  ● ProfileItem Performance › should compare props efficiently during re-renders

    TestingLibraryElementError: Unable to find an accessible element with the role "row"

    Here are the accessible roles:

      button:

      Name "Update":
      [36m<button />[39m

      --------------------------------------------------
      table:

      Name "":
      [36m<table />[39m

      --------------------------------------------------
      rowgroup:

      Name "":
      [36m<tbody />[39m

      --------------------------------------------------

    Ignored nodes: comments, script, style
    [36m<body>[39m
      [36m<div>[39m
        [36m<button>[39m
          [0mUpdate[0m
        [36m</button>[39m
        [36m<table>[39m
          [36m<tbody>[39m
            [36m<div[39m
              [33mclass[39m=[32m"awsui_root_18wu0_qxbam_934 awsui_box_18wu0_qxbam_172 awsui_m-bottom-xxxs_18wu0_qxbam_703 awsui_p-horizontal-s_18wu0_qxbam_524 awsui_p-vertical-xs_18wu0_qxbam_494 awsui_color-default_18wu0_qxbam_172 awsui_font-size-default_18wu0_qxbam_188 awsui_font-weight-default_18wu0_qxbam_228"[39m
            [36m>[39m
              [36m<div[39m
                [33mstyle[39m=[32m"display: flex; align-items: center; gap: 12px; cursor: pointer; padding: 8px; border-radius: 8px; transition: background-color 0.2s;"[39m
              [36m>[39m
                [36m<div[39m
                  [33mclass[39m=[32m"menu-icon hover-highlight"[39m
                [36m>[39m
                  [36m<div[39m
                    [33mclass[39m=[32m"usercontext-icon"[39m
                    [33mdata-identity-color[39m=[32m"blue"[39m
                    [33mdata-identity-icon[39m=[32m"briefcase"[39m
                    [33mstyle[39m=[32m"width: 24px; height: 24px;"[39m
                  [36m/>[39m
                [36m</div>[39m
                [36m<div[39m
                  [33mstyle[39m=[32m"display: flex; flex-direction: column; flex: 1 1 0%; gap: 4px;"[39m
                [36m>[39m
                  [36m<div[39m
                    [33mstyle[39m=[32m"display: flex; align-items: center; gap: 8px;"[39m
                  [36m>[39m
                    [36m<div[39m
                      [33mclass[39m=[32m"awsui_root_18wu0_qxbam_934 awsui_box_18wu0_qxbam_172 awsui_color-default_18wu0_qxbam_172 awsui_font-size-body-m_18wu0_qxbam_342 awsui_font-weight-bold_18wu0_qxbam_381"[39m
                    [36m>[39m
                      [0mprofile-0[0m
                    [36m</div>[39m
                  [36m</div>[39m
                  [36m<div[39m
                    [33mclass[39m=[32m"awsui_root_18wu0_qxbam_934 awsui_box_18wu0_qxbam_172 awsui_color-text-body-secondary_18wu0_qxbam_316 awsui_font-size-body-s_18wu0_qxbam_337 awsui_font-weight-default_18wu0_qxbam_228"[39m
                  [36m>[39m
                    [0m✓ Valid[0m
                  [36m</div>[39m
                [36m</div>[39m
                [36m<div[39m
                  [33mstyle[39m=[32m"padding: 6px 10px; cursor: pointer; font-size: 20px;"[39m
                [36m>[39m
                  [0m☆[0m
                [36m</div>[39m
              [36m</div>[39m
            [36m</div>[39m
            [36m<div[39m
              [33mclass[39m=[32m"awsui_root_18wu0_qxbam_934 awsui_box_18wu0_qxbam_172 awsui_m-bottom-xxxs_18wu0_qxbam_703 awsui_p-horizontal-s_18wu0_qxbam_524 awsui_p-vertical-xs_18wu0_qxbam_494 awsui_color-default_18wu0_qxbam_172 awsui_font-size-default_18wu0_qxbam_188 awsui_font-weight-default_18wu0_qxbam_228"[39m
            [36m>[39m
              [36m<div[39m
                [33mstyle[39m=[32m"display: flex; align-items: center; gap: 12px; cursor: pointer; padding: 8px; border-radius: 8px; transition: background-color 0.2s;"[39m
              [36m>[39m
                [36m<div[39m
                  [33mclass[39m=[32m"menu-icon hover-highlight"[39m
                [36m>[39m
                  [36m<div[39m
                    [33mclass[39m=[32m"usercontext-icon"[39m
                    [33mdata-identity-color[39m=[32m"blue"[39m
                    [33mdata-identity-icon[39m=[32m"briefcase"[39m
                    [33mstyle[39m=[32m"width: 24px; height: 24px;"[39m
                  [36m/>[39m
                [36m</div>[39m
                [36m<div[39m
                  [33mstyle[39m=[32m"display: flex; flex-direction: column; flex: 1 1 0%; gap: 4px;"[39m
                [36m>[39m
                  [36m<div[39m
                    [33mstyle[39m=[32m"display: flex; align-items: center; gap: 8px;"[39m
                  [36m>[39m
                    [36m<div[39m
                      [33mclass[39m=[32m"awsui_root_18wu0_qxbam_934 awsui_box_18wu0_qxbam_172 awsui_color-default_18wu0_qxbam_172 awsui_font-size-body-m_18wu0_qxbam_342 awsui_font-weight-bold_18wu0_qxbam_381"[39m
                    [36m>[39m
                      [0mprofile-1[0m
                    [36m</div>[39m
                  [36m</div>[39m
                  [36m<div[39m
                    [33mclass[39m=[32m"awsui_root_18wu0_qxbam_934 awsui_box_18wu0_qxbam_172 awsui_color-text-body-secondary_18wu0_qxbam_316 awsui_font-size-body-s_18wu0_qxbam_337 awsui_font-weight-default_18wu0_qxbam_228"[39m
                  [36m>[39m
                    [0m✓ Valid[0m
                  [36m</div>[39m
                [36m</div>[39m
                [36m<div[39m
                  [33mstyle[39m=[32m"padding: 6px 10px; cursor: pointer; font-size: 20px;"[39m
                [36m>[39m
                  [0m☆[0m
                [36m</div>[39m
              [36m</div>[39m
            [36m</div>[39m
            [36m<div[39m
              [33mclass[39m=[32m"awsui_root_18wu0_qxbam_934 awsui_box_18wu0_qxbam_172 awsui_m-bottom-xxxs_18wu0_qxbam_703 awsui_p-horizontal-s_18wu0_qxbam_524 awsui_p-vertical-xs_18wu0_qxbam_494 awsui_color-default_18wu0_qxbam_172 awsui_font-size-default_18wu0_qxbam_188 awsui_font-weight-default_18wu0_qxbam_228"[39m
            [36m>[39m
              [36m<div[39m
                [33mstyle[39m=[32m"display: flex; align-items: center; gap: 12px; cursor: pointer; padding: 8px; border-radius: 8px; transition: background-color 0.2s;"[39m
              [36m>[39m
                [36m<div[39m
                  [33mclass[39m=[32m"menu-icon hover-highlight"[39m
                [36m>[39m
                  [36m<div[39m
                    [33mclass[39m=[32m"usercontext-icon"[39m
                    [33mdata-identity-color[39m=[32m"blue"[39m
                    [33mdata-identity-icon[39m=[32m"briefcase"[39m
                    [33mstyle[39m=[32m"width: 24px; height: 24px;"[39m
                  [36m/>[39m
                [36m</div>[39m
                [36m<div[39m
                  [33mstyle[39m=[32m"display: flex; flex-direction: column; flex: 1 1 0%; gap: 4px;"[39m
                [36m>[39m
                  [36m<div[39m
                    [33mstyle[39m=[32m"display: flex; align-items: center; gap: 8px;"[39m
                  [36m>[39m
                    [36m<div[39m
                      [33mclass[39m=[32m"awsui_root_18wu0_qxbam_934 awsui_box_18wu0_qxbam_172 awsui_color-default_18wu0_qxbam_172 awsui_font-size-body-m_18wu0_qxbam_342 awsui_font-weight-bold_18wu0_qxbam_381"[39m
                    [36m>[39m
                      [0mprofile-2[0m
                    [36m</div>[39m
                  [36m</div>[39m
                  [36m<div[39m
                    [33mclass[39m=[32m"awsui_root_18wu0_qxbam_934 awsui_box_18wu0_qxbam_172 awsui_color-text-body-secondary_18wu0_qxbam_316 awsui_font-size-body-s_18wu0_qxbam_337 awsui_font-weight-default_18wu0_qxbam_228"[39m
                  [36m>[39m
                    [0m✓ Valid[0m
                  [36m</div>[39m
                [36m</div>[39m
                [36m<div[39m
                  [33mstyle[39m=[32m"padding...

      362 |
      363 |         // All items should still be present
    > 364 |         expect(screen.getAllByRole('row')).toHaveLength(100);
          |                       ^
      365 |     });
      366 | });
      367 |

      at Object.getElementError (node_modules/@testing-library/dom/dist/config.js:37:19)
      at node_modules/@testing-library/dom/dist/query-helpers.js:76:38
      at node_modules/@testing-library/dom/dist/query-helpers.js:109:15
      at Object.<anonymous> (src/popup/components/__tests__/ProfileItem.performance.test.tsx:364:23)

FAIL src/popup/components/__tests__/ProfileList.performance.test.tsx (10.114 s)
  ● Console

    console.error
      An update to MultiUpdateWrapper inside a test was not wrapped in act(...).
      
      When testing, code that causes React state updates should be wrapped into act(...):
      
      act(() => {
        /* fire events that update state */
      });
      /* assert on the output */
      
      This ensures that you're testing the behavior the user would see in the browser. Learn more at https://react.dev/link/wrap-tests-with-act

      252 |                 <>
      253 |                     <div data-testid="counter">{counter}</div>
    > 254 |                     <button onClick={() => setCounter(c => c + 1)}>Increment</button>
          |                                            ^
      255 |                     <ProfileList
      256 |                         profiles={profiles}
      257 |                         favorites={favorites}

      at node_modules/react-dom/cjs/react-dom-client.development.js:18758:19
      at runWithFiberInDEV (node_modules/react-dom/cjs/react-dom-client.development.js:874:13)
      at warnIfUpdatesNotWrappedWithActDEV (node_modules/react-dom/cjs/react-dom-client.development.js:18757:9)
      at scheduleUpdateOnFiber (node_modules/react-dom/cjs/react-dom-client.development.js:16409:11)
      at dispatchSetStateInternal (node_modules/react-dom/cjs/react-dom-client.development.js:9170:13)
      at dispatchSetState (node_modules/react-dom/cjs/react-dom-client.development.js:9127:7)
      at onClick (src/popup/components/__tests__/ProfileList.performance.test.tsx:254:44)
      at executeDispatch (node_modules/react-dom/cjs/react-dom-client.development.js:19116:9)
      at runWithFiberInDEV (node_modules/react-dom/cjs/react-dom-client.development.js:874:13)
      at processDispatchQueue (node_modules/react-dom/cjs/react-dom-client.development.js:19166:19)
      at node_modules/react-dom/cjs/react-dom-client.development.js:19767:9
      at batchedUpdates$1 (node_modules/react-dom/cjs/react-dom-client.development.js:3255:40)
      at dispatchEventForPluginEventSystem (node_modules/react-dom/cjs/react-dom-client.development.js:19320:7)
      at dispatchEvent (node_modules/react-dom/cjs/react-dom-client.development.js:23585:11)
      at dispatchDiscreteEvent (node_modules/react-dom/cjs/react-dom-client.development.js:23553:11)
      at HTMLDivElement.callTheUserObjectsOperation (node_modules/jsdom/lib/jsdom/living/generated/EventListener.js:26:30)
      at innerInvokeEventListeners (node_modules/jsdom/lib/jsdom/living/events/EventTarget-impl.js:350:25)
      at invokeEventListeners (node_modules/jsdom/lib/jsdom/living/events/EventTarget-impl.js:286:3)
      at HTMLButtonElementImpl._dispatch (node_modules/jsdom/lib/jsdom/living/events/EventTarget-impl.js:233:9)
      at fireAnEvent (node_modules/jsdom/lib/jsdom/living/helpers/events.js:18:36)
      at HTMLButtonElementImpl.click (node_modules/jsdom/lib/jsdom/living/nodes/HTMLElement-impl.js:85:5)
      at HTMLButtonElement.click (node_modules/jsdom/lib/jsdom/living/generated/HTMLElement.js:108:34)
      at Object.<anonymous> (src/popup/components/__tests__/ProfileList.performance.test.tsx:271:20)

    console.error
      An update to MultiUpdateWrapper inside a test was not wrapped in act(...).
      
      When testing, code that causes React state updates should be wrapped into act(...):
      
      act(() => {
        /* fire events that update state */
      });
      /* assert on the output */
      
      This ensures that you're testing the behavior the user would see in the browser. Learn more at https://react.dev/link/wrap-tests-with-act

      252 |                 <>
      253 |                     <div data-testid="counter">{counter}</div>
    > 254 |                     <button onClick={() => setCounter(c => c + 1)}>Increment</button>
          |                                            ^
      255 |                     <ProfileList
      256 |                         profiles={profiles}
      257 |                         favorites={favorites}

      at node_modules/react-dom/cjs/react-dom-client.development.js:18758:19
      at runWithFiberInDEV (node_modules/react-dom/cjs/react-dom-client.development.js:874:13)
      at warnIfUpdatesNotWrappedWithActDEV (node_modules/react-dom/cjs/react-dom-client.development.js:18757:9)
      at scheduleUpdateOnFiber (node_modules/react-dom/cjs/react-dom-client.development.js:16409:11)
      at dispatchSetStateInternal (node_modules/react-dom/cjs/react-dom-client.development.js:9170:13)
      at dispatchSetState (node_modules/react-dom/cjs/react-dom-client.development.js:9127:7)
      at onClick (src/popup/components/__tests__/ProfileList.performance.test.tsx:254:44)
      at executeDispatch (node_modules/react-dom/cjs/react-dom-client.development.js:19116:9)
      at runWithFiberInDEV (node_modules/react-dom/cjs/react-dom-client.development.js:874:13)
      at processDispatchQueue (node_modules/react-dom/cjs/react-dom-client.development.js:19166:19)
      at node_modules/react-dom/cjs/react-dom-client.development.js:19767:9
      at batchedUpdates$1 (node_modules/react-dom/cjs/react-dom-client.development.js:3255:40)
      at dispatchEventForPluginEventSystem (node_modules/react-dom/cjs/react-dom-client.development.js:19320:7)
      at dispatchEvent (node_modules/react-dom/cjs/react-dom-client.development.js:23585:11)
      at dispatchDiscreteEvent (node_modules/react-dom/cjs/react-dom-client.development.js:23553:11)
      at HTMLDivElement.callTheUserObjectsOperation (node_modules/jsdom/lib/jsdom/living/generated/EventListener.js:26:30)
      at innerInvokeEventListeners (node_modules/jsdom/lib/jsdom/living/events/EventTarget-impl.js:350:25)
      at invokeEventListeners (node_modules/jsdom/lib/jsdom/living/events/EventTarget-impl.js:286:3)
      at HTMLButtonElementImpl._dispatch (node_modules/jsdom/lib/jsdom/living/events/EventTarget-impl.js:233:9)
      at fireAnEvent (node_modules/jsdom/lib/jsdom/living/helpers/events.js:18:36)
      at HTMLButtonElementImpl.click (node_modules/jsdom/lib/jsdom/living/nodes/HTMLElement-impl.js:85:5)
      at HTMLButtonElement.click (node_modules/jsdom/lib/jsdom/living/generated/HTMLElement.js:108:34)
      at Object.<anonymous> (src/popup/components/__tests__/ProfileList.performance.test.tsx:271:20)

    console.error
      An update to MultiUpdateWrapper inside a test was not wrapped in act(...).
      
      When testing, code that causes React state updates should be wrapped into act(...):
      
      act(() => {
        /* fire events that update state */
      });
      /* assert on the output */
      
      This ensures that you're testing the behavior the user would see in the browser. Learn more at https://react.dev/link/wrap-tests-with-act

      252 |                 <>
      253 |                     <div data-testid="counter">{counter}</div>
    > 254 |                     <button onClick={() => setCounter(c => c + 1)}>Increment</button>
          |                                            ^
      255 |                     <ProfileList
      256 |                         profiles={profiles}
      257 |                         favorites={favorites}

      at node_modules/react-dom/cjs/react-dom-client.development.js:18758:19
      at runWithFiberInDEV (node_modules/react-dom/cjs/react-dom-client.development.js:874:13)
      at warnIfUpdatesNotWrappedWithActDEV (node_modules/react-dom/cjs/react-dom-client.development.js:18757:9)
      at scheduleUpdateOnFiber (node_modules/react-dom/cjs/react-dom-client.development.js:16409:11)
      at dispatchSetStateInternal (node_modules/react-dom/cjs/react-dom-client.development.js:9170:13)
      at dispatchSetState (node_modules/react-dom/cjs/react-dom-client.development.js:9127:7)
      at onClick (src/popup/components/__tests__/ProfileList.performance.test.tsx:254:44)
      at executeDispatch (node_modules/react-dom/cjs/react-dom-client.development.js:19116:9)
      at runWithFiberInDEV (node_modules/react-dom/cjs/react-dom-client.development.js:874:13)
      at processDispatchQueue (node_modules/react-dom/cjs/react-dom-client.development.js:19166:19)
      at node_modules/react-dom/cjs/react-dom-client.development.js:19767:9
      at batchedUpdates$1 (node_modules/react-dom/cjs/react-dom-client.development.js:3255:40)
      at dispatchEventForPluginEventSystem (node_modules/react-dom/cjs/react-dom-client.development.js:19320:7)
      at dispatchEvent (node_modules/react-dom/cjs/react-dom-client.development.js:23585:11)
      at dispatchDiscreteEvent (node_modules/react-dom/cjs/react-dom-client.development.js:23553:11)
      at HTMLDivElement.callTheUserObjectsOperation (node_modules/jsdom/lib/jsdom/living/generated/EventListener.js:26:30)
      at innerInvokeEventListeners (node_modules/jsdom/lib/jsdom/living/events/EventTarget-impl.js:350:25)
      at invokeEventListeners (node_modules/jsdom/lib/jsdom/living/events/EventTarget-impl.js:286:3)
      at HTMLButtonElementImpl._dispatch (node_modules/jsdom/lib/jsdom/living/events/EventTarget-impl.js:233:9)
      at fireAnEvent (node_modules/jsdom/lib/jsdom/living/helpers/events.js:18:36)
      at HTMLButtonElementImpl.click (node_modules/jsdom/lib/jsdom/living/nodes/HTMLElement-impl.js:85:5)
      at HTMLButtonElement.click (node_modules/jsdom/lib/jsdom/living/generated/HTMLElement.js:108:34)
      at Object.<anonymous> (src/popup/components/__tests__/ProfileList.performance.test.tsx:271:20)

    console.error
      An update to MultiUpdateWrapper inside a test was not wrapped in act(...).
      
      When testing, code that causes React state updates should be wrapped into act(...):
      
      act(() => {
        /* fire events that update state */
      });
      /* assert on the output */
      
      This ensures that you're testing the behavior the user would see in the browser. Learn more at https://react.dev/link/wrap-tests-with-act

      252 |                 <>
      253 |                     <div data-testid="counter">{counter}</div>
    > 254 |                     <button onClick={() => setCounter(c => c + 1)}>Increment</button>
          |                                            ^
      255 |                     <ProfileList
      256 |                         profiles={profiles}
      257 |                         favorites={favorites}

      at node_modules/react-dom/cjs/react-dom-client.development.js:18758:19
      at runWithFiberInDEV (node_modules/react-dom/cjs/react-dom-client.development.js:874:13)
      at warnIfUpdatesNotWrappedWithActDEV (node_modules/react-dom/cjs/react-dom-client.development.js:18757:9)
      at scheduleUpdateOnFiber (node_modules/react-dom/cjs/react-dom-client.development.js:16409:11)
      at dispatchSetStateInternal (node_modules/react-dom/cjs/react-dom-client.development.js:9170:13)
      at dispatchSetState (node_modules/react-dom/cjs/react-dom-client.development.js:9127:7)
      at onClick (src/popup/components/__tests__/ProfileList.performance.test.tsx:254:44)
      at executeDispatch (node_modules/react-dom/cjs/react-dom-client.development.js:19116:9)
      at runWithFiberInDEV (node_modules/react-dom/cjs/react-dom-client.development.js:874:13)
      at processDispatchQueue (node_modules/react-dom/cjs/react-dom-client.development.js:19166:19)
      at node_modules/react-dom/cjs/react-dom-client.development.js:19767:9
      at batchedUpdates$1 (node_modules/react-dom/cjs/react-dom-client.development.js:3255:40)
      at dispatchEventForPluginEventSystem (node_modules/react-dom/cjs/react-dom-client.development.js:19320:7)
      at dispatchEvent (node_modules/react-dom/cjs/react-dom-client.development.js:23585:11)
      at dispatchDiscreteEvent (node_modules/react-dom/cjs/react-dom-client.development.js:23553:11)
      at HTMLDivElement.callTheUserObjectsOperation (node_modules/jsdom/lib/jsdom/living/generated/EventListener.js:26:30)
      at innerInvokeEventListeners (node_modules/jsdom/lib/jsdom/living/events/EventTarget-impl.js:350:25)
      at invokeEventListeners (node_modules/jsdom/lib/jsdom/living/events/EventTarget-impl.js:286:3)
      at HTMLButtonElementImpl._dispatch (node_modules/jsdom/lib/jsdom/living/events/EventTarget-impl.js:233:9)
      at fireAnEvent (node_modules/jsdom/lib/jsdom/living/helpers/events.js:18:36)
      at HTMLButtonElementImpl.click (node_modules/jsdom/lib/jsdom/living/nodes/HTMLElement-impl.js:85:5)
      at HTMLButtonElement.click (node_modules/jsdom/lib/jsdom/living/generated/HTMLElement.js:108:34)
      at Object.<anonymous> (src/popup/components/__tests__/ProfileList.performance.test.tsx:271:20)

    console.error
      An update to MultiUpdateWrapper inside a test was not wrapped in act(...).
      
      When testing, code that causes React state updates should be wrapped into act(...):
      
      act(() => {
        /* fire events that update state */
      });
      /* assert on the output */
      
      This ensures that you're testing the behavior the user would see in the browser. Learn more at https://react.dev/link/wrap-tests-with-act

      252 |                 <>
      253 |                     <div data-testid="counter">{counter}</div>
    > 254 |                     <button onClick={() => setCounter(c => c + 1)}>Increment</button>
          |                                            ^
      255 |                     <ProfileList
      256 |                         profiles={profiles}
      257 |                         favorites={favorites}

      at node_modules/react-dom/cjs/react-dom-client.development.js:18758:19
      at runWithFiberInDEV (node_modules/react-dom/cjs/react-dom-client.development.js:874:13)
      at warnIfUpdatesNotWrappedWithActDEV (node_modules/react-dom/cjs/react-dom-client.development.js:18757:9)
      at scheduleUpdateOnFiber (node_modules/react-dom/cjs/react-dom-client.development.js:16409:11)
      at dispatchSetStateInternal (node_modules/react-dom/cjs/react-dom-client.development.js:9170:13)
      at dispatchSetState (node_modules/react-dom/cjs/react-dom-client.development.js:9127:7)
      at onClick (src/popup/components/__tests__/ProfileList.performance.test.tsx:254:44)
      at executeDispatch (node_modules/react-dom/cjs/react-dom-client.development.js:19116:9)
      at runWithFiberInDEV (node_modules/react-dom/cjs/react-dom-client.development.js:874:13)
      at processDispatchQueue (node_modules/react-dom/cjs/react-dom-client.development.js:19166:19)
      at node_modules/react-dom/cjs/react-dom-client.development.js:19767:9
      at batchedUpdates$1 (node_modules/react-dom/cjs/react-dom-client.development.js:3255:40)
      at dispatchEventForPluginEventSystem (node_modules/react-dom/cjs/react-dom-client.development.js:19320:7)
      at dispatchEvent (node_modules/react-dom/cjs/react-dom-client.development.js:23585:11)
      at dispatchDiscreteEvent (node_modules/react-dom/cjs/react-dom-client.development.js:23553:11)
      at HTMLDivElement.callTheUserObjectsOperation (node_modules/jsdom/lib/jsdom/living/generated/EventListener.js:26:30)
      at innerInvokeEventListeners (node_modules/jsdom/lib/jsdom/living/events/EventTarget-impl.js:350:25)
      at invokeEventListeners (node_modules/jsdom/lib/jsdom/living/events/EventTarget-impl.js:286:3)
      at HTMLButtonElementImpl._dispatch (node_modules/jsdom/lib/jsdom/living/events/EventTarget-impl.js:233:9)
      at fireAnEvent (node_modules/jsdom/lib/jsdom/living/helpers/events.js:18:36)
      at HTMLButtonElementImpl.click (node_modules/jsdom/lib/jsdom/living/nodes/HTMLElement-impl.js:85:5)
      at HTMLButtonElement.click (node_modules/jsdom/lib/jsdom/living/generated/HTMLElement.js:108:34)
      at Object.<anonymous> (src/popup/components/__tests__/ProfileList.performance.test.tsx:271:20)

    console.error
      An update to MultiUpdateWrapper inside a test was not wrapped in act(...).
      
      When testing, code that causes React state updates should be wrapped into act(...):
      
      act(() => {
        /* fire events that update state */
      });
      /* assert on the output */
      
      This ensures that you're testing the behavior the user would see in the browser. Learn more at https://react.dev/link/wrap-tests-with-act

      252 |                 <>
      253 |                     <div data-testid="counter">{counter}</div>
    > 254 |                     <button onClick={() => setCounter(c => c + 1)}>Increment</button>
          |                                            ^
      255 |                     <ProfileList
      256 |                         profiles={profiles}
      257 |                         favorites={favorites}

      at node_modules/react-dom/cjs/react-dom-client.development.js:18758:19
      at runWithFiberInDEV (node_modules/react-dom/cjs/react-dom-client.development.js:874:13)
      at warnIfUpdatesNotWrappedWithActDEV (node_modules/react-dom/cjs/react-dom-client.development.js:18757:9)
      at scheduleUpdateOnFiber (node_modules/react-dom/cjs/react-dom-client.development.js:16409:11)
      at dispatchSetStateInternal (node_modules/react-dom/cjs/react-dom-client.development.js:9170:13)
      at dispatchSetState (node_modules/react-dom/cjs/react-dom-client.development.js:9127:7)
      at onClick (src/popup/components/__tests__/ProfileList.performance.test.tsx:254:44)
      at executeDispatch (node_modules/react-dom/cjs/react-dom-client.development.js:19116:9)
      at runWithFiberInDEV (node_modules/react-dom/cjs/react-dom-client.development.js:874:13)
      at processDispatchQueue (node_modules/react-dom/cjs/react-dom-client.development.js:19166:19)
      at node_modules/react-dom/cjs/react-dom-client.development.js:19767:9
      at batchedUpdates$1 (node_modules/react-dom/cjs/react-dom-client.development.js:3255:40)
      at dispatchEventForPluginEventSystem (node_modules/react-dom/cjs/react-dom-client.development.js:19320:7)
      at dispatchEvent (node_modules/react-dom/cjs/react-dom-client.development.js:23585:11)
      at dispatchDiscreteEvent (node_modules/react-dom/cjs/react-dom-client.development.js:23553:11)
      at HTMLDivElement.callTheUserObjectsOperation (node_modules/jsdom/lib/jsdom/living/generated/EventListener.js:26:30)
      at innerInvokeEventListeners (node_modules/jsdom/lib/jsdom/living/events/EventTarget-impl.js:350:25)
      at invokeEventListeners (node_modules/jsdom/lib/jsdom/living/events/EventTarget-impl.js:286:3)
      at HTMLButtonElementImpl._dispatch (node_modules/jsdom/lib/jsdom/living/events/EventTarget-impl.js:233:9)
      at fireAnEvent (node_modules/jsdom/lib/jsdom/living/helpers/events.js:18:36)
      at HTMLButtonElementImpl.click (node_modules/jsdom/lib/jsdom/living/nodes/HTMLElement-impl.js:85:5)
      at HTMLButtonElement.click (node_modules/jsdom/lib/jsdom/living/generated/HTMLElement.js:108:34)
      at Object.<anonymous> (src/popup/components/__tests__/ProfileList.performance.test.tsx:271:20)

    console.error
      An update to MultiUpdateWrapper inside a test was not wrapped in act(...).
      
      When testing, code that causes React state updates should be wrapped into act(...):
      
      act(() => {
        /* fire events that update state */
      });
      /* assert on the output */
      
      This ensures that you're testing the behavior the user would see in the browser. Learn more at https://react.dev/link/wrap-tests-with-act

      252 |                 <>
      253 |                     <div data-testid="counter">{counter}</div>
    > 254 |                     <button onClick={() => setCounter(c => c + 1)}>Increment</button>
          |                                            ^
      255 |                     <ProfileList
      256 |                         profiles={profiles}
      257 |                         favorites={favorites}

      at node_modules/react-dom/cjs/react-dom-client.development.js:18758:19
      at runWithFiberInDEV (node_modules/react-dom/cjs/react-dom-client.development.js:874:13)
      at warnIfUpdatesNotWrappedWithActDEV (node_modules/react-dom/cjs/react-dom-client.development.js:18757:9)
      at scheduleUpdateOnFiber (node_modules/react-dom/cjs/react-dom-client.development.js:16409:11)
      at dispatchSetStateInternal (node_modules/react-dom/cjs/react-dom-client.development.js:9170:13)
      at dispatchSetState (node_modules/react-dom/cjs/react-dom-client.development.js:9127:7)
      at onClick (src/popup/components/__tests__/ProfileList.performance.test.tsx:254:44)
      at executeDispatch (node_modules/react-dom/cjs/react-dom-client.development.js:19116:9)
      at runWithFiberInDEV (node_modules/react-dom/cjs/react-dom-client.development.js:874:13)
      at processDispatchQueue (node_modules/react-dom/cjs/react-dom-client.development.js:19166:19)
      at node_modules/react-dom/cjs/react-dom-client.development.js:19767:9
      at batchedUpdates$1 (node_modules/react-dom/cjs/react-dom-client.development.js:3255:40)
      at dispatchEventForPluginEventSystem (node_modules/react-dom/cjs/react-dom-client.development.js:19320:7)
      at dispatchEvent (node_modules/react-dom/cjs/react-dom-client.development.js:23585:11)
      at dispatchDiscreteEvent (node_modules/react-dom/cjs/react-dom-client.development.js:23553:11)
      at HTMLDivElement.callTheUserObjectsOperation (node_modules/jsdom/lib/jsdom/living/generated/EventListener.js:26:30)
      at innerInvokeEventListeners (node_modules/jsdom/lib/jsdom/living/events/EventTarget-impl.js:350:25)
      at invokeEventListeners (node_modules/jsdom/lib/jsdom/living/events/EventTarget-impl.js:286:3)
      at HTMLButtonElementImpl._dispatch (node_modules/jsdom/lib/jsdom/living/events/EventTarget-impl.js:233:9)
      at fireAnEvent (node_modules/jsdom/lib/jsdom/living/helpers/events.js:18:36)
      at HTMLButtonElementImpl.click (node_modules/jsdom/lib/jsdom/living/nodes/HTMLElement-impl.js:85:5)
      at HTMLButtonElement.click (node_modules/jsdom/lib/jsdom/living/generated/HTMLElement.js:108:34)
      at Object.<anonymous> (src/popup/components/__tests__/ProfileList.performance.test.tsx:271:20)

    console.error
      An update to MultiUpdateWrapper inside a test was not wrapped in act(...).
      
      When testing, code that causes React state updates should be wrapped into act(...):
      
      act(() => {
        /* fire events that update state */
      });
      /* assert on the output */
      
      This ensures that you're testing the behavior the user would see in the browser. Learn more at https://react.dev/link/wrap-tests-with-act

      252 |                 <>
      253 |                     <div data-testid="counter">{counter}</div>
    > 254 |                     <button onClick={() => setCounter(c => c + 1)}>Increment</button>
          |                                            ^
      255 |                     <ProfileList
      256 |                         profiles={profiles}
      257 |                         favorites={favorites}

      at node_modules/react-dom/cjs/react-dom-client.development.js:18758:19
      at runWithFiberInDEV (node_modules/react-dom/cjs/react-dom-client.development.js:874:13)
      at warnIfUpdatesNotWrappedWithActDEV (node_modules/react-dom/cjs/react-dom-client.development.js:18757:9)
      at scheduleUpdateOnFiber (node_modules/react-dom/cjs/react-dom-client.development.js:16409:11)
      at dispatchSetStateInternal (node_modules/react-dom/cjs/react-dom-client.development.js:9170:13)
      at dispatchSetState (node_modules/react-dom/cjs/react-dom-client.development.js:9127:7)
      at onClick (src/popup/components/__tests__/ProfileList.performance.test.tsx:254:44)
      at executeDispatch (node_modules/react-dom/cjs/react-dom-client.development.js:19116:9)
      at runWithFiberInDEV (node_modules/react-dom/cjs/react-dom-client.development.js:874:13)
      at processDispatchQueue (node_modules/react-dom/cjs/react-dom-client.development.js:19166:19)
      at node_modules/react-dom/cjs/react-dom-client.development.js:19767:9
      at batchedUpdates$1 (node_modules/react-dom/cjs/react-dom-client.development.js:3255:40)
      at dispatchEventForPluginEventSystem (node_modules/react-dom/cjs/react-dom-client.development.js:19320:7)
      at dispatchEvent (node_modules/react-dom/cjs/react-dom-client.development.js:23585:11)
      at dispatchDiscreteEvent (node_modules/react-dom/cjs/react-dom-client.development.js:23553:11)
      at HTMLDivElement.callTheUserObjectsOperation (node_modules/jsdom/lib/jsdom/living/generated/EventListener.js:26:30)
      at innerInvokeEventListeners (node_modules/jsdom/lib/jsdom/living/events/EventTarget-impl.js:350:25)
      at invokeEventListeners (node_modules/jsdom/lib/jsdom/living/events/EventTarget-impl.js:286:3)
      at HTMLButtonElementImpl._dispatch (node_modules/jsdom/lib/jsdom/living/events/EventTarget-impl.js:233:9)
      at fireAnEvent (node_modules/jsdom/lib/jsdom/living/helpers/events.js:18:36)
      at HTMLButtonElementImpl.click (node_modules/jsdom/lib/jsdom/living/nodes/HTMLElement-impl.js:85:5)
      at HTMLButtonElement.click (node_modules/jsdom/lib/jsdom/living/generated/HTMLElement.js:108:34)
      at Object.<anonymous> (src/popup/components/__tests__/ProfileList.performance.test.tsx:271:20)

    console.error
      An update to MultiUpdateWrapper inside a test was not wrapped in act(...).
      
      When testing, code that causes React state updates should be wrapped into act(...):
      
      act(() => {
        /* fire events that update state */
      });
      /* assert on the output */
      
      This ensures that you're testing the behavior the user would see in the browser. Learn more at https://react.dev/link/wrap-tests-with-act

      252 |                 <>
      253 |                     <div data-testid="counter">{counter}</div>
    > 254 |                     <button onClick={() => setCounter(c => c + 1)}>Increment</button>
          |                                            ^
      255 |                     <ProfileList
      256 |                         profiles={profiles}
      257 |                         favorites={favorites}

      at node_modules/react-dom/cjs/react-dom-client.development.js:18758:19
      at runWithFiberInDEV (node_modules/react-dom/cjs/react-dom-client.development.js:874:13)
      at warnIfUpdatesNotWrappedWithActDEV (node_modules/react-dom/cjs/react-dom-client.development.js:18757:9)
      at scheduleUpdateOnFiber (node_modules/react-dom/cjs/react-dom-client.development.js:16409:11)
      at dispatchSetStateInternal (node_modules/react-dom/cjs/react-dom-client.development.js:9170:13)
      at dispatchSetState (node_modules/react-dom/cjs/react-dom-client.development.js:9127:7)
      at onClick (src/popup/components/__tests__/ProfileList.performance.test.tsx:254:44)
      at executeDispatch (node_modules/react-dom/cjs/react-dom-client.development.js:19116:9)
      at runWithFiberInDEV (node_modules/react-dom/cjs/react-dom-client.development.js:874:13)
      at processDispatchQueue (node_modules/react-dom/cjs/react-dom-client.development.js:19166:19)
      at node_modules/react-dom/cjs/react-dom-client.development.js:19767:9
      at batchedUpdates$1 (node_modules/react-dom/cjs/react-dom-client.development.js:3255:40)
      at dispatchEventForPluginEventSystem (node_modules/react-dom/cjs/react-dom-client.development.js:19320:7)
      at dispatchEvent (node_modules/react-dom/cjs/react-dom-client.development.js:23585:11)
      at dispatchDiscreteEvent (node_modules/react-dom/cjs/react-dom-client.development.js:23553:11)
      at HTMLDivElement.callTheUserObjectsOperation (node_modules/jsdom/lib/jsdom/living/generated/EventListener.js:26:30)
      at innerInvokeEventListeners (node_modules/jsdom/lib/jsdom/living/events/EventTarget-impl.js:350:25)
      at invokeEventListeners (node_modules/jsdom/lib/jsdom/living/events/EventTarget-impl.js:286:3)
      at HTMLButtonElementImpl._dispatch (node_modules/jsdom/lib/jsdom/living/events/EventTarget-impl.js:233:9)
      at fireAnEvent (node_modules/jsdom/lib/jsdom/living/helpers/events.js:18:36)
      at HTMLButtonElementImpl.click (node_modules/jsdom/lib/jsdom/living/nodes/HTMLElement-impl.js:85:5)
      at HTMLButtonElement.click (node_modules/jsdom/lib/jsdom/living/generated/HTMLElement.js:108:34)
      at Object.<anonymous> (src/popup/components/__tests__/ProfileList.performance.test.tsx:271:20)

    console.error
      An update to MultiUpdateWrapper inside a test was not wrapped in act(...).
      
      When testing, code that causes React state updates should be wrapped into act(...):
      
      act(() => {
        /* fire events that update state */
      });
      /* assert on the output */
      
      This ensures that you're testing the behavior the user would see in the browser. Learn more at https://react.dev/link/wrap-tests-with-act

      252 |                 <>
      253 |                     <div data-testid="counter">{counter}</div>
    > 254 |                     <button onClick={() => setCounter(c => c + 1)}>Increment</button>
          |                                            ^
      255 |                     <ProfileList
      256 |                         profiles={profiles}
      257 |                         favorites={favorites}

      at node_modules/react-dom/cjs/react-dom-client.development.js:18758:19
      at runWithFiberInDEV (node_modules/react-dom/cjs/react-dom-client.development.js:874:13)
      at warnIfUpdatesNotWrappedWithActDEV (node_modules/react-dom/cjs/react-dom-client.development.js:18757:9)
      at scheduleUpdateOnFiber (node_modules/react-dom/cjs/react-dom-client.development.js:16409:11)
      at dispatchSetStateInternal (node_modules/react-dom/cjs/react-dom-client.development.js:9170:13)
      at dispatchSetState (node_modules/react-dom/cjs/react-dom-client.development.js:9127:7)
      at onClick (src/popup/components/__tests__/ProfileList.performance.test.tsx:254:44)
      at executeDispatch (node_modules/react-dom/cjs/react-dom-client.development.js:19116:9)
      at runWithFiberInDEV (node_modules/react-dom/cjs/react-dom-client.development.js:874:13)
      at processDispatchQueue (node_modules/react-dom/cjs/react-dom-client.development.js:19166:19)
      at node_modules/react-dom/cjs/react-dom-client.development.js:19767:9
      at batchedUpdates$1 (node_modules/react-dom/cjs/react-dom-client.development.js:3255:40)
      at dispatchEventForPluginEventSystem (node_modules/react-dom/cjs/react-dom-client.development.js:19320:7)
      at dispatchEvent (node_modules/react-dom/cjs/react-dom-client.development.js:23585:11)
      at dispatchDiscreteEvent (node_modules/react-dom/cjs/react-dom-client.development.js:23553:11)
      at HTMLDivElement.callTheUserObjectsOperation (node_modules/jsdom/lib/jsdom/living/generated/EventListener.js:26:30)
      at innerInvokeEventListeners (node_modules/jsdom/lib/jsdom/living/events/EventTarget-impl.js:350:25)
      at invokeEventListeners (node_modules/jsdom/lib/jsdom/living/events/EventTarget-impl.js:286:3)
      at HTMLButtonElementImpl._dispatch (node_modules/jsdom/lib/jsdom/living/events/EventTarget-impl.js:233:9)
      at fireAnEvent (node_modules/jsdom/lib/jsdom/living/helpers/events.js:18:36)
      at HTMLButtonElementImpl.click (node_modules/jsdom/lib/jsdom/living/nodes/HTMLElement-impl.js:85:5)
      at HTMLButtonElement.click (node_modules/jsdom/lib/jsdom/living/generated/HTMLElement.js:108:34)
      at Object.<anonymous> (src/popup/components/__tests__/ProfileList.performance.test.tsx:271:20)

  ● ProfileList Performance › should not re-render when parent re-renders with same props

    TestingLibraryElementError: Unable to find an accessible element with the role "row"

    Here are the accessible roles:

      button:

      Name "Force Parent Re-render":
      [36m<button />[39m

      --------------------------------------------------

    Ignored nodes: comments, script, style
    [36m<body>[39m
      [36m<div>[39m
        [36m<button>[39m
          [0mForce Parent Re-render[0m
        [36m</button>[39m
        [36m<div[39m
          [33mid[39m=[32m"identities-list"[39m
          [33mstyle[39m=[32m"width: 100%;"[39m
        [36m>[39m
          [36m<div[39m
            [33mclass[39m=[32m"awsui_root_18wu0_qxbam_934 awsui_box_18wu0_qxbam_172 awsui_m-bottom-xxxs_18wu0_qxbam_703 awsui_p-horizontal-s_18wu0_qxbam_524 awsui_p-vertical-xs_18wu0_qxbam_494 awsui_color-default_18wu0_qxbam_172 awsui_font-size-default_18wu0_qxbam_188 awsui_font-weight-default_18wu0_qxbam_228"[39m
          [36m>[39m
            [36m<div[39m
              [33mstyle[39m=[32m"display: flex; align-items: center; gap: 12px; cursor: pointer; padding: 8px; border-radius: 8px; transition: background-color 0.2s;"[39m
            [36m>[39m
              [36m<div[39m
                [33mclass[39m=[32m"menu-icon hover-highlight"[39m
              [36m>[39m
                [36m<div[39m
                  [33mclass[39m=[32m"usercontext-icon"[39m
                  [33mdata-identity-color[39m=[32m"blue"[39m
                  [33mdata-identity-icon[39m=[32m"briefcase"[39m
                  [33mstyle[39m=[32m"width: 24px; height: 24px;"[39m
                [36m/>[39m
              [36m</div>[39m
              [36m<div[39m
                [33mstyle[39m=[32m"display: flex; flex-direction: column; flex: 1 1 0%; gap: 4px;"[39m
              [36m>[39m
                [36m<div[39m
                  [33mstyle[39m=[32m"display: flex; align-items: center; gap: 8px;"[39m
                [36m>[39m
                  [36m<div[39m
                    [33mclass[39m=[32m"awsui_root_18wu0_qxbam_934 awsui_box_18wu0_qxbam_172 awsui_color-default_18wu0_qxbam_172 awsui_font-size-body-m_18wu0_qxbam_342 awsui_font-weight-bold_18wu0_qxbam_381"[39m
                  [36m>[39m
                    [0mtest-profile-0[0m
                  [36m</div>[39m
                [36m</div>[39m
                [36m<div[39m
                  [33mclass[39m=[32m"awsui_root_18wu0_qxbam_934 awsui_box_18wu0_qxbam_172 awsui_color-text-status-error_18wu0_qxbam_319 awsui_font-size-body-s_18wu0_qxbam_337 awsui_font-weight-default_18wu0_qxbam_228"[39m
                [36m>[39m
                  [0m⚠️ Expired[0m
                [36m</div>[39m
              [36m</div>[39m
              [36m<div[39m
                [33mstyle[39m=[32m"padding: 6px 10px; cursor: pointer; font-size: 20px;"[39m
              [36m>[39m
                [0m★[0m
              [36m</div>[39m
            [36m</div>[39m
          [36m</div>[39m
          [36m<div[39m
            [33mclass[39m=[32m"awsui_root_18wu0_qxbam_934 awsui_box_18wu0_qxbam_172 awsui_m-bottom-xxxs_18wu0_qxbam_703 awsui_p-horizontal-s_18wu0_qxbam_524 awsui_p-vertical-xs_18wu0_qxbam_494 awsui_color-default_18wu0_qxbam_172 awsui_font-size-default_18wu0_qxbam_188 awsui_font-weight-default_18wu0_qxbam_228"[39m
          [36m>[39m
            [36m<div[39m
              [33mstyle[39m=[32m"display: flex; align-items: center; gap: 12px; cursor: pointer; padding: 8px; border-radius: 8px; transition: background-color 0.2s;"[39m
            [36m>[39m
              [36m<div[39m
                [33mclass[39m=[32m"menu-icon hover-highlight"[39m
              [36m>[39m
                [36m<div[39m
                  [33mclass[39m=[32m"usercontext-icon"[39m
                  [33mdata-identity-color[39m=[32m"blue"[39m
                  [33mdata-identity-icon[39m=[32m"briefcase"[39m
                  [33mstyle[39m=[32m"width: 24px; height: 24px;"[39m
                [36m/>[39m
              [36m</div>[39m
              [36m<div[39m
                [33mstyle[39m=[32m"display: flex; flex-direction: column; flex: 1 1 0%; gap: 4px;"[39m
              [36m>[39m
                [36m<div[39m
                  [33mstyle[39m=[32m"display: flex; align-items: center; gap: 8px;"[39m
                [36m>[39m
                  [36m<div[39m
                    [33mclass[39m=[32m"awsui_root_18wu0_qxbam_934 awsui_box_18wu0_qxbam_172 awsui_color-default_18wu0_qxbam_172 awsui_font-size-body-m_18wu0_qxbam_342 awsui_font-weight-bold_18wu0_qxbam_381"[39m
                  [36m>[39m
                    [0mtest-profile-1[0m
                  [36m</div>[39m
                [36m</div>[39m
                [36m<div[39m
                  [33mclass[39m=[32m"awsui_root_18wu0_qxbam_934 awsui_box_18wu0_qxbam_172 awsui_color-text-body-secondary_18wu0_qxbam_316 awsui_font-size-body-s_18wu0_qxbam_337 awsui_font-weight-default_18wu0_qxbam_228"[39m
                [36m>[39m
                  [0m⏰ 59m[0m
                [36m</div>[39m
              [36m</div>[39m
              [36m<div[39m
                [33mstyle[39m=[32m"padding: 6px 10px; cursor: pointer; font-size: 20px;"[39m
              [36m>[39m
                [0m☆[0m
              [36m</div>[39m
            [36m</div>[39m
          [36m</div>[39m
          [36m<div[39m
            [33mclass[39m=[32m"awsui_root_18wu0_qxbam_934 awsui_box_18wu0_qxbam_172 awsui_m-bottom-xxxs_18wu0_qxbam_703 awsui_p-horizontal-s_18wu0_qxbam_524 awsui_p-vertical-xs_18wu0_qxbam_494 awsui_color-default_18wu0_qxbam_172 awsui_font-size-default_18wu0_qxbam_188 awsui_font-weight-default_18wu0_qxbam_228"[39m
          [36m>[39m
            [36m<div[39m
              [33mstyle[39m=[32m"display: flex; align-items: center; gap: 12px; cursor: pointer; padding: 8px; border-radius: 8px; transition: background-color 0.2s;"[39m
            [36m>[39m
              [36m<div[39m
                [33mclass[39m=[32m"menu-icon hover-highlight"[39m
              [36m>[39m
                [36m<div[39m
                  [33mclass[39m=[32m"usercontext-icon"[39m
                  [33mdata-identity-color[39m=[32m"blue"[39m
                  [33mdata-identity-icon[39m=[32m"briefcase"[39m
                  [33mstyle[39m=[32m"width: 24px; height: 24px;"[39m
                [36m/>[39m
              [36m</div>[39m
              [36m<div[39m
                [33mstyle[39m=[32m"display: flex; flex-direction: column; flex: 1 1 0%; gap: 4px;"[39m
              [36m>[39m
                [36m<div[39m
                  [33mstyle[39m=[32m"display: flex; align-items: center; gap: 8px;"[39m
                [36m>[39m
                  [36m<div[39m
                    [33mclass[39m=[32m"awsui_root_18wu0_qxbam_934 awsui_box_18wu0_qxbam_172 awsui_color-default_18wu0_qxbam_172 awsui_font-size-body-m_18wu0_qxbam_342 awsui_font-weight-bold_18wu0_qxbam_381"[39m
                  [36m>[39m
                    [0mtest-profile-2[0m
                  [36m</div>[39m
                [36m</div>[39m
                [36m<div[39m
                  [33mclass[39m=[32m"awsui_root_18wu0_qxbam_934 awsui_box_18wu0_qxbam_172 awsui_color-text-body-secondary_18wu0_qxbam_316 awsui_font-size-body-s_18wu0_qxbam_337 awsui_font-weight-default_18wu0_qxbam_228"[39m
                [36m>[39m
                  [0m⏰ 59m[0m
                [36m</div>[39m
              [36m</div>[39m
              [36m<div[39m
                [33mstyle[39m=[32m"padding: 6px 10px; cursor: pointer; font-size: 20px;"[39m
              [36m>[39m
                [0m☆[0m
              [36m</div>[39m
      ...

      49 |
      50 |         // Initial render
    > 51 |         expect(screen.getAllByRole('row')).toHaveLength(10);
         |                       ^
      52 |
      53 |         // Force parent re-render by clicking button
      54 |         const button = screen.getByText('Force Parent Re-render');

      at Object.getElementError (node_modules/@testing-library/dom/dist/config.js:37:19)
      at node_modules/@testing-library/dom/dist/query-helpers.js:76:38
      at node_modules/@testing-library/dom/dist/query-helpers.js:109:15
      at Object.<anonymous> (src/popup/components/__tests__/ProfileList.performance.test.tsx:51:23)

  ● ProfileList Performance › should re-render when profiles array changes

    TestingLibraryElementError: Unable to find an accessible element with the role "row"

    There are no accessible roles. But there might be some inaccessible roles. If you wish to access them, then set the `hidden` option to `true`. Learn more about this here: https://testing-library.com/docs/dom-testing-library/api-queries#byrole

    Ignored nodes: comments, script, style
    [36m<body>[39m
      [36m<div>[39m
        [36m<div[39m
          [33mid[39m=[32m"identities-list"[39m
          [33mstyle[39m=[32m"width: 100%;"[39m
        [36m>[39m
          [36m<div[39m
            [33mclass[39m=[32m"awsui_root_18wu0_qxbam_934 awsui_box_18wu0_qxbam_172 awsui_m-bottom-xxxs_18wu0_qxbam_703 awsui_p-horizontal-s_18wu0_qxbam_524 awsui_p-vertical-xs_18wu0_qxbam_494 awsui_color-default_18wu0_qxbam_172 awsui_font-size-default_18wu0_qxbam_188 awsui_font-weight-default_18wu0_qxbam_228"[39m
          [36m>[39m
            [36m<div[39m
              [33mstyle[39m=[32m"display: flex; align-items: center; gap: 12px; cursor: pointer; padding: 8px; border-radius: 8px; transition: background-color 0.2s;"[39m
            [36m>[39m
              [36m<div[39m
                [33mclass[39m=[32m"menu-icon hover-highlight"[39m
              [36m>[39m
                [36m<div[39m
                  [33mclass[39m=[32m"usercontext-icon"[39m
                  [33mdata-identity-color[39m=[32m"blue"[39m
                  [33mdata-identity-icon[39m=[32m"briefcase"[39m
                  [33mstyle[39m=[32m"width: 24px; height: 24px;"[39m
                [36m/>[39m
              [36m</div>[39m
              [36m<div[39m
                [33mstyle[39m=[32m"display: flex; flex-direction: column; flex: 1 1 0%; gap: 4px;"[39m
              [36m>[39m
                [36m<div[39m
                  [33mstyle[39m=[32m"display: flex; align-items: center; gap: 8px;"[39m
                [36m>[39m
                  [36m<div[39m
                    [33mclass[39m=[32m"awsui_root_18wu0_qxbam_934 awsui_box_18wu0_qxbam_172 awsui_color-default_18wu0_qxbam_172 awsui_font-size-body-m_18wu0_qxbam_342 awsui_font-weight-bold_18wu0_qxbam_381"[39m
                  [36m>[39m
                    [0mtest-profile-0[0m
                  [36m</div>[39m
                [36m</div>[39m
                [36m<div[39m
                  [33mclass[39m=[32m"awsui_root_18wu0_qxbam_934 awsui_box_18wu0_qxbam_172 awsui_color-text-status-error_18wu0_qxbam_319 awsui_font-size-body-s_18wu0_qxbam_337 awsui_font-weight-default_18wu0_qxbam_228"[39m
                [36m>[39m
                  [0m⚠️ Expired[0m
                [36m</div>[39m
              [36m</div>[39m
              [36m<div[39m
                [33mstyle[39m=[32m"padding: 6px 10px; cursor: pointer; font-size: 20px;"[39m
              [36m>[39m
                [0m☆[0m
              [36m</div>[39m
            [36m</div>[39m
          [36m</div>[39m
          [36m<div[39m
            [33mclass[39m=[32m"awsui_root_18wu0_qxbam_934 awsui_box_18wu0_qxbam_172 awsui_m-bottom-xxxs_18wu0_qxbam_703 awsui_p-horizontal-s_18wu0_qxbam_524 awsui_p-vertical-xs_18wu0_qxbam_494 awsui_color-default_18wu0_qxbam_172 awsui_font-size-default_18wu0_qxbam_188 awsui_font-weight-default_18wu0_qxbam_228"[39m
          [36m>[39m
            [36m<div[39m
              [33mstyle[39m=[32m"display: flex; align-items: center; gap: 12px; cursor: pointer; padding: 8px; border-radius: 8px; transition: background-color 0.2s;"[39m
            [36m>[39m
              [36m<div[39m
                [33mclass[39m=[32m"menu-icon hover-highlight"[39m
              [36m>[39m
                [36m<div[39m
                  [33mclass[39m=[32m"usercontext-icon"[39m
                  [33mdata-identity-color[39m=[32m"blue"[39m
                  [33mdata-identity-icon[39m=[32m"briefcase"[39m
                  [33mstyle[39m=[32m"width: 24px; height: 24px;"[39m
                [36m/>[39m
              [36m</div>[39m
              [36m<div[39m
                [33mstyle[39m=[32m"display: flex; flex-direction: column; flex: 1 1 0%; gap: 4px;"[39m
              [36m>[39m
                [36m<div[39m
                  [33mstyle[39m=[32m"display: flex; align-items: center; gap: 8px;"[39m
                [36m>[39m
                  [36m<div[39m
                    [33mclass[39m=[32m"awsui_root_18wu0_qxbam_934 awsui_box_18wu0_qxbam_172 awsui_color-default_18wu0_qxbam_172 awsui_font-size-body-m_18wu0_qxbam_342 awsui_font-weight-bold_18wu0_qxbam_381"[39m
                  [36m>[39m
                    [0mtest-profile-1[0m
                  [36m</div>[39m
                [36m</div>[39m
                [36m<div[39m
                  [33mclass[39m=[32m"awsui_root_18wu0_qxbam_934 awsui_box_18wu0_qxbam_172 awsui_color-text-body-secondary_18wu0_qxbam_316 awsui_font-size-body-s_18wu0_qxbam_337 awsui_font-weight-default_18wu0_qxbam_228"[39m
                [36m>[39m
                  [0m⏰ 59m[0m
                [36m</div>[39m
              [36m</div>[39m
              [36m<div[39m
                [33mstyle[39m=[32m"padding: 6px 10px; cursor: pointer; font-size: 20px;"[39m
              [36m>[39m
                [0m☆[0m
              [36m</div>[39m
            [36m</div>[39m
          [36m</div>[39m
          [36m<div[39m
            [33mclass[39m=[32m"awsui_root_18wu0_qxbam_934 awsui_box_18wu0_qxbam_172 awsui_m-bottom-xxxs_18wu0_qxbam_703 awsui_p-horizontal-s_18wu0_qxbam_524 awsui_p-vertical-xs_18wu0_qxbam_494 awsui_color-default_18wu0_qxbam_172 awsui_font-size-default_18wu0_qxbam_188 awsui_font-weight-default_18wu0_qxbam_228"[39m
          [36m>[39m
            [36m<div[39m
              [33mstyle[39m=[32m"display: flex; align-items: center; gap: 12px; cursor: pointer; padding: 8px; border-radius: 8px; transition: background-color 0.2s;"[39m
            [36m>[39m
              [36m<div[39m
                [33mclass[39m=[32m"menu-icon hover-highlight"[39m
              [36m>[39m
                [36m<div[39m
                  [33mclass[39m=[32m"usercontext-icon"[39m
                  [33mdata-identity-color[39m=[32m"blue"[39m
                  [33mdata-identity-icon[39m=[32m"briefcase"[39m
                  [33mstyle[39m=[32m"width: 24px; height: 24px;"[39m
                [36m/>[39m
              [36m</div>[39m
              [36m<div[39m
                [33mstyle[39m=[32m"display: flex; flex-direction: column; flex: 1 1 0%; gap: 4px;"[39m
              [36m>[39m
                [36m<div[39m
                  [33mstyle[39m=[32m"display: flex; align-items: center; gap: 8px;"[39m
                [36m>[39m
                  [36m<div[39m
                    [33mclass[39m=[32m"awsui_root_18wu0_qxbam_934 awsui_box_18wu0_qxbam_172 awsui_color-default_18wu0_qxbam_172 awsui_font-size-body-m_18wu0_qxbam_342 awsui_font-weight-bold_18wu0_qxbam_381"[39m
                  [36m>[39m
                    [0mtest-profile-2[0m
                  [36m</div>[39m
                [36m</div>[39m
                [36m<div[39m
                  [33mclass[39m=[32m"awsui_root_18wu0_qxbam_934 awsui_box_18wu0_qxbam_172 awsui_color-text-body-secondary_18wu0_qxbam_316 awsui_font-size-body-s_18wu0_qxbam_337 awsui_font-weight-default_18wu0_qxbam_228"[39m
                [36m>[39m
                  [0m⏰ 59m[0m
                [36m</div>[39m
              [36m</div>[39m
              [36m<div[39m
                [33mstyle[39m=[32m"padding: 6px 10px; cursor: pointer; font-size: 20px;"[39m
              [36m>[39m
                [0m☆[0m
              [36m</div>[39m
            [36m</div>[39m
          [36m</div>[39m
          [36m<div[39m
            [33mclass[39m=[32m"awsui_root_18wu0_qxbam_934 awsui_box_18wu0_qxbam_172 awsui_m-bottom-xxxs_18wu0_qxbam_703 awsui_p-horizontal-s_18wu0_qxbam_524 awsui_p-vertical-xs_18wu0_qxbam_494 awsui_color-default_18wu0_qxbam_172 awsui_font-size-default_18wu0_qxbam_188 awsui_font-weight-default_18wu0_qxbam_228"[39m
          [36m>[39m
            [36m<div[39m
              [33mstyle[39m=[32m"display: flex; align-items: center; gap: 12px; cursor: pointer; padding: 8px; border-radius: 8px; transition: background-color 0.2s;"[39m
            [36m>[39m
              [36m<div[39m
                [33mclass[39m=[32m"menu-icon hover-highlight"[39m
              [36m>[39m
                [36m<div[39m
                  [33mclass[39m=[32m"usercontext-icon"[39m
                  [33mdata-identity-color[39m=[32m"blue"[39m
                  [33mdata-identity-icon[39m=[32m"briefcase"[39m
                  [33mstyle[39m=[32m"width: 24px; height: 24px;"[39m
                [36m/>[39m
              [36m</div>[39m
              [36m<div[39m
                [33mstyle[39m=[32m"display: flex; flex-direction: column; flex: 1 1 0%; gap: 4px;"[39m
              [36m>[39m
                [36m<div[39m
                  [33mstyle[39m=[32m"display: flex; align-items: center; gap: 8px;"[39m
                [36m>[39m
                  [36m<div[39m
                    [33mclass[39m=[32m"awsui_root_18wu0_qxbam_934 awsui_box_18wu0_qxbam_172 awsui_color-default_18wu0_qxbam_172 awsui_font-size-body-m_18wu0_qxbam_342 awsui_font-weight-bold_18wu0_qxbam_381"[39m
                  [36m>[39m
                    [0mtest-profile-3[0m
                  [36m</div>[39m
                [36m</div>[39m
                [36m<div[39m
                  [33mclass[39m=[32m"awsui_root_18wu0_qxbam_934 awsui_box_18wu0_qxbam_172 awsui_color-text-body-secondary_18wu0_qxbam_316 awsui_font-size-body-s_18wu0_qxbam_337 awsui_font-weight-default_18wu0_qxbam_228"[39m
                [36m>[39m
                  [0m⏰ 59m[0m
                [36m</div>[39m
              [36m</div>[39m
              [36m<div[39m
                [33mstyle[39m=[32m"padding: 6px 10px; cursor: pointer; font-size: 20px;"[39m
              [36m>[39m
                [0m☆[0m
              [36m</div>[39m
            [36m</div>[39m
          [36m</div>[39m
          [36m<div[39m
            [33mclass[39m=[32m"awsui_root_18wu0_qxbam_934 awsui_box_18wu0_qxbam_172 awsui_m-bottom-xxxs_18wu0_qxbam_703 awsui_p-horizontal-s_18wu0_qxbam_524 awsui_p-vertical-xs_18wu0_qxbam_494 awsui_color-default_18wu0_qxbam_172 awsui_font-size-default_18wu0_qxbam_188 awsui_font-weight-default_18wu0_qxbam_228"[39m
          [36m>[39m
            [36m<div[39m
              [33mstyle[39m=[32m"display: flex; align-items: center; gap: 12px; cursor: pointer; padding: 8px; border-radius: 8px; transition: background-color 0.2s;"[39m
            [36m>[39m
              [36m<div[39m
                [33mclass[39m=[32m"menu-icon hover-highlight"[39m
              [36m>[39m
                [36m<div[39m
                  [33mclass[39m=[32m"usercontext-icon"[39m
                  [33mdata-identity-color[39m=[32m"blue"[39m
                  [33mdata-identity-icon[39m=[32m"briefcase"[39m
                  [33mstyle[39m=[32m"width: 24px; height: 24px;"[39m
                [36m/>[39m
              [36m</div>[39m
              [36m<div[39m
                [33mstyle[39m=[32m"display: flex; flex-direction: column; flex: 1 1 0%; gap: 4px;"[39m
              [36m>[39m
                [36m<div[39m
                  [33mstyle[39m=[32m"display: flex; align-items: center; gap: 8px;"[39m
                [36m>[39m
                  [36m<div[39m
                    [33mclass[39m=[32m"awsui_root_18wu0_qxbam_934 awsui_box_18wu0_qxbam_172 awsui_color-default_18wu0_qxbam_172 awsui_font-size-body-m_18wu0_qxbam_342 awsui_font-weight-bold_18wu0_qxbam_381"[39m
                  [36m>[39m
                    [0mtest-profile-4[0m
                  [36m</div>[39m
                [36m</div>[39m
                [36m<div[39m
                  [33mclass[39m=[32m"awsui_root_18wu0_qxbam_934 awsui_box_18wu0_qxbam_172 awsui_color-text-body-secondary_18wu0_qxbam_316 awsui_font-size-body-s_18wu0_qxbam_337 awsui_font-weight-default_18wu0_qxbam_228"[39m
                [36m>[39m
                  [0m⏰ 59m[0m
                [36m</div>[39m
              [36m</div>[39m
              [36m<div[39m
                [33mstyle[39m=[32m"padding: 6px 10px; cursor: pointer; font-size: 20px;"[39m
              [36m>[39m
                [0m☆[0m
              [36m</div>[39m
            [36m</div>[39m
          [36m</div>[39m
        [36m</div>[39m
      [36m</div>[39m
    [36m</body>[39m

      82 |         );
      83 |
    > 84 |         expect(screen.getAllByRole('row')).toHaveLength(5);
         |                       ^
      85 |
      86 |         // Re-render with different profiles
      87 |         rerender(

      at Object.getElementError (node_modules/@testing-library/dom/dist/config.js:37:19)
      at node_modules/@testing-library/dom/dist/query-helpers.js:76:38
      at node_modules/@testing-library/dom/dist/query-helpers.js:109:15
      at Object.<anonymous> (src/popup/components/__tests__/ProfileList.performance.test.tsx:84:23)

  ● ProfileList Performance › should render large profile list efficiently

    TestingLibraryElementError: Unable to find an accessible element with the role "row"

    There are no accessible roles. But there might be some inaccessible roles. If you wish to access them, then set the `hidden` option to `true`. Learn more about this here: https://testing-library.com/docs/dom-testing-library/api-queries#byrole

    Ignored nodes: comments, script, style
    [36m<body>[39m
      [36m<div>[39m
        [36m<div[39m
          [33mid[39m=[32m"identities-list"[39m
          [33mstyle[39m=[32m"width: 100%;"[39m
        [36m>[39m
          [36m<div[39m
            [33mclass[39m=[32m"awsui_root_18wu0_qxbam_934 awsui_box_18wu0_qxbam_172 awsui_m-bottom-xxxs_18wu0_qxbam_703 awsui_p-horizontal-s_18wu0_qxbam_524 awsui_p-vertical-xs_18wu0_qxbam_494 awsui_color-default_18wu0_qxbam_172 awsui_font-size-default_18wu0_qxbam_188 awsui_font-weight-default_18wu0_qxbam_228"[39m
          [36m>[39m
            [36m<div[39m
              [33mstyle[39m=[32m"display: flex; align-items: center; gap: 12px; cursor: pointer; padding: 8px; border-radius: 8px; transition: background-color 0.2s;"[39m
            [36m>[39m
              [36m<div[39m
                [33mclass[39m=[32m"menu-icon hover-highlight"[39m
              [36m>[39m
                [36m<div[39m
                  [33mclass[39m=[32m"usercontext-icon"[39m
                  [33mdata-identity-color[39m=[32m"blue"[39m
                  [33mdata-identity-icon[39m=[32m"briefcase"[39m
                  [33mstyle[39m=[32m"width: 24px; height: 24px;"[39m
                [36m/>[39m
              [36m</div>[39m
              [36m<div[39m
                [33mstyle[39m=[32m"display: flex; flex-direction: column; flex: 1 1 0%; gap: 4px;"[39m
              [36m>[39m
                [36m<div[39m
                  [33mstyle[39m=[32m"display: flex; align-items: center; gap: 8px;"[39m
                [36m>[39m
                  [36m<div[39m
                    [33mclass[39m=[32m"awsui_root_18wu0_qxbam_934 awsui_box_18wu0_qxbam_172 awsui_color-default_18wu0_qxbam_172 awsui_font-size-body-m_18wu0_qxbam_342 awsui_font-weight-bold_18wu0_qxbam_381"[39m
                  [36m>[39m
                    [0mtest-profile-0[0m
                  [36m</div>[39m
                [36m</div>[39m
                [36m<div[39m
                  [33mclass[39m=[32m"awsui_root_18wu0_qxbam_934 awsui_box_18wu0_qxbam_172 awsui_color-text-status-error_18wu0_qxbam_319 awsui_font-size-body-s_18wu0_qxbam_337 awsui_font-weight-default_18wu0_qxbam_228"[39m
                [36m>[39m
                  [0m⚠️ Expired[0m
                [36m</div>[39m
              [36m</div>[39m
              [36m<div[39m
                [33mstyle[39m=[32m"padding: 6px 10px; cursor: pointer; font-size: 20px;"[39m
              [36m>[39m
                [0m☆[0m
              [36m</div>[39m
            [36m</div>[39m
          [36m</div>[39m
          [36m<div[39m
            [33mclass[39m=[32m"awsui_root_18wu0_qxbam_934 awsui_box_18wu0_qxbam_172 awsui_m-bottom-xxxs_18wu0_qxbam_703 awsui_p-horizontal-s_18wu0_qxbam_524 awsui_p-vertical-xs_18wu0_qxbam_494 awsui_color-default_18wu0_qxbam_172 awsui_font-size-default_18wu0_qxbam_188 awsui_font-weight-default_18wu0_qxbam_228"[39m
          [36m>[39m
            [36m<div[39m
              [33mstyle[39m=[32m"display: flex; align-items: center; gap: 12px; cursor: pointer; padding: 8px; border-radius: 8px; transition: background-color 0.2s;"[39m
            [36m>[39m
              [36m<div[39m
                [33mclass[39m=[32m"menu-icon hover-highlight"[39m
              [36m>[39m
                [36m<div[39m
                  [33mclass[39m=[32m"usercontext-icon"[39m
                  [33mdata-identity-color[39m=[32m"blue"[39m
                  [33mdata-identity-icon[39m=[32m"briefcase"[39m
                  [33mstyle[39m=[32m"width: 24px; height: 24px;"[39m
                [36m/>[39m
              [36m</div>[39m
              [36m<div[39m
                [33mstyle[39m=[32m"display: flex; flex-direction: column; flex: 1 1 0%; gap: 4px;"[39m
              [36m>[39m
                [36m<div[39m
                  [33mstyle[39m=[32m"display: flex; align-items: center; gap: 8px;"[39m
                [36m>[39m
                  [36m<div[39m
                    [33mclass[39m=[32m"awsui_root_18wu0_qxbam_934 awsui_box_18wu0_qxbam_172 awsui_color-default_18wu0_qxbam_172 awsui_font-size-body-m_18wu0_qxbam_342 awsui_font-weight-bold_18wu0_qxbam_381"[39m
                  [36m>[39m
                    [0mtest-profile-1[0m
                  [36m</div>[39m
                [36m</div>[39m
                [36m<div[39m
                  [33mclass[39m=[32m"awsui_root_18wu0_qxbam_934 awsui_box_18wu0_qxbam_172 awsui_color-text-body-secondary_18wu0_qxbam_316 awsui_font-size-body-s_18wu0_qxbam_337 awsui_font-weight-default_18wu0_qxbam_228"[39m
                [36m>[39m
                  [0m⏰ 59m[0m
                [36m</div>[39m
              [36m</div>[39m
              [36m<div[39m
                [33mstyle[39m=[32m"padding: 6px 10px; cursor: pointer; font-size: 20px;"[39m
              [36m>[39m
                [0m☆[0m
              [36m</div>[39m
            [36m</div>[39m
          [36m</div>[39m
          [36m<div[39m
            [33mclass[39m=[32m"awsui_root_18wu0_qxbam_934 awsui_box_18wu0_qxbam_172 awsui_m-bottom-xxxs_18wu0_qxbam_703 awsui_p-horizontal-s_18wu0_qxbam_524 awsui_p-vertical-xs_18wu0_qxbam_494 awsui_color-default_18wu0_qxbam_172 awsui_font-size-default_18wu0_qxbam_188 awsui_font-weight-default_18wu0_qxbam_228"[39m
          [36m>[39m
            [36m<div[39m
              [33mstyle[39m=[32m"display: flex; align-items: center; gap: 12px; cursor: pointer; padding: 8px; border-radius: 8px; transition: background-color 0.2s;"[39m
            [36m>[39m
              [36m<div[39m
                [33mclass[39m=[32m"menu-icon hover-highlight"[39m
              [36m>[39m
                [36m<div[39m
                  [33mclass[39m=[32m"usercontext-icon"[39m
                  [33mdata-identity-color[39m=[32m"blue"[39m
                  [33mdata-identity-icon[39m=[32m"briefcase"[39m
                  [33mstyle[39m=[32m"width: 24px; height: 24px;"[39m
                [36m/>[39m
              [36m</div>[39m
              [36m<div[39m
                [33mstyle[39m=[32m"display: flex; flex-direction: column; flex: 1 1 0%; gap: 4px;"[39m
              [36m>[39m
                [36m<div[39m
                  [33mstyle[39m=[32m"display: flex; align-items: center; gap: 8px;"[39m
                [36m>[39m
                  [36m<div[39m
                    [33mclass[39m=[32m"awsui_root_18wu0_qxbam_934 awsui_box_18wu0_qxbam_172 awsui_color-default_18wu0_qxbam_172 awsui_font-size-body-m_18wu0_qxbam_342 awsui_font-weight-bold_18wu0_qxbam_381"[39m
                  [36m>[39m
                    [0mtest-profile-2[0m
                  [36m</div>[39m
                [36m</div>[39m
                [36m<div[39m
                  [33mclass[39m=[32m"awsui_root_18wu0_qxbam_934 awsui_box_18wu0_qxbam_172 awsui_color-text-body-secondary_18wu0_qxbam_316 awsui_font-size-body-s_18wu0_qxbam_337 awsui_font-weight-default_18wu0_qxbam_228"[39m
                [36m>[39m
                  [0m⏰ 59m[0m
                [36m</div>[39m
              [36m</div>[39m
              [36m<div[39m
                [33mstyle[39m=[32m"padding: 6px 10px; cursor: pointer; font-size: 20px;"[39m
              [36m>[39m
                [0m☆[0m
              [36m</div>[39m
            [36m</div>[39m
          [36m</div>[39m
          [36m<div[39m
            [33mclas...

      163 |         );
      164 |
    > 165 |         expect(screen.getAllByRole('row')).toHaveLength(100);
          |                       ^
      166 |     });
      167 |
      168 |     /**

      at Object.getElementError (node_modules/@testing-library/dom/dist/config.js:37:19)
      at node_modules/@testing-library/dom/dist/query-helpers.js:76:38
      at node_modules/@testing-library/dom/dist/query-helpers.js:109:15
      at Object.<anonymous> (src/popup/components/__tests__/ProfileList.performance.test.tsx:165:23)

  ● ProfileList Performance › should use custom comparison function to prevent re-renders

    TestingLibraryElementError: Unable to find an accessible element with the role "row"

    There are no accessible roles. But there might be some inaccessible roles. If you wish to access them, then set the `hidden` option to `true`. Learn more about this here: https://testing-library.com/docs/dom-testing-library/api-queries#byrole

    Ignored nodes: comments, script, style
    [36m<body>[39m
      [36m<div>[39m
        [36m<div[39m
          [33mid[39m=[32m"identities-list"[39m
          [33mstyle[39m=[32m"width: 100%;"[39m
        [36m>[39m
          [36m<div[39m
            [33mclass[39m=[32m"awsui_root_18wu0_qxbam_934 awsui_box_18wu0_qxbam_172 awsui_m-bottom-xxxs_18wu0_qxbam_703 awsui_p-horizontal-s_18wu0_qxbam_524 awsui_p-vertical-xs_18wu0_qxbam_494 awsui_color-default_18wu0_qxbam_172 awsui_font-size-default_18wu0_qxbam_188 awsui_font-weight-default_18wu0_qxbam_228"[39m
          [36m>[39m
            [36m<div[39m
              [33mstyle[39m=[32m"display: flex; align-items: center; gap: 12px; cursor: pointer; padding: 8px; border-radius: 8px; transition: background-color 0.2s;"[39m
            [36m>[39m
              [36m<div[39m
                [33mclass[39m=[32m"menu-icon hover-highlight"[39m
              [36m>[39m
                [36m<div[39m
                  [33mclass[39m=[32m"usercontext-icon"[39m
                  [33mdata-identity-color[39m=[32m"blue"[39m
                  [33mdata-identity-icon[39m=[32m"briefcase"[39m
                  [33mstyle[39m=[32m"width: 24px; height: 24px;"[39m
                [36m/>[39m
              [36m</div>[39m
              [36m<div[39m
                [33mstyle[39m=[32m"display: flex; flex-direction: column; flex: 1 1 0%; gap: 4px;"[39m
              [36m>[39m
                [36m<div[39m
                  [33mstyle[39m=[32m"display: flex; align-items: center; gap: 8px;"[39m
                [36m>[39m
                  [36m<div[39m
                    [33mclass[39m=[32m"awsui_root_18wu0_qxbam_934 awsui_box_18wu0_qxbam_172 awsui_color-default_18wu0_qxbam_172 awsui_font-size-body-m_18wu0_qxbam_342 awsui_font-weight-bold_18wu0_qxbam_381"[39m
                  [36m>[39m
                    [0mprofile-1[0m
                  [36m</div>[39m
                [36m</div>[39m
                [36m<div[39m
                  [33mclass[39m=[32m"awsui_root_18wu0_qxbam_934 awsui_box_18wu0_qxbam_172 awsui_color-text-body-secondary_18wu0_qxbam_316 awsui_font-size-body-s_18wu0_qxbam_337 awsui_font-weight-default_18wu0_qxbam_228"[39m
                [36m>[39m
                  [0m⏰ -453591m[0m
                [36m</div>[39m
              [36m</div>[39m
              [36m<div[39m
                [33mstyle[39m=[32m"padding: 6px 10px; cursor: pointer; font-size: 20px;"[39m
              [36m>[39m
                [0m☆[0m
              [36m</div>[39m
            [36m</div>[39m
          [36m</div>[39m
          [36m<div[39m
            [33mclass[39m=[32m"awsui_root_18wu0_qxbam_934 awsui_box_18wu0_qxbam_172 awsui_m-bottom-xxxs_18wu0_qxbam_703 awsui_p-horizontal-s_18wu0_qxbam_524 awsui_p-vertical-xs_18wu0_qxbam_494 awsui_color-default_18wu0_qxbam_172 awsui_font-size-default_18wu0_qxbam_188 awsui_font-weight-default_18wu0_qxbam_228"[39m
          [36m>[39m
            [36m<div[39m
              [33mstyle[39m=[32m"display: flex; align-items: center; gap: 12px; cursor: pointer; padding: 8px; border-radius: 8px; transition: background-color 0.2s;"[39m
            [36m>[39m
              [36m<div[39m
                [33mclass[39m=[32m"menu-icon hover-highlight"[39m
              [36m>[39m
                [36m<div[39m
                  [33mclass[39m=[32m"usercontext-icon"[39m
                  [33mdata-identity-color[39m=[32m"blue"[39m
                  [33mdata-identity-icon[39m=[32m"briefcase"[39m
                  [33mstyle[39m=[32m"width: 24px; height: 24px;"[39m
                [36m/>[39m
              [36m</div>[39m
              [36m<div[39m
                [33mstyle[39m=[32m"display: flex; flex-direction: column; flex: 1 1 0%; gap: 4px;"[39m
              [36m>[39m
                [36m<div[39m
                  [33mstyle[39m=[32m"display: flex; align-items: center; gap: 8px;"[39m
                [36m>[39m
                  [36m<div[39m
                    [33mclass[39m=[32m"awsui_root_18wu0_qxbam_934 awsui_box_18wu0_qxbam_172 awsui_color-default_18wu0_qxbam_172 awsui_font-size-body-m_18wu0_qxbam_342 awsui_font-weight-bold_18wu0_qxbam_381"[39m
                  [36m>[39m
                    [0mprofile-2[0m
                  [36m</div>[39m
                [36m</div>[39m
                [36m<div[39m
                  [33mclass[39m=[32m"awsui_root_18wu0_qxbam_934 awsui_box_18wu0_qxbam_172 awsui_color-text-body-secondary_18wu0_qxbam_316 awsui_font-size-body-s_18wu0_qxbam_337 awsui_font-weight-default_18wu0_qxbam_228"[39m
                [36m>[39m
                  [0m⏰ -453591m[0m
                [36m</div>[39m
              [36m</div>[39m
              [36m<div[39m
                [33mstyle[39m=[32m"padding: 6px 10px; cursor: pointer; font-size: 20px;"[39m
              [36m>[39m
                [0m☆[0m
              [36m</div>[39m
            [36m</div>[39m
          [36m</div>[39m
        [36m</div>[39m
      [36m</div>[39m
    [36m</body>[39m

      234 |         // Component should recognize that values are the same
      235 |         // and avoid re-render (verified by memo comparison function)
    > 236 |         expect(screen.getAllByRole('row')).toHaveLength(2);
          |                       ^
      237 |     });
      238 |
      239 |     /**

      at Object.getElementError (node_modules/@testing-library/dom/dist/config.js:37:19)
      at node_modules/@testing-library/dom/dist/query-helpers.js:76:38
      at node_modules/@testing-library/dom/dist/query-helpers.js:109:15
      at Object.<anonymous> (src/popup/components/__tests__/ProfileList.performance.test.tsx:236:23)

  ● ProfileList Performance › should minimize re-renders during multiple state updates

    expect(element).toHaveTextContent()

    Expected element to have text content:
      10
    Received:
      0

      273 |
      274 |         // Verify counter updated (parent re-rendered 10 times)
    > 275 |         expect(screen.getByTestId('counter')).toHaveTextContent('10');
          |                                               ^
      276 |
      277 |         // ProfileList should still render correctly despite parent re-renders
      278 |         expect(screen.getAllByRole('row')).toHaveLength(20);

      at Object.<anonymous> (src/popup/components/__tests__/ProfileList.performance.test.tsx:275:47)

PASS src/popup/components/__tests__/ProfileSearch.test.tsx (10.233 s)
FAIL src/popup/__tests__/awsProfiles.performance.test.tsx (10.902 s)
  ● AWSProfiles Performance - Search Debouncing › should debounce search input with 300ms delay

    TypeError: favorites.includes is not a function

      44 |                     key={profile.name}
      45 |                     profile={profile}
    > 46 |                     isFavorite={favorites.includes(profile.name)}
         |                                           ^
      47 |                     onProfileClick={onProfileClick}
      48 |                     onFavoriteToggle={onFavoriteToggle}
      49 |                 />

      at includes (src/popup/components/ProfileList.tsx:46:43)
          at Array.map (<anonymous>)
      at map (src/popup/components/ProfileList.tsx:42:23)
      at Object.react_stack_bottom_frame (node_modules/react-dom/cjs/react-dom-client.development.js:25904:20)
      at renderWithHooks (node_modules/react-dom/cjs/react-dom-client.development.js:7662:22)
      at updateFunctionComponent (node_modules/react-dom/cjs/react-dom-client.development.js:10166:19)
      at beginWork (node_modules/react-dom/cjs/react-dom-client.development.js:11778:18)
      at runWithFiberInDEV (node_modules/react-dom/cjs/react-dom-client.development.js:874:13)
      at performUnitOfWork (node_modules/react-dom/cjs/react-dom-client.development.js:17641:22)
      at workLoopSync (node_modules/react-dom/cjs/react-dom-client.development.js:17469:41)
      at renderRootSync (node_modules/react-dom/cjs/react-dom-client.development.js:17450:11)
      at performWorkOnRoot (node_modules/react-dom/cjs/react-dom-client.development.js:16583:35)
      at performWorkOnRootViaSchedulerTask (node_modules/react-dom/cjs/react-dom-client.development.js:18957:7)
      at flushActQueue (node_modules/react/cjs/react.development.js:590:34)
      at process.env.NODE_ENV.exports.act (node_modules/react/cjs/react.development.js:884:10)
      at node_modules/@testing-library/react/dist/act-compat.js:47:25
      at renderRoot (node_modules/@testing-library/react/dist/pure.js:190:26)
      at render (node_modules/@testing-library/react/dist/pure.js:292:10)
      at src/popup/__tests__/awsProfiles.performance.test.tsx:90:15
      at step (src/popup/__tests__/awsProfiles.performance.test.tsx:39:23)
      at Object.next (src/popup/__tests__/awsProfiles.performance.test.tsx:20:53)
      at src/popup/__tests__/awsProfiles.performance.test.tsx:14:71
      at __awaiter (src/popup/__tests__/awsProfiles.performance.test.tsx:10:12)
      at Object.<anonymous> (src/popup/__tests__/awsProfiles.performance.test.tsx:88:57)

  ● AWSProfiles Performance - Search Debouncing › should only filter once after rapid typing stops

    TypeError: favorites.includes is not a function

      44 |                     key={profile.name}
      45 |                     profile={profile}
    > 46 |                     isFavorite={favorites.includes(profile.name)}
         |                                           ^
      47 |                     onProfileClick={onProfileClick}
      48 |                     onFavoriteToggle={onFavoriteToggle}
      49 |                 />

      at includes (src/popup/components/ProfileList.tsx:46:43)
          at Array.map (<anonymous>)
      at map (src/popup/components/ProfileList.tsx:42:23)
      at Object.react_stack_bottom_frame (node_modules/react-dom/cjs/react-dom-client.development.js:25904:20)
      at renderWithHooks (node_modules/react-dom/cjs/react-dom-client.development.js:7662:22)
      at updateFunctionComponent (node_modules/react-dom/cjs/react-dom-client.development.js:10166:19)
      at beginWork (node_modules/react-dom/cjs/react-dom-client.development.js:11778:18)
      at runWithFiberInDEV (node_modules/react-dom/cjs/react-dom-client.development.js:874:13)
      at performUnitOfWork (node_modules/react-dom/cjs/react-dom-client.development.js:17641:22)
      at workLoopSync (node_modules/react-dom/cjs/react-dom-client.development.js:17469:41)
      at renderRootSync (node_modules/react-dom/cjs/react-dom-client.development.js:17450:11)
      at performWorkOnRoot (node_modules/react-dom/cjs/react-dom-client.development.js:16583:35)
      at performWorkOnRootViaSchedulerTask (node_modules/react-dom/cjs/react-dom-client.development.js:18957:7)
      at flushActQueue (node_modules/react/cjs/react.development.js:590:34)
      at process.env.NODE_ENV.exports.act (node_modules/react/cjs/react.development.js:884:10)
      at node_modules/@testing-library/react/dist/act-compat.js:47:25
      at renderRoot (node_modules/@testing-library/react/dist/pure.js:190:26)
      at render (node_modules/@testing-library/react/dist/pure.js:292:10)
      at src/popup/__tests__/awsProfiles.performance.test.tsx:125:15
      at step (src/popup/__tests__/awsProfiles.performance.test.tsx:39:23)
      at Object.next (src/popup/__tests__/awsProfiles.performance.test.tsx:20:53)
      at src/popup/__tests__/awsProfiles.performance.test.tsx:14:71
      at __awaiter (src/popup/__tests__/awsProfiles.performance.test.tsx:10:12)
      at Object.<anonymous> (src/popup/__tests__/awsProfiles.performance.test.tsx:123:60)

  ● AWSProfiles Performance - Search Debouncing › should debounce search clearing

    TypeError: favorites.includes is not a function

      44 |                     key={profile.name}
      45 |                     profile={profile}
    > 46 |                     isFavorite={favorites.includes(profile.name)}
         |                                           ^
      47 |                     onProfileClick={onProfileClick}
      48 |                     onFavoriteToggle={onFavoriteToggle}
      49 |                 />

      at includes (src/popup/components/ProfileList.tsx:46:43)
          at Array.map (<anonymous>)
      at map (src/popup/components/ProfileList.tsx:42:23)
      at Object.react_stack_bottom_frame (node_modules/react-dom/cjs/react-dom-client.development.js:25904:20)
      at renderWithHooks (node_modules/react-dom/cjs/react-dom-client.development.js:7662:22)
      at updateFunctionComponent (node_modules/react-dom/cjs/react-dom-client.development.js:10166:19)
      at beginWork (node_modules/react-dom/cjs/react-dom-client.development.js:11778:18)
      at runWithFiberInDEV (node_modules/react-dom/cjs/react-dom-client.development.js:874:13)
      at performUnitOfWork (node_modules/react-dom/cjs/react-dom-client.development.js:17641:22)
      at workLoopSync (node_modules/react-dom/cjs/react-dom-client.development.js:17469:41)
      at renderRootSync (node_modules/react-dom/cjs/react-dom-client.development.js:17450:11)
      at performWorkOnRoot (node_modules/react-dom/cjs/react-dom-client.development.js:16583:35)
      at performWorkOnRootViaSchedulerTask (node_modules/react-dom/cjs/react-dom-client.development.js:18957:7)
      at flushActQueue (node_modules/react/cjs/react.development.js:590:34)
      at process.env.NODE_ENV.exports.act (node_modules/react/cjs/react.development.js:884:10)
      at node_modules/@testing-library/react/dist/act-compat.js:47:25
      at renderRoot (node_modules/@testing-library/react/dist/pure.js:190:26)
      at render (node_modules/@testing-library/react/dist/pure.js:292:10)
      at src/popup/__tests__/awsProfiles.performance.test.tsx:155:15
      at step (src/popup/__tests__/awsProfiles.performance.test.tsx:39:23)
      at Object.next (src/popup/__tests__/awsProfiles.performance.test.tsx:20:53)
      at src/popup/__tests__/awsProfiles.performance.test.tsx:14:71
      at __awaiter (src/popup/__tests__/awsProfiles.performance.test.tsx:10:12)
      at Object.<anonymous> (src/popup/__tests__/awsProfiles.performance.test.tsx:153:43)

  ● AWSProfiles Performance - Search Debouncing › should handle search on large profile list efficiently

    TypeError: favorites.includes is not a function

      44 |                     key={profile.name}
      45 |                     profile={profile}
    > 46 |                     isFavorite={favorites.includes(profile.name)}
         |                                           ^
      47 |                     onProfileClick={onProfileClick}
      48 |                     onFavoriteToggle={onFavoriteToggle}
      49 |                 />

      at includes (src/popup/components/ProfileList.tsx:46:43)
          at Array.map (<anonymous>)
      at map (src/popup/components/ProfileList.tsx:42:23)
      at Object.react_stack_bottom_frame (node_modules/react-dom/cjs/react-dom-client.development.js:25904:20)
      at renderWithHooks (node_modules/react-dom/cjs/react-dom-client.development.js:7662:22)
      at updateFunctionComponent (node_modules/react-dom/cjs/react-dom-client.development.js:10166:19)
      at beginWork (node_modules/react-dom/cjs/react-dom-client.development.js:11778:18)
      at runWithFiberInDEV (node_modules/react-dom/cjs/react-dom-client.development.js:874:13)
      at performUnitOfWork (node_modules/react-dom/cjs/react-dom-client.development.js:17641:22)
      at workLoopSync (node_modules/react-dom/cjs/react-dom-client.development.js:17469:41)
      at renderRootSync (node_modules/react-dom/cjs/react-dom-client.development.js:17450:11)
      at performWorkOnRoot (node_modules/react-dom/cjs/react-dom-client.development.js:16583:35)
      at performWorkOnRootViaSchedulerTask (node_modules/react-dom/cjs/react-dom-client.development.js:18957:7)
      at flushActQueue (node_modules/react/cjs/react.development.js:590:34)
      at process.env.NODE_ENV.exports.act (node_modules/react/cjs/react.development.js:884:10)
      at node_modules/@testing-library/react/dist/act-compat.js:47:25
      at renderRoot (node_modules/@testing-library/react/dist/pure.js:190:26)
      at render (node_modules/@testing-library/react/dist/pure.js:292:10)
      at src/popup/__tests__/awsProfiles.performance.test.tsx:183:15
      at step (src/popup/__tests__/awsProfiles.performance.test.tsx:39:23)
      at Object.next (src/popup/__tests__/awsProfiles.performance.test.tsx:20:53)
      at src/popup/__tests__/awsProfiles.performance.test.tsx:14:71
      at __awaiter (src/popup/__tests__/awsProfiles.performance.test.tsx:10:12)
      at Object.<anonymous> (src/popup/__tests__/awsProfiles.performance.test.tsx:179:66)

  ● AWSProfiles Performance - useCallback Effectiveness › should maintain stable callback references with useCallback

    TypeError: favorites.includes is not a function

      44 |                     key={profile.name}
      45 |                     profile={profile}
    > 46 |                     isFavorite={favorites.includes(profile.name)}
         |                                           ^
      47 |                     onProfileClick={onProfileClick}
      48 |                     onFavoriteToggle={onFavoriteToggle}
      49 |                 />

      at includes (src/popup/components/ProfileList.tsx:46:43)
          at Array.map (<anonymous>)
      at map (src/popup/components/ProfileList.tsx:42:23)
      at Object.react_stack_bottom_frame (node_modules/react-dom/cjs/react-dom-client.development.js:25904:20)
      at renderWithHooks (node_modules/react-dom/cjs/react-dom-client.development.js:7662:22)
      at updateFunctionComponent (node_modules/react-dom/cjs/react-dom-client.development.js:10166:19)
      at beginWork (node_modules/react-dom/cjs/react-dom-client.development.js:11778:18)
      at runWithFiberInDEV (node_modules/react-dom/cjs/react-dom-client.development.js:874:13)
      at performUnitOfWork (node_modules/react-dom/cjs/react-dom-client.development.js:17641:22)
      at workLoopSync (node_modules/react-dom/cjs/react-dom-client.development.js:17469:41)
      at renderRootSync (node_modules/react-dom/cjs/react-dom-client.development.js:17450:11)
      at performWorkOnRoot (node_modules/react-dom/cjs/react-dom-client.development.js:16583:35)
      at performWorkOnRootViaSchedulerTask (node_modules/react-dom/cjs/react-dom-client.development.js:18957:7)
      at flushActQueue (node_modules/react/cjs/react.development.js:590:34)
      at process.env.NODE_ENV.exports.act (node_modules/react/cjs/react.development.js:884:10)
      at node_modules/@testing-library/react/dist/act-compat.js:47:25
      at renderRoot (node_modules/@testing-library/react/dist/pure.js:190:26)
      at render (node_modules/@testing-library/react/dist/pure.js:292:10)
      at Object.<anonymous> (src/popup/__tests__/awsProfiles.performance.test.tsx:215:36)

  ● AWSProfiles Performance - useCallback Effectiveness › should handle multiple rapid state updates efficiently

    TypeError: favorites.includes is not a function

      44 |                     key={profile.name}
      45 |                     profile={profile}
    > 46 |                     isFavorite={favorites.includes(profile.name)}
         |                                           ^
      47 |                     onProfileClick={onProfileClick}
      48 |                     onFavoriteToggle={onFavoriteToggle}
      49 |                 />

      at includes (src/popup/components/ProfileList.tsx:46:43)
          at Array.map (<anonymous>)
      at map (src/popup/components/ProfileList.tsx:42:23)
      at Object.react_stack_bottom_frame (node_modules/react-dom/cjs/react-dom-client.development.js:25904:20)
      at renderWithHooks (node_modules/react-dom/cjs/react-dom-client.development.js:7662:22)
      at updateFunctionComponent (node_modules/react-dom/cjs/react-dom-client.development.js:10166:19)
      at beginWork (node_modules/react-dom/cjs/react-dom-client.development.js:11778:18)
      at runWithFiberInDEV (node_modules/react-dom/cjs/react-dom-client.development.js:874:13)
      at performUnitOfWork (node_modules/react-dom/cjs/react-dom-client.development.js:17641:22)
      at workLoopSync (node_modules/react-dom/cjs/react-dom-client.development.js:17469:41)
      at renderRootSync (node_modules/react-dom/cjs/react-dom-client.development.js:17450:11)
      at performWorkOnRoot (node_modules/react-dom/cjs/react-dom-client.development.js:16583:35)
      at performWorkOnRootViaSchedulerTask (node_modules/react-dom/cjs/react-dom-client.development.js:18957:7)
      at flushActQueue (node_modules/react/cjs/react.development.js:590:34)
      at process.env.NODE_ENV.exports.act (node_modules/react/cjs/react.development.js:884:10)
      at node_modules/@testing-library/react/dist/act-compat.js:47:25
      at renderRoot (node_modules/@testing-library/react/dist/pure.js:190:26)
      at render (node_modules/@testing-library/react/dist/pure.js:292:10)
      at src/popup/__tests__/awsProfiles.performance.test.tsx:238:15
      at step (src/popup/__tests__/awsProfiles.performance.test.tsx:39:23)
      at Object.next (src/popup/__tests__/awsProfiles.performance.test.tsx:20:53)
      at src/popup/__tests__/awsProfiles.performance.test.tsx:14:71
      at __awaiter (src/popup/__tests__/awsProfiles.performance.test.tsx:10:12)
      at Object.<anonymous> (src/popup/__tests__/awsProfiles.performance.test.tsx:236:66)

  ● AWSProfiles Performance - Overall Rendering › should render initial view quickly

    TypeError: favorites.includes is not a function

      44 |                     key={profile.name}
      45 |                     profile={profile}
    > 46 |                     isFavorite={favorites.includes(profile.name)}
         |                                           ^
      47 |                     onProfileClick={onProfileClick}
      48 |                     onFavoriteToggle={onFavoriteToggle}
      49 |                 />

      at includes (src/popup/components/ProfileList.tsx:46:43)
          at Array.map (<anonymous>)
      at map (src/popup/components/ProfileList.tsx:42:23)
      at Object.react_stack_bottom_frame (node_modules/react-dom/cjs/react-dom-client.development.js:25904:20)
      at renderWithHooks (node_modules/react-dom/cjs/react-dom-client.development.js:7662:22)
      at updateFunctionComponent (node_modules/react-dom/cjs/react-dom-client.development.js:10166:19)
      at beginWork (node_modules/react-dom/cjs/react-dom-client.development.js:11778:18)
      at runWithFiberInDEV (node_modules/react-dom/cjs/react-dom-client.development.js:874:13)
      at performUnitOfWork (node_modules/react-dom/cjs/react-dom-client.development.js:17641:22)
      at workLoopSync (node_modules/react-dom/cjs/react-dom-client.development.js:17469:41)
      at renderRootSync (node_modules/react-dom/cjs/react-dom-client.development.js:17450:11)
      at performWorkOnRoot (node_modules/react-dom/cjs/react-dom-client.development.js:16583:35)
      at performWorkOnRootViaSchedulerTask (node_modules/react-dom/cjs/react-dom-client.development.js:18957:7)
      at flushActQueue (node_modules/react/cjs/react.development.js:590:34)
      at process.env.NODE_ENV.exports.act (node_modules/react/cjs/react.development.js:884:10)
      at node_modules/@testing-library/react/dist/act-compat.js:47:25
      at renderRoot (node_modules/@testing-library/react/dist/pure.js:190:26)
      at render (node_modules/@testing-library/react/dist/pure.js:292:10)
      at Object.<anonymous> (src/popup/__tests__/awsProfiles.performance.test.tsx:270:15)

  ● AWSProfiles Performance - Overall Rendering › should re-render efficiently

    TypeError: favorites.includes is not a function

      44 |                     key={profile.name}
      45 |                     profile={profile}
    > 46 |                     isFavorite={favorites.includes(profile.name)}
         |                                           ^
      47 |                     onProfileClick={onProfileClick}
      48 |                     onFavoriteToggle={onFavoriteToggle}
      49 |                 />

      at includes (src/popup/components/ProfileList.tsx:46:43)
          at Array.map (<anonymous>)
      at map (src/popup/components/ProfileList.tsx:42:23)
      at Object.react_stack_bottom_frame (node_modules/react-dom/cjs/react-dom-client.development.js:25904:20)
      at renderWithHooks (node_modules/react-dom/cjs/react-dom-client.development.js:7662:22)
      at updateFunctionComponent (node_modules/react-dom/cjs/react-dom-client.development.js:10166:19)
      at beginWork (node_modules/react-dom/cjs/react-dom-client.development.js:11778:18)
      at runWithFiberInDEV (node_modules/react-dom/cjs/react-dom-client.development.js:874:13)
      at performUnitOfWork (node_modules/react-dom/cjs/react-dom-client.development.js:17641:22)
      at workLoopSync (node_modules/react-dom/cjs/react-dom-client.development.js:17469:41)
      at renderRootSync (node_modules/react-dom/cjs/react-dom-client.development.js:17450:11)
      at performWorkOnRoot (node_modules/react-dom/cjs/react-dom-client.development.js:16583:35)
      at performWorkOnRootViaSchedulerTask (node_modules/react-dom/cjs/react-dom-client.development.js:18957:7)
      at flushActQueue (node_modules/react/cjs/react.development.js:590:34)
      at process.env.NODE_ENV.exports.act (node_modules/react/cjs/react.development.js:884:10)
      at node_modules/@testing-library/react/dist/act-compat.js:47:25
      at renderRoot (node_modules/@testing-library/react/dist/pure.js:190:26)
      at render (node_modules/@testing-library/react/dist/pure.js:292:10)
      at Object.<anonymous> (src/popup/__tests__/awsProfiles.performance.test.tsx:285:36)

  ● AWSProfiles Performance - Overall Rendering › should not leak memory during interactions

    TypeError: favorites.includes is not a function

      44 |                     key={profile.name}
      45 |                     profile={profile}
    > 46 |                     isFavorite={favorites.includes(profile.name)}
         |                                           ^
      47 |                     onProfileClick={onProfileClick}
      48 |                     onFavoriteToggle={onFavoriteToggle}
      49 |                 />

      at includes (src/popup/components/ProfileList.tsx:46:43)
          at Array.map (<anonymous>)
      at map (src/popup/components/ProfileList.tsx:42:23)
      at Object.react_stack_bottom_frame (node_modules/react-dom/cjs/react-dom-client.development.js:25904:20)
      at renderWithHooks (node_modules/react-dom/cjs/react-dom-client.development.js:7662:22)
      at updateFunctionComponent (node_modules/react-dom/cjs/react-dom-client.development.js:10166:19)
      at beginWork (node_modules/react-dom/cjs/react-dom-client.development.js:11778:18)
      at runWithFiberInDEV (node_modules/react-dom/cjs/react-dom-client.development.js:874:13)
      at performUnitOfWork (node_modules/react-dom/cjs/react-dom-client.development.js:17641:22)
      at workLoopSync (node_modules/react-dom/cjs/react-dom-client.development.js:17469:41)
      at renderRootSync (node_modules/react-dom/cjs/react-dom-client.development.js:17450:11)
      at performWorkOnRoot (node_modules/react-dom/cjs/react-dom-client.development.js:16583:35)
      at performWorkOnRootViaSchedulerTask (node_modules/react-dom/cjs/react-dom-client.development.js:18957:7)
      at flushActQueue (node_modules/react/cjs/react.development.js:590:34)
      at process.env.NODE_ENV.exports.act (node_modules/react/cjs/react.development.js:884:10)
      at node_modules/@testing-library/react/dist/act-compat.js:47:25
      at renderRoot (node_modules/@testing-library/react/dist/pure.js:190:26)
      at render (node_modules/@testing-library/react/dist/pure.js:292:10)
      at src/popup/__tests__/awsProfiles.performance.test.tsx:304:15
      at step (src/popup/__tests__/awsProfiles.performance.test.tsx:39:23)
      at Object.next (src/popup/__tests__/awsProfiles.performance.test.tsx:20:53)
      at src/popup/__tests__/awsProfiles.performance.test.tsx:14:71
      at __awaiter (src/popup/__tests__/awsProfiles.performance.test.tsx:10:12)
      at Object.<anonymous> (src/popup/__tests__/awsProfiles.performance.test.tsx:302:54)

FAIL src/popup/awsProfiles.test.tsx (12.638 s)
  ● Console

    console.error
      An update to AWSProfilesPopup inside a test was not wrapped in act(...).
      
      When testing, code that causes React state updates should be wrapped into act(...):
      
      act(() => {
        /* fire events that update state */
      });
      /* assert on the output */
      
      This ensures that you're testing the behavior the user would see in the browser. Learn more at https://react.dev/link/wrap-tests-with-act

      39 |                 console.error("Failed to load favorites:", err);
      40 |             } finally {
    > 41 |                 setLoading(false);
         |                 ^
      42 |             }
      43 |         };
      44 |

      at node_modules/react-dom/cjs/react-dom-client.development.js:18758:19
      at runWithFiberInDEV (node_modules/react-dom/cjs/react-dom-client.development.js:874:13)
      at warnIfUpdatesNotWrappedWithActDEV (node_modules/react-dom/cjs/react-dom-client.development.js:18757:9)
      at scheduleUpdateOnFiber (node_modules/react-dom/cjs/react-dom-client.development.js:16409:11)
      at dispatchSetStateInternal (node_modules/react-dom/cjs/react-dom-client.development.js:9170:13)
      at dispatchSetState (node_modules/react-dom/cjs/react-dom-client.development.js:9127:7)
      at setLoading (src/popup/hooks/useFavorites.ts:41:17)
      at step (src/popup/hooks/useFavorites.ts:4951:19)
      at Object.next (src/popup/hooks/useFavorites.ts:4717:14)
      at fulfilled (src/popup/hooks/useFavorites.ts:4612:24)

    console.error
      An update to AWSProfilesPopup inside a test was not wrapped in act(...).
      
      When testing, code that causes React state updates should be wrapped into act(...):
      
      act(() => {
        /* fire events that update state */
      });
      /* assert on the output */
      
      This ensures that you're testing the behavior the user would see in the browser. Learn more at https://react.dev/link/wrap-tests-with-act

      37 |                 console.error("Failed to load recent profiles:", err);
      38 |             } finally {
    > 39 |                 setLoading(false);
         |                 ^
      40 |             }
      41 |         };
      42 |

      at node_modules/react-dom/cjs/react-dom-client.development.js:18758:19
      at runWithFiberInDEV (node_modules/react-dom/cjs/react-dom-client.development.js:874:13)
      at warnIfUpdatesNotWrappedWithActDEV (node_modules/react-dom/cjs/react-dom-client.development.js:18757:9)
      at scheduleUpdateOnFiber (node_modules/react-dom/cjs/react-dom-client.development.js:16409:11)
      at dispatchSetStateInternal (node_modules/react-dom/cjs/react-dom-client.development.js:9170:13)
      at dispatchSetState (node_modules/react-dom/cjs/react-dom-client.development.js:9127:7)
      at setLoading (src/popup/hooks/useRecentProfiles.ts:39:17)
      at step (src/popup/hooks/useRecentProfiles.ts:4507:19)
      at Object.next (src/popup/hooks/useRecentProfiles.ts:4273:14)
      at fulfilled (src/popup/hooks/useRecentProfiles.ts:4168:24)

    console.error
      An update to AWSProfilesPopup inside a test was not wrapped in act(...).
      
      When testing, code that causes React state updates should be wrapped into act(...):
      
      act(() => {
        /* fire events that update state */
      });
      /* assert on the output */
      
      This ensures that you're testing the behavior the user would see in the browser. Learn more at https://react.dev/link/wrap-tests-with-act

      37 |                 console.error("Failed to load selected region:", err);
      38 |             } finally {
    > 39 |                 setLoading(false);
         |                 ^
      40 |             }
      41 |         };
      42 |

      at node_modules/react-dom/cjs/react-dom-client.development.js:18758:19
      at runWithFiberInDEV (node_modules/react-dom/cjs/react-dom-client.development.js:874:13)
      at warnIfUpdatesNotWrappedWithActDEV (node_modules/react-dom/cjs/react-dom-client.development.js:18757:9)
      at scheduleUpdateOnFiber (node_modules/react-dom/cjs/react-dom-client.development.js:16409:11)
      at dispatchSetStateInternal (node_modules/react-dom/cjs/react-dom-client.development.js:9170:13)
      at dispatchSetState (node_modules/react-dom/cjs/react-dom-client.development.js:9127:7)
      at setLoading (src/popup/hooks/useRegion.ts:39:17)
      at step (src/popup/hooks/useRegion.ts:3707:19)
      at Object.next (src/popup/hooks/useRegion.ts:3473:14)
      at fulfilled (src/popup/hooks/useRegion.ts:3368:24)

    console.error
      An update to AWSProfilesPopup inside a test was not wrapped in act(...).
      
      When testing, code that causes React state updates should be wrapped into act(...):
      
      act(() => {
        /* fire events that update state */
      });
      /* assert on the output */
      
      This ensures that you're testing the behavior the user would see in the browser. Learn more at https://react.dev/link/wrap-tests-with-act

      103 |             }
      104 |
    > 105 |             setLoading(true);
          |             ^
      106 |             setError(null);
      107 |
      108 |             try {

      at node_modules/react-dom/cjs/react-dom-client.development.js:18758:19
      at runWithFiberInDEV (node_modules/react-dom/cjs/react-dom-client.development.js:874:13)
      at warnIfUpdatesNotWrappedWithActDEV (node_modules/react-dom/cjs/react-dom-client.development.js:18757:9)
      at scheduleUpdateOnFiber (node_modules/react-dom/cjs/react-dom-client.development.js:16409:11)
      at dispatchSetStateInternal (node_modules/react-dom/cjs/react-dom-client.development.js:9170:13)
      at dispatchSetState (node_modules/react-dom/cjs/react-dom-client.development.js:9127:7)
      at setLoading (src/popup/hooks/useProfiles.ts:105:13)
      at step (src/popup/hooks/useProfiles.ts:5970:19)
      at Object.next (src/popup/hooks/useProfiles.ts:5736:14)
      at fulfilled (src/popup/hooks/useProfiles.ts:5631:24)

    console.error
      An update to AWSProfilesPopup inside a test was not wrapped in act(...).
      
      When testing, code that causes React state updates should be wrapped into act(...):
      
      act(() => {
        /* fire events that update state */
      });
      /* assert on the output */
      
      This ensures that you're testing the behavior the user would see in the browser. Learn more at https://react.dev/link/wrap-tests-with-act

      104 |
      105 |             setLoading(true);
    > 106 |             setError(null);
          |             ^
      107 |
      108 |             try {
      109 |                 // Disconnect existing port if any

      at node_modules/react-dom/cjs/react-dom-client.development.js:18758:19
      at runWithFiberInDEV (node_modules/react-dom/cjs/react-dom-client.development.js:874:13)
      at warnIfUpdatesNotWrappedWithActDEV (node_modules/react-dom/cjs/react-dom-client.development.js:18757:9)
      at scheduleUpdateOnFiber (node_modules/react-dom/cjs/react-dom-client.development.js:16409:11)
      at dispatchSetStateInternal (node_modules/react-dom/cjs/react-dom-client.development.js:9170:13)
      at dispatchSetState (node_modules/react-dom/cjs/react-dom-client.development.js:9127:7)
      at setError (src/popup/hooks/useProfiles.ts:106:13)
      at step (src/popup/hooks/useProfiles.ts:5970:19)
      at Object.next (src/popup/hooks/useProfiles.ts:5736:14)
      at fulfilled (src/popup/hooks/useProfiles.ts:5631:24)

    console.error
      An update to AWSProfilesPopup inside a test was not wrapped in act(...).
      
      When testing, code that causes React state updates should be wrapped into act(...):
      
      act(() => {
        /* fire events that update state */
      });
      /* assert on the output */
      
      This ensures that you're testing the behavior the user would see in the browser. Learn more at https://react.dev/link/wrap-tests-with-act

      120 |                 const port = browser.runtime.connectNative(NATIVE_MESSAGING_HOST_NAME);
      121 |                 portRef.current = port;
    > 122 |                 setNativeMessagingAvailable(true);
          |                 ^
      123 |
      124 |                 // Message listener
      125 |                 const messageListener = async (response: unknown) => {

      at node_modules/react-dom/cjs/react-dom-client.development.js:18758:19
      at runWithFiberInDEV (node_modules/react-dom/cjs/react-dom-client.development.js:874:13)
      at warnIfUpdatesNotWrappedWithActDEV (node_modules/react-dom/cjs/react-dom-client.development.js:18757:9)
      at scheduleUpdateOnFiber (node_modules/react-dom/cjs/react-dom-client.development.js:16409:11)
      at dispatchSetStateInternal (node_modules/react-dom/cjs/react-dom-client.development.js:9170:13)
      at dispatchSetState (node_modules/react-dom/cjs/react-dom-client.development.js:9127:7)
      at setNativeMessagingAvailable (src/popup/hooks/useProfiles.ts:122:17)
      at step (src/popup/hooks/useProfiles.ts:5970:19)
      at Object.next (src/popup/hooks/useProfiles.ts:5736:14)
      at fulfilled (src/popup/hooks/useProfiles.ts:5631:24)

    console.error
      An update to AWSProfilesPopup inside a test was not wrapped in act(...).
      
      When testing, code that causes React state updates should be wrapped into act(...):
      
      act(() => {
        /* fire events that update state */
      });
      /* assert on the output */
      
      This ensures that you're testing the behavior the user would see in the browser. Learn more at https://react.dev/link/wrap-tests-with-act

      45 |             setError(null);
      46 |             const containerList = await getManagedContainers();
    > 47 |             setContainers(containerList);
         |             ^
      48 |         } catch (err) {
      49 |             console.error("Failed to refresh containers:", err);
      50 |             setError("Failed to load containers");

      at node_modules/react-dom/cjs/react-dom-client.development.js:18758:19
      at runWithFiberInDEV (node_modules/react-dom/cjs/react-dom-client.development.js:874:13)
      at warnIfUpdatesNotWrappedWithActDEV (node_modules/react-dom/cjs/react-dom-client.development.js:18757:9)
      at scheduleUpdateOnFiber (node_modules/react-dom/cjs/react-dom-client.development.js:16409:11)
      at dispatchSetStateInternal (node_modules/react-dom/cjs/react-dom-client.development.js:9170:13)
      at dispatchSetState (node_modules/react-dom/cjs/react-dom-client.development.js:9127:7)
      at setContainers (src/popup/hooks/useContainers.ts:47:13)
      at step (src/popup/hooks/useContainers.ts:3879:19)
      at Object.next (src/popup/hooks/useContainers.ts:3645:14)
      at fulfilled (src/popup/hooks/useContainers.ts:3540:24)

    console.error
      An update to AWSProfilesPopup inside a test was not wrapped in act(...).
      
      When testing, code that causes React state updates should be wrapped into act(...):
      
      act(() => {
        /* fire events that update state */
      });
      /* assert on the output */
      
      This ensures that you're testing the behavior the user would see in the browser. Learn more at https://react.dev/link/wrap-tests-with-act

      52 |             setContainers([]);
      53 |         } finally {
    > 54 |             setLoading(false);
         |             ^
      55 |         }
      56 |     }, []);
      57 |

      at node_modules/react-dom/cjs/react-dom-client.development.js:18758:19
      at runWithFiberInDEV (node_modules/react-dom/cjs/react-dom-client.development.js:874:13)
      at warnIfUpdatesNotWrappedWithActDEV (node_modules/react-dom/cjs/react-dom-client.development.js:18757:9)
      at scheduleUpdateOnFiber (node_modules/react-dom/cjs/react-dom-client.development.js:16409:11)
      at dispatchSetStateInternal (node_modules/react-dom/cjs/react-dom-client.development.js:9170:13)
      at dispatchSetState (node_modules/react-dom/cjs/react-dom-client.development.js:9127:7)
      at setLoading (src/popup/hooks/useContainers.ts:54:13)
      at step (src/popup/hooks/useContainers.ts:3879:19)
      at Object.next (src/popup/hooks/useContainers.ts:3645:14)
      at fulfilled (src/popup/hooks/useContainers.ts:3540:24)

    console.error
      An update to AWSProfilesPopup inside a test was not wrapped in act(...).
      
      When testing, code that causes React state updates should be wrapped into act(...):
      
      act(() => {
        /* fire events that update state */
      });
      /* assert on the output */
      
      This ensures that you're testing the behavior the user would see in the browser. Learn more at https://react.dev/link/wrap-tests-with-act

      39 |                 console.error("Failed to load favorites:", err);
      40 |             } finally {
    > 41 |                 setLoading(false);
         |                 ^
      42 |             }
      43 |         };
      44 |

      at node_modules/react-dom/cjs/react-dom-client.development.js:18758:19
      at runWithFiberInDEV (node_modules/react-dom/cjs/react-dom-client.development.js:874:13)
      at warnIfUpdatesNotWrappedWithActDEV (node_modules/react-dom/cjs/react-dom-client.development.js:18757:9)
      at scheduleUpdateOnFiber (node_modules/react-dom/cjs/react-dom-client.development.js:16409:11)
      at dispatchSetStateInternal (node_modules/react-dom/cjs/react-dom-client.development.js:9170:13)
      at dispatchSetState (node_modules/react-dom/cjs/react-dom-client.development.js:9127:7)
      at setLoading (src/popup/hooks/useFavorites.ts:41:17)
      at step (src/popup/hooks/useFavorites.ts:4951:19)
      at Object.next (src/popup/hooks/useFavorites.ts:4717:14)
      at fulfilled (src/popup/hooks/useFavorites.ts:4612:24)

    console.error
      An update to AWSProfilesPopup inside a test was not wrapped in act(...).
      
      When testing, code that causes React state updates should be wrapped into act(...):
      
      act(() => {
        /* fire events that update state */
      });
      /* assert on the output */
      
      This ensures that you're testing the behavior the user would see in the browser. Learn more at https://react.dev/link/wrap-tests-with-act

      37 |                 console.error("Failed to load recent profiles:", err);
      38 |             } finally {
    > 39 |                 setLoading(false);
         |                 ^
      40 |             }
      41 |         };
      42 |

      at node_modules/react-dom/cjs/react-dom-client.development.js:18758:19
      at runWithFiberInDEV (node_modules/react-dom/cjs/react-dom-client.development.js:874:13)
      at warnIfUpdatesNotWrappedWithActDEV (node_modules/react-dom/cjs/react-dom-client.development.js:18757:9)
      at scheduleUpdateOnFiber (node_modules/react-dom/cjs/react-dom-client.development.js:16409:11)
      at dispatchSetStateInternal (node_modules/react-dom/cjs/react-dom-client.development.js:9170:13)
      at dispatchSetState (node_modules/react-dom/cjs/react-dom-client.development.js:9127:7)
      at setLoading (src/popup/hooks/useRecentProfiles.ts:39:17)
      at step (src/popup/hooks/useRecentProfiles.ts:4507:19)
      at Object.next (src/popup/hooks/useRecentProfiles.ts:4273:14)
      at fulfilled (src/popup/hooks/useRecentProfiles.ts:4168:24)

    console.error
      An update to AWSProfilesPopup inside a test was not wrapped in act(...).
      
      When testing, code that causes React state updates should be wrapped into act(...):
      
      act(() => {
        /* fire events that update state */
      });
      /* assert on the output */
      
      This ensures that you're testing the behavior the user would see in the browser. Learn more at https://react.dev/link/wrap-tests-with-act

      37 |                 console.error("Failed to load selected region:", err);
      38 |             } finally {
    > 39 |                 setLoading(false);
         |                 ^
      40 |             }
      41 |         };
      42 |

      at node_modules/react-dom/cjs/react-dom-client.development.js:18758:19
      at runWithFiberInDEV (node_modules/react-dom/cjs/react-dom-client.development.js:874:13)
      at warnIfUpdatesNotWrappedWithActDEV (node_modules/react-dom/cjs/react-dom-client.development.js:18757:9)
      at scheduleUpdateOnFiber (node_modules/react-dom/cjs/react-dom-client.development.js:16409:11)
      at dispatchSetStateInternal (node_modules/react-dom/cjs/react-dom-client.development.js:9170:13)
      at dispatchSetState (node_modules/react-dom/cjs/react-dom-client.development.js:9127:7)
      at setLoading (src/popup/hooks/useRegion.ts:39:17)
      at step (src/popup/hooks/useRegion.ts:3707:19)
      at Object.next (src/popup/hooks/useRegion.ts:3473:14)
      at fulfilled (src/popup/hooks/useRegion.ts:3368:24)

    console.error
      An update to AWSProfilesPopup inside a test was not wrapped in act(...).
      
      When testing, code that causes React state updates should be wrapped into act(...):
      
      act(() => {
        /* fire events that update state */
      });
      /* assert on the output */
      
      This ensures that you're testing the behavior the user would see in the browser. Learn more at https://react.dev/link/wrap-tests-with-act

      103 |             }
      104 |
    > 105 |             setLoading(true);
          |             ^
      106 |             setError(null);
      107 |
      108 |             try {

      at node_modules/react-dom/cjs/react-dom-client.development.js:18758:19
      at runWithFiberInDEV (node_modules/react-dom/cjs/react-dom-client.development.js:874:13)
      at warnIfUpdatesNotWrappedWithActDEV (node_modules/react-dom/cjs/react-dom-client.development.js:18757:9)
      at scheduleUpdateOnFiber (node_modules/react-dom/cjs/react-dom-client.development.js:16409:11)
      at dispatchSetStateInternal (node_modules/react-dom/cjs/react-dom-client.development.js:9170:13)
      at dispatchSetState (node_modules/react-dom/cjs/react-dom-client.development.js:9127:7)
      at setLoading (src/popup/hooks/useProfiles.ts:105:13)
      at step (src/popup/hooks/useProfiles.ts:5970:19)
      at Object.next (src/popup/hooks/useProfiles.ts:5736:14)
      at fulfilled (src/popup/hooks/useProfiles.ts:5631:24)

    console.error
      An update to AWSProfilesPopup inside a test was not wrapped in act(...).
      
      When testing, code that causes React state updates should be wrapped into act(...):
      
      act(() => {
        /* fire events that update state */
      });
      /* assert on the output */
      
      This ensures that you're testing the behavior the user would see in the browser. Learn more at https://react.dev/link/wrap-tests-with-act

      104 |
      105 |             setLoading(true);
    > 106 |             setError(null);
          |             ^
      107 |
      108 |             try {
      109 |                 // Disconnect existing port if any

      at node_modules/react-dom/cjs/react-dom-client.development.js:18758:19
      at runWithFiberInDEV (node_modules/react-dom/cjs/react-dom-client.development.js:874:13)
      at warnIfUpdatesNotWrappedWithActDEV (node_modules/react-dom/cjs/react-dom-client.development.js:18757:9)
      at scheduleUpdateOnFiber (node_modules/react-dom/cjs/react-dom-client.development.js:16409:11)
      at dispatchSetStateInternal (node_modules/react-dom/cjs/react-dom-client.development.js:9170:13)
      at dispatchSetState (node_modules/react-dom/cjs/react-dom-client.development.js:9127:7)
      at setError (src/popup/hooks/useProfiles.ts:106:13)
      at step (src/popup/hooks/useProfiles.ts:5970:19)
      at Object.next (src/popup/hooks/useProfiles.ts:5736:14)
      at fulfilled (src/popup/hooks/useProfiles.ts:5631:24)

    console.error
      An update to AWSProfilesPopup inside a test was not wrapped in act(...).
      
      When testing, code that causes React state updates should be wrapped into act(...):
      
      act(() => {
        /* fire events that update state */
      });
      /* assert on the output */
      
      This ensures that you're testing the behavior the user would see in the browser. Learn more at https://react.dev/link/wrap-tests-with-act

      120 |                 const port = browser.runtime.connectNative(NATIVE_MESSAGING_HOST_NAME);
      121 |                 portRef.current = port;
    > 122 |                 setNativeMessagingAvailable(true);
          |                 ^
      123 |
      124 |                 // Message listener
      125 |                 const messageListener = async (response: unknown) => {

      at node_modules/react-dom/cjs/react-dom-client.development.js:18758:19
      at runWithFiberInDEV (node_modules/react-dom/cjs/react-dom-client.development.js:874:13)
      at warnIfUpdatesNotWrappedWithActDEV (node_modules/react-dom/cjs/react-dom-client.development.js:18757:9)
      at scheduleUpdateOnFiber (node_modules/react-dom/cjs/react-dom-client.development.js:16409:11)
      at dispatchSetStateInternal (node_modules/react-dom/cjs/react-dom-client.development.js:9170:13)
      at dispatchSetState (node_modules/react-dom/cjs/react-dom-client.development.js:9127:7)
      at setNativeMessagingAvailable (src/popup/hooks/useProfiles.ts:122:17)
      at step (src/popup/hooks/useProfiles.ts:5970:19)
      at Object.next (src/popup/hooks/useProfiles.ts:5736:14)
      at fulfilled (src/popup/hooks/useProfiles.ts:5631:24)

    console.error
      An update to AWSProfilesPopup inside a test was not wrapped in act(...).
      
      When testing, code that causes React state updates should be wrapped into act(...):
      
      act(() => {
        /* fire events that update state */
      });
      /* assert on the output */
      
      This ensures that you're testing the behavior the user would see in the browser. Learn more at https://react.dev/link/wrap-tests-with-act

      45 |             setError(null);
      46 |             const containerList = await getManagedContainers();
    > 47 |             setContainers(containerList);
         |             ^
      48 |         } catch (err) {
      49 |             console.error("Failed to refresh containers:", err);
      50 |             setError("Failed to load containers");

      at node_modules/react-dom/cjs/react-dom-client.development.js:18758:19
      at runWithFiberInDEV (node_modules/react-dom/cjs/react-dom-client.development.js:874:13)
      at warnIfUpdatesNotWrappedWithActDEV (node_modules/react-dom/cjs/react-dom-client.development.js:18757:9)
      at scheduleUpdateOnFiber (node_modules/react-dom/cjs/react-dom-client.development.js:16409:11)
      at dispatchSetStateInternal (node_modules/react-dom/cjs/react-dom-client.development.js:9170:13)
      at dispatchSetState (node_modules/react-dom/cjs/react-dom-client.development.js:9127:7)
      at setContainers (src/popup/hooks/useContainers.ts:47:13)
      at step (src/popup/hooks/useContainers.ts:3879:19)
      at Object.next (src/popup/hooks/useContainers.ts:3645:14)
      at fulfilled (src/popup/hooks/useContainers.ts:3540:24)

    console.error
      An update to AWSProfilesPopup inside a test was not wrapped in act(...).
      
      When testing, code that causes React state updates should be wrapped into act(...):
      
      act(() => {
        /* fire events that update state */
      });
      /* assert on the output */
      
      This ensures that you're testing the behavior the user would see in the browser. Learn more at https://react.dev/link/wrap-tests-with-act

      52 |             setContainers([]);
      53 |         } finally {
    > 54 |             setLoading(false);
         |             ^
      55 |         }
      56 |     }, []);
      57 |

      at node_modules/react-dom/cjs/react-dom-client.development.js:18758:19
      at runWithFiberInDEV (node_modules/react-dom/cjs/react-dom-client.development.js:874:13)
      at warnIfUpdatesNotWrappedWithActDEV (node_modules/react-dom/cjs/react-dom-client.development.js:18757:9)
      at scheduleUpdateOnFiber (node_modules/react-dom/cjs/react-dom-client.development.js:16409:11)
      at dispatchSetStateInternal (node_modules/react-dom/cjs/react-dom-client.development.js:9170:13)
      at dispatchSetState (node_modules/react-dom/cjs/react-dom-client.development.js:9127:7)
      at setLoading (src/popup/hooks/useContainers.ts:54:13)
      at step (src/popup/hooks/useContainers.ts:3879:19)
      at Object.next (src/popup/hooks/useContainers.ts:3645:14)
      at fulfilled (src/popup/hooks/useContainers.ts:3540:24)

    console.error
      Native messaging connection error: Error: Native host not found
          at Object.<anonymous> (/home/user/aws-containers/src/popup/awsProfiles.test.tsx:95:23)
          at /home/user/aws-containers/node_modules/jest-mock/build/index.js:305:39
          at Object.<anonymous> (/home/user/aws-containers/node_modules/jest-mock/build/index.js:312:13)
          at Object.mockConstructor [as connectNative] (/home/user/aws-containers/node_modules/jest-mock/build/index.js:102:19)
          at connectNative (/home/user/aws-containers/src/popup/hooks/useProfiles.ts:120:46)
          at step (/home/user/aws-containers/src/popup/hooks/useProfiles.ts:5970:19)
          at Object.next (/home/user/aws-containers/src/popup/hooks/useProfiles.ts:5736:14)
          at fulfilled (/home/user/aws-containers/src/popup/hooks/useProfiles.ts:5631:24)
          at processTicksAndRejections (node:internal/process/task_queues:105:5)

      169 |                 port.postMessage({ action: "getProfiles" });
      170 |             } catch (err) {
    > 171 |                 console.error("Native messaging connection error:", err);
          |                         ^
      172 |                 setError(
      173 |                     "Could not connect to AWS Profile Bridge. " +
      174 |                     "Please run ./install.sh to set up the native messaging host. " +

      at error (src/popup/hooks/useProfiles.ts:171:25)
      at step (src/popup/hooks/useProfiles.ts:5970:19)
      at Object.next (src/popup/hooks/useProfiles.ts:5736:14)
      at fulfilled (src/popup/hooks/useProfiles.ts:5631:24)

    console.error
      An update to AWSProfilesPopup inside a test was not wrapped in act(...).
      
      When testing, code that causes React state updates should be wrapped into act(...):
      
      act(() => {
        /* fire events that update state */
      });
      /* assert on the output */
      
      This ensures that you're testing the behavior the user would see in the browser. Learn more at https://react.dev/link/wrap-tests-with-act

      131 |                                     a.name.localeCompare(b.name)
      132 |                             );
    > 133 |                             setProfiles(sortedProfiles);
          |                             ^
      134 |                             setLoading(false);
      135 |
      136 |                             // Cache the profiles

      at node_modules/react-dom/cjs/react-dom-client.development.js:18758:19
      at runWithFiberInDEV (node_modules/react-dom/cjs/react-dom-client.development.js:874:13)
      at warnIfUpdatesNotWrappedWithActDEV (node_modules/react-dom/cjs/react-dom-client.development.js:18757:9)
      at scheduleUpdateOnFiber (node_modules/react-dom/cjs/react-dom-client.development.js:16409:11)
      at dispatchSetStateInternal (node_modules/react-dom/cjs/react-dom-client.development.js:9170:13)
      at dispatchSetState (node_modules/react-dom/cjs/react-dom-client.development.js:9127:7)
      at setProfiles (src/popup/hooks/useProfiles.ts:133:29)
      at step (src/popup/hooks/useProfiles.ts:5970:19)
      at Object.next (src/popup/hooks/useProfiles.ts:5736:14)
      at src/popup/hooks/useProfiles.ts:5668:39
      at __awaiter (src/popup/hooks/useProfiles.ts:5617:10)
      at __awaiter (src/popup/hooks/useProfiles.ts:125:65)
      at src/popup/awsProfiles.test.tsx:290:13
      at step (src/popup/awsProfiles.test.tsx:37:23)
      at Object.next (src/popup/awsProfiles.test.tsx:18:53)
      at fulfilled (src/popup/awsProfiles.test.tsx:9:58)

    console.error
      An update to AWSProfilesPopup inside a test was not wrapped in act(...).
      
      When testing, code that causes React state updates should be wrapped into act(...):
      
      act(() => {
        /* fire events that update state */
      });
      /* assert on the output */
      
      This ensures that you're testing the behavior the user would see in the browser. Learn more at https://react.dev/link/wrap-tests-with-act

      132 |                             );
      133 |                             setProfiles(sortedProfiles);
    > 134 |                             setLoading(false);
          |                             ^
      135 |
      136 |                             // Cache the profiles
      137 |                             await saveToCache(sortedProfiles);

      at node_modules/react-dom/cjs/react-dom-client.development.js:18758:19
      at runWithFiberInDEV (node_modules/react-dom/cjs/react-dom-client.development.js:874:13)
      at warnIfUpdatesNotWrappedWithActDEV (node_modules/react-dom/cjs/react-dom-client.development.js:18757:9)
      at scheduleUpdateOnFiber (node_modules/react-dom/cjs/react-dom-client.development.js:16409:11)
      at dispatchSetStateInternal (node_modules/react-dom/cjs/react-dom-client.development.js:9170:13)
      at dispatchSetState (node_modules/react-dom/cjs/react-dom-client.development.js:9127:7)
      at setLoading (src/popup/hooks/useProfiles.ts:134:29)
      at step (src/popup/hooks/useProfiles.ts:5970:19)
      at Object.next (src/popup/hooks/useProfiles.ts:5736:14)
      at src/popup/hooks/useProfiles.ts:5668:39
      at __awaiter (src/popup/hooks/useProfiles.ts:5617:10)
      at __awaiter (src/popup/hooks/useProfiles.ts:125:65)
      at src/popup/awsProfiles.test.tsx:290:13
      at step (src/popup/awsProfiles.test.tsx:37:23)
      at Object.next (src/popup/awsProfiles.test.tsx:18:53)
      at fulfilled (src/popup/awsProfiles.test.tsx:9:58)

    console.error
      An update to AWSProfilesPopup inside a test was not wrapped in act(...).
      
      When testing, code that causes React state updates should be wrapped into act(...):
      
      act(() => {
        /* fire events that update state */
      });
      /* assert on the output */
      
      This ensures that you're testing the behavior the user would see in the browser. Learn more at https://react.dev/link/wrap-tests-with-act

      137 |                             await saveToCache(sortedProfiles);
      138 |                         } else if (isErrorResponse(response)) {
    > 139 |                             setError(response.message);
          |                             ^
      140 |                             setLoading(false);
      141 |                         } else {
      142 |                             setError("Received invalid response from native messaging host");

      at node_modules/react-dom/cjs/react-dom-client.development.js:18758:19
      at runWithFiberInDEV (node_modules/react-dom/cjs/react-dom-client.development.js:874:13)
      at warnIfUpdatesNotWrappedWithActDEV (node_modules/react-dom/cjs/react-dom-client.development.js:18757:9)
      at scheduleUpdateOnFiber (node_modules/react-dom/cjs/react-dom-client.development.js:16409:11)
      at dispatchSetStateInternal (node_modules/react-dom/cjs/react-dom-client.development.js:9170:13)
      at dispatchSetState (node_modules/react-dom/cjs/react-dom-client.development.js:9127:7)
      at setError (src/popup/hooks/useProfiles.ts:139:29)
      at step (src/popup/hooks/useProfiles.ts:5970:19)
      at Object.next (src/popup/hooks/useProfiles.ts:5736:14)
      at src/popup/hooks/useProfiles.ts:5668:39
      at __awaiter (src/popup/hooks/useProfiles.ts:5617:10)
      at __awaiter (src/popup/hooks/useProfiles.ts:125:65)
      at src/popup/awsProfiles.test.tsx:326:13
      at step (src/popup/awsProfiles.test.tsx:37:23)
      at Object.next (src/popup/awsProfiles.test.tsx:18:53)
      at fulfilled (src/popup/awsProfiles.test.tsx:9:58)

    console.error
      An update to AWSProfilesPopup inside a test was not wrapped in act(...).
      
      When testing, code that causes React state updates should be wrapped into act(...):
      
      act(() => {
        /* fire events that update state */
      });
      /* assert on the output */
      
      This ensures that you're testing the behavior the user would see in the browser. Learn more at https://react.dev/link/wrap-tests-with-act

      138 |                         } else if (isErrorResponse(response)) {
      139 |                             setError(response.message);
    > 140 |                             setLoading(false);
          |                             ^
      141 |                         } else {
      142 |                             setError("Received invalid response from native messaging host");
      143 |                             setLoading(false);

      at node_modules/react-dom/cjs/react-dom-client.development.js:18758:19
      at runWithFiberInDEV (node_modules/react-dom/cjs/react-dom-client.development.js:874:13)
      at warnIfUpdatesNotWrappedWithActDEV (node_modules/react-dom/cjs/react-dom-client.development.js:18757:9)
      at scheduleUpdateOnFiber (node_modules/react-dom/cjs/react-dom-client.development.js:16409:11)
      at dispatchSetStateInternal (node_modules/react-dom/cjs/react-dom-client.development.js:9170:13)
      at dispatchSetState (node_modules/react-dom/cjs/react-dom-client.development.js:9127:7)
      at setLoading (src/popup/hooks/useProfiles.ts:140:29)
      at step (src/popup/hooks/useProfiles.ts:5970:19)
      at Object.next (src/popup/hooks/useProfiles.ts:5736:14)
      at src/popup/hooks/useProfiles.ts:5668:39
      at __awaiter (src/popup/hooks/useProfiles.ts:5617:10)
      at __awaiter (src/popup/hooks/useProfiles.ts:125:65)
      at src/popup/awsProfiles.test.tsx:326:13
      at step (src/popup/awsProfiles.test.tsx:37:23)
      at Object.next (src/popup/awsProfiles.test.tsx:18:53)
      at fulfilled (src/popup/awsProfiles.test.tsx:9:58)

    console.error
      An update to AWSProfilesPopup inside a test was not wrapped in act(...).
      
      When testing, code that causes React state updates should be wrapped into act(...):
      
      act(() => {
        /* fire events that update state */
      });
      /* assert on the output */
      
      This ensures that you're testing the behavior the user would see in the browser. Learn more at https://react.dev/link/wrap-tests-with-act

      131 |                                     a.name.localeCompare(b.name)
      132 |                             );
    > 133 |                             setProfiles(sortedProfiles);
          |                             ^
      134 |                             setLoading(false);
      135 |
      136 |                             // Cache the profiles

      at node_modules/react-dom/cjs/react-dom-client.development.js:18758:19
      at runWithFiberInDEV (node_modules/react-dom/cjs/react-dom-client.development.js:874:13)
      at warnIfUpdatesNotWrappedWithActDEV (node_modules/react-dom/cjs/react-dom-client.development.js:18757:9)
      at scheduleUpdateOnFiber (node_modules/react-dom/cjs/react-dom-client.development.js:16409:11)
      at dispatchSetStateInternal (node_modules/react-dom/cjs/react-dom-client.development.js:9170:13)
      at dispatchSetState (node_modules/react-dom/cjs/react-dom-client.development.js:9127:7)
      at setProfiles (src/popup/hooks/useProfiles.ts:133:29)
      at step (src/popup/hooks/useProfiles.ts:5970:19)
      at Object.next (src/popup/hooks/useProfiles.ts:5736:14)
      at src/popup/hooks/useProfiles.ts:5668:39
      at __awaiter (src/popup/hooks/useProfiles.ts:5617:10)
      at __awaiter (src/popup/hooks/useProfiles.ts:125:65)
      at src/popup/awsProfiles.test.tsx:480:13
      at step (src/popup/awsProfiles.test.tsx:37:23)
      at Object.next (src/popup/awsProfiles.test.tsx:18:53)
      at fulfilled (src/popup/awsProfiles.test.tsx:9:58)

    console.error
      An update to AWSProfilesPopup inside a test was not wrapped in act(...).
      
      When testing, code that causes React state updates should be wrapped into act(...):
      
      act(() => {
        /* fire events that update state */
      });
      /* assert on the output */
      
      This ensures that you're testing the behavior the user would see in the browser. Learn more at https://react.dev/link/wrap-tests-with-act

      132 |                             );
      133 |                             setProfiles(sortedProfiles);
    > 134 |                             setLoading(false);
          |                             ^
      135 |
      136 |                             // Cache the profiles
      137 |                             await saveToCache(sortedProfiles);

      at node_modules/react-dom/cjs/react-dom-client.development.js:18758:19
      at runWithFiberInDEV (node_modules/react-dom/cjs/react-dom-client.development.js:874:13)
      at warnIfUpdatesNotWrappedWithActDEV (node_modules/react-dom/cjs/react-dom-client.development.js:18757:9)
      at scheduleUpdateOnFiber (node_modules/react-dom/cjs/react-dom-client.development.js:16409:11)
      at dispatchSetStateInternal (node_modules/react-dom/cjs/react-dom-client.development.js:9170:13)
      at dispatchSetState (node_modules/react-dom/cjs/react-dom-client.development.js:9127:7)
      at setLoading (src/popup/hooks/useProfiles.ts:134:29)
      at step (src/popup/hooks/useProfiles.ts:5970:19)
      at Object.next (src/popup/hooks/useProfiles.ts:5736:14)
      at src/popup/hooks/useProfiles.ts:5668:39
      at __awaiter (src/popup/hooks/useProfiles.ts:5617:10)
      at __awaiter (src/popup/hooks/useProfiles.ts:125:65)
      at src/popup/awsProfiles.test.tsx:480:13
      at step (src/popup/awsProfiles.test.tsx:37:23)
      at Object.next (src/popup/awsProfiles.test.tsx:18:53)
      at fulfilled (src/popup/awsProfiles.test.tsx:9:58)

    console.error
      An update to AWSProfilesPopup inside a test was not wrapped in act(...).
      
      When testing, code that causes React state updates should be wrapped into act(...):
      
      act(() => {
        /* fire events that update state */
      });
      /* assert on the output */
      
      This ensures that you're testing the behavior the user would see in the browser. Learn more at https://react.dev/link/wrap-tests-with-act

      131 |                                     a.name.localeCompare(b.name)
      132 |                             );
    > 133 |                             setProfiles(sortedProfiles);
          |                             ^
      134 |                             setLoading(false);
      135 |
      136 |                             // Cache the profiles

      at node_modules/react-dom/cjs/react-dom-client.development.js:18758:19
      at runWithFiberInDEV (node_modules/react-dom/cjs/react-dom-client.development.js:874:13)
      at warnIfUpdatesNotWrappedWithActDEV (node_modules/react-dom/cjs/react-dom-client.development.js:18757:9)
      at scheduleUpdateOnFiber (node_modules/react-dom/cjs/react-dom-client.development.js:16409:11)
      at dispatchSetStateInternal (node_modules/react-dom/cjs/react-dom-client.development.js:9170:13)
      at dispatchSetState (node_modules/react-dom/cjs/react-dom-client.development.js:9127:7)
      at setProfiles (src/popup/hooks/useProfiles.ts:133:29)
      at step (src/popup/hooks/useProfiles.ts:5970:19)
      at Object.next (src/popup/hooks/useProfiles.ts:5736:14)
      at src/popup/hooks/useProfiles.ts:5668:39
      at __awaiter (src/popup/hooks/useProfiles.ts:5617:10)
      at __awaiter (src/popup/hooks/useProfiles.ts:125:65)
      at src/popup/awsProfiles.test.tsx:528:13
      at step (src/popup/awsProfiles.test.tsx:37:23)
      at Object.next (src/popup/awsProfiles.test.tsx:18:53)
      at fulfilled (src/popup/awsProfiles.test.tsx:9:58)

    console.error
      An update to AWSProfilesPopup inside a test was not wrapped in act(...).
      
      When testing, code that causes React state updates should be wrapped into act(...):
      
      act(() => {
        /* fire events that update state */
      });
      /* assert on the output */
      
      This ensures that you're testing the behavior the user would see in the browser. Learn more at https://react.dev/link/wrap-tests-with-act

      132 |                             );
      133 |                             setProfiles(sortedProfiles);
    > 134 |                             setLoading(false);
          |                             ^
      135 |
      136 |                             // Cache the profiles
      137 |                             await saveToCache(sortedProfiles);

      at node_modules/react-dom/cjs/react-dom-client.development.js:18758:19
      at runWithFiberInDEV (node_modules/react-dom/cjs/react-dom-client.development.js:874:13)
      at warnIfUpdatesNotWrappedWithActDEV (node_modules/react-dom/cjs/react-dom-client.development.js:18757:9)
      at scheduleUpdateOnFiber (node_modules/react-dom/cjs/react-dom-client.development.js:16409:11)
      at dispatchSetStateInternal (node_modules/react-dom/cjs/react-dom-client.development.js:9170:13)
      at dispatchSetState (node_modules/react-dom/cjs/react-dom-client.development.js:9127:7)
      at setLoading (src/popup/hooks/useProfiles.ts:134:29)
      at step (src/popup/hooks/useProfiles.ts:5970:19)
      at Object.next (src/popup/hooks/useProfiles.ts:5736:14)
      at src/popup/hooks/useProfiles.ts:5668:39
      at __awaiter (src/popup/hooks/useProfiles.ts:5617:10)
      at __awaiter (src/popup/hooks/useProfiles.ts:125:65)
      at src/popup/awsProfiles.test.tsx:528:13
      at step (src/popup/awsProfiles.test.tsx:37:23)
      at Object.next (src/popup/awsProfiles.test.tsx:18:53)
      at fulfilled (src/popup/awsProfiles.test.tsx:9:58)

    console.error
      An update to AWSProfilesPopup inside a test was not wrapped in act(...).
      
      When testing, code that causes React state updates should be wrapped into act(...):
      
      act(() => {
        /* fire events that update state */
      });
      /* assert on the output */
      
      This ensures that you're testing the behavior the user would see in the browser. Learn more at https://react.dev/link/wrap-tests-with-act

      153 |                 const disconnectListener = () => {
      154 |                     if (browser.runtime.lastError) {
    > 155 |                         setError(
          |                         ^
      156 |                             `Native messaging error: ${browser.runtime.lastError.message}`
      157 |                         );
      158 |                         setNativeMessagingAvailable(false);

      at node_modules/react-dom/cjs/react-dom-client.development.js:18758:19
      at runWithFiberInDEV (node_modules/react-dom/cjs/react-dom-client.development.js:874:13)
      at warnIfUpdatesNotWrappedWithActDEV (node_modules/react-dom/cjs/react-dom-client.development.js:18757:9)
      at scheduleUpdateOnFiber (node_modules/react-dom/cjs/react-dom-client.development.js:16409:11)
      at dispatchSetStateInternal (node_modules/react-dom/cjs/react-dom-client.development.js:9170:13)
      at dispatchSetState (node_modules/react-dom/cjs/react-dom-client.development.js:9127:7)
      at setError (src/popup/hooks/useProfiles.ts:155:25)
      at src/popup/awsProfiles.test.tsx:616:13
      at step (src/popup/awsProfiles.test.tsx:37:23)
      at Object.next (src/popup/awsProfiles.test.tsx:18:53)
      at fulfilled (src/popup/awsProfiles.test.tsx:9:58)

    console.error
      An update to AWSProfilesPopup inside a test was not wrapped in act(...).
      
      When testing, code that causes React state updates should be wrapped into act(...):
      
      act(() => {
        /* fire events that update state */
      });
      /* assert on the output */
      
      This ensures that you're testing the behavior the user would see in the browser. Learn more at https://react.dev/link/wrap-tests-with-act

      156 |                             `Native messaging error: ${browser.runtime.lastError.message}`
      157 |                         );
    > 158 |                         setNativeMessagingAvailable(false);
          |                         ^
      159 |                     }
      160 |                     setLoading(false);
      161 |                     portRef.current = null;

      at node_modules/react-dom/cjs/react-dom-client.development.js:18758:19
      at runWithFiberInDEV (node_modules/react-dom/cjs/react-dom-client.development.js:874:13)
      at warnIfUpdatesNotWrappedWithActDEV (node_modules/react-dom/cjs/react-dom-client.development.js:18757:9)
      at scheduleUpdateOnFiber (node_modules/react-dom/cjs/react-dom-client.development.js:16409:11)
      at dispatchSetStateInternal (node_modules/react-dom/cjs/react-dom-client.development.js:9170:13)
      at dispatchSetState (node_modules/react-dom/cjs/react-dom-client.development.js:9127:7)
      at setNativeMessagingAvailable (src/popup/hooks/useProfiles.ts:158:25)
      at src/popup/awsProfiles.test.tsx:616:13
      at step (src/popup/awsProfiles.test.tsx:37:23)
      at Object.next (src/popup/awsProfiles.test.tsx:18:53)
      at fulfilled (src/popup/awsProfiles.test.tsx:9:58)

    console.error
      An update to AWSProfilesPopup inside a test was not wrapped in act(...).
      
      When testing, code that causes React state updates should be wrapped into act(...):
      
      act(() => {
        /* fire events that update state */
      });
      /* assert on the output */
      
      This ensures that you're testing the behavior the user would see in the browser. Learn more at https://react.dev/link/wrap-tests-with-act

      158 |                         setNativeMessagingAvailable(false);
      159 |                     }
    > 160 |                     setLoading(false);
          |                     ^
      161 |                     portRef.current = null;
      162 |                 };
      163 |

      at node_modules/react-dom/cjs/react-dom-client.development.js:18758:19
      at runWithFiberInDEV (node_modules/react-dom/cjs/react-dom-client.development.js:874:13)
      at warnIfUpdatesNotWrappedWithActDEV (node_modules/react-dom/cjs/react-dom-client.development.js:18757:9)
      at scheduleUpdateOnFiber (node_modules/react-dom/cjs/react-dom-client.development.js:16409:11)
      at dispatchSetStateInternal (node_modules/react-dom/cjs/react-dom-client.development.js:9170:13)
      at dispatchSetState (node_modules/react-dom/cjs/react-dom-client.development.js:9127:7)
      at setLoading (src/popup/hooks/useProfiles.ts:160:21)
      at src/popup/awsProfiles.test.tsx:616:13
      at step (src/popup/awsProfiles.test.tsx:37:23)
      at Object.next (src/popup/awsProfiles.test.tsx:18:53)
      at fulfilled (src/popup/awsProfiles.test.tsx:9:58)

    console.error
      An update to AWSProfilesPopup inside a test was not wrapped in act(...).
      
      When testing, code that causes React state updates should be wrapped into act(...):
      
      act(() => {
        /* fire events that update state */
      });
      /* assert on the output */
      
      This ensures that you're testing the behavior the user would see in the browser. Learn more at https://react.dev/link/wrap-tests-with-act

      158 |                         setNativeMessagingAvailable(false);
      159 |                     }
    > 160 |                     setLoading(false);
          |                     ^
      161 |                     portRef.current = null;
      162 |                 };
      163 |

      at node_modules/react-dom/cjs/react-dom-client.development.js:18758:19
      at runWithFiberInDEV (node_modules/react-dom/cjs/react-dom-client.development.js:874:13)
      at warnIfUpdatesNotWrappedWithActDEV (node_modules/react-dom/cjs/react-dom-client.development.js:18757:9)
      at scheduleUpdateOnFiber (node_modules/react-dom/cjs/react-dom-client.development.js:16409:11)
      at dispatchSetStateInternal (node_modules/react-dom/cjs/react-dom-client.development.js:9170:13)
      at dispatchSetState (node_modules/react-dom/cjs/react-dom-client.development.js:9127:7)
      at setLoading (src/popup/hooks/useProfiles.ts:160:21)
      at src/popup/awsProfiles.test.tsx:649:13
      at step (src/popup/awsProfiles.test.tsx:37:23)
      at Object.next (src/popup/awsProfiles.test.tsx:18:53)
      at fulfilled (src/popup/awsProfiles.test.tsx:9:58)

  ● AWSProfilesPopup › Settings management › should load favorites from storage

    expect(jest.fn()).toHaveBeenCalledWith(...expected)

    Expected: ArrayContaining ["favorites"]
    Received
           1: "favorites"
           2: "containers"
           3: "recentProfiles"

    Number of calls: 5

    Ignored nodes: comments, script, style
    [36m<html>[39m
      [36m<head />[39m
      [36m<body>[39m
        [36m<div>[39m
          [36m<div[39m
            [33mclass[39m=[32m"awsui_root_14iqq_1vhb3_189 awsui_variant-default_14iqq_1vhb3_230 awsui_refresh_14iqq_1vhb3_238"[39m
          [36m>[39m
            [36m<div[39m
              [33mclass[39m=[32m"awsui_content-wrapper_14iqq_1vhb3_309"[39m
              [33mid[39m=[32m"_r_1f_"[39m
            [36m>[39m
              [36m<div[39m
                [33mclass[39m=[32m"awsui_refresh_14iqq_1vhb3_238 awsui_header_14iqq_1vhb3_350 awsui_header_164jl_1ns0c_5 awsui_with-paddings_14iqq_1vhb3_396"[39m
              [36m>[39m
                [36m<div[39m
                  [33mclass[39m=[32m"awsui_root_2qdw9_1rr34_185 awsui_root-variant-h2_2qdw9_1rr34_224 awsui_refresh_2qdw9_1rr34_221 awsui_root-no-actions_2qdw9_1rr34_221"[39m
                [36m>[39m
                  [36m<div[39m
                    [33mclass[39m=[32m"awsui_main_2qdw9_1rr34_243 awsui_refresh_2qdw9_1rr34_221"[39m
                  [36m>[39m
                    [36m<div[39m
                      [33mclass[39m=[32m"awsui_title_2qdw9_1rr34_299 awsui_title-variant-h2_2qdw9_1rr34_311 awsui_refresh_2qdw9_1rr34_221"[39m
                    [36m>[39m
                      [36m<h2[39m
                        [33mclass[39m=[32m"awsui_heading_2qdw9_1rr34_377 awsui_heading-variant-h2_2qdw9_1rr34_407"[39m
                      [36m>[39m
                        [36m<span[39m
                          [33mclass[39m=[32m"awsui_heading-text_2qdw9_1rr34_418 awsui_heading-text_105ke_268sp_5 awsui_heading-text-variant-h2_2qdw9_1rr34_429"[39m
                          [33mdata-analytics-funnel-key[39m=[32m"substep-name"[39m
                          [33mid[39m=[32m"heading_r_1g_"[39m
                        [36m>[39m
                          [0mAWS Profile Containers[0m
                        [36m</span>[39m
                      [36m</h2>[39m
                    [36m</div>[39m
                  [36m</div>[39m
                [36m</div>[39m
              [36m</div>[39m
              [36m<div[39m
                [33mclass[39m=[32m"awsui_content_14iqq_1vhb3_309"[39m
              [36m>[39m
                [36m<div[39m
                  [33mclass[39m=[32m"awsui_content-inner_14iqq_1vhb3_500 awsui_content-inner_1mwlm_oyjaq_5 awsui_with-paddings_14iqq_1vhb3_396 awsui_with-header_14iqq_1vhb3_507"[39m
                [36m>[39m
                  [36m<div[39m
                    [33mclass[39m=[32m"awsui_root_18wu0_qxbam_934 awsui_box_18wu0_qxbam_172 awsui_p-xxl_18wu0_qxbam_613 awsui_color-default_18wu0_qxbam_172 awsui_font-size-default_18wu0_qxbam_188 awsui_font-weight-default_18wu0_qxbam_228 awsui_t-center_18wu0_qxbam_396"[39m
                  [36m>[39m
                    [36m<span[39m
                      [33mclass[39m=[32m"awsui_root_1612d_sk9n8_183 awsui_size-large_1612d_sk9n8_214 awsui_variant-normal_1612d_sk9n8_222"[39m
                    [36m>[39m
                      [36m<span[39m
                        [33mclass[39m=[32m"awsui_circle_1612d_sk9n8_240 awsui_circle-left_1612d_sk9n8_268"[39m
                      [36m/>[39m
                      [36m<span[39m
                        [33mclass[39m=[32m"awsui_circle_1612d_sk9n8_240 awsui_circle-right_1612d_sk9n8_273"[39m
                      [36m/>[39m
                    [36m</span>[39m
                    [36m<p[39m
                      [33mclass[39m=[32m"awsui_root_18wu0_qxbam_934 awsui_box_18wu0_qxbam_172 awsui_p-variant_18wu0_qxbam_172 awsui_p-top-s_18wu0_qxbam_518 awsui_color-default_18wu0_qxbam_172 awsui_font-size-default_18wu0_qxbam_188 awsui_font-weight-default_18wu0_qxbam_228"[39m
                    [36m>[39m
                      [0mLoading profiles...[0m
                    [36m</p>[39m
                  [36m</div>[39m
                [36m</div>[39m
              [36m</div>[39m
            [36m</div>[39m
          [36m</div>[39m
        [36m</div>[39m
        [36m<div>[39m
          [36m<div[39m
            [33maria-labelledby[39m=[32m"_r_1j_-header"[39m
            [33mclass[39m=[32m"awsui_root_1d2i7_1e7ip_225 awsui_hidden_1d2i7_1e7ip_302 awsui_refresh_1d2i7_1e7ip_192"[39m
            [33mdata-analytics-funnel-step[39m=[32m"1"[39m
            [33mdata-analytics-modal-id[39m=[32m"_r_1h_"[39m
            [33mrole[39m=[32m"dialog"[39m
          [36m>[39m
            [36m<div[39m
              [33mclass[39m=[32m"awsui_root_oip5a_160mh_5"[39m
              [33mtabindex[39m=[32m"-1"[39m
            [36m/>[39m
            [36m<div[39m
              [33mclass[39m=[32m"awsui_focus-lock_1d2i7_1e7ip_306"[39m
            [36m>[39m
              [36m<div[39m
                [33mclass[39m=[32m"awsui_dialog_1d2i7_1e7ip_169 awsui_medium_1d2i7_1e7ip_329 awsui_refresh_1d2i7_1e7ip_192"[39m
              [36m>[39m
                [36m<div[39m
                  [33mclass[39m=[32m"awsui_container_1d2i7_1e7ip_341"[39m
                [36m>[39m
                  [36m<div[39m
                    [33mclass[39m=[32m"awsui_header_1d2i7_1e7ip_392 awsui_header_15dxs_1ns0c_5"[39m
                  [36m>[39m
                    [36m<div[39m
                      [33mclass[39m=[32m"awsui_root_2qdw9_1rr34_185 awsui_root-variant-h2_2qdw9_1rr34_224 awsui_refresh_2qdw9_1rr34_221"[39m
                    [36m>[39m
                      [36m<div[39m
                        [33mclass[39m=[32m"awsui_main_2qdw9_1rr34_243 awsui_refresh_2qdw9_1rr34_221 awsui_no-wrap_2qdw9_1rr34_253"[39m
                      [36m>[39m
                        [36m<div[39m
                          [33mclass[39m=[32m"awsui_title_2qdw9_1rr34_299 awsui_title-variant-h2_2qdw9_1rr34_311 awsui_refresh_2qdw9_1rr34_221"[39m
                        [36m>[39m
                          [36m<h2[39m
                            [33mclass[39m=[32m"awsui_heading_2qdw9_1rr34_377 awsui_heading-variant-h2_2qdw9_1rr34_407"[39m
                          [36m>[39m
                            [36m<span[39m
                              [33mclass[39m=[32m"awsui_heading-text_2qdw9_1rr34_418 awsui_heading-text_105ke_268sp_5 awsui_heading-text-variant-h2_2qdw9_1rr34_429"[39m
                              [33mid[39m=[32m"heading_r_1k_"[39m
                            [36m>[39m
                              [36m<span[39m
                                [33mclass[39m=[32m"awsui_header--text_1d2i7_1e7ip_404"[39m
                                [33mid[39m=[32m"_r_1j_-header"[39m
                              [36m>[39m
                                [0mClear Containers[0m
                              [36m</span>[39m
                            [36m</span>[39m
                          [36m</h2>[39m
                        [36m</div>[39m
                        [36m<div[39m
                          [33mclass[39m=[32m"awsui_actions_2qdw9_1rr34_267 awsui_actions-variant-h2_2qdw9_1rr34_279 awsui_refresh_2qdw9_1rr34_221"[39m
                        [36m>[39m
                          [36m<div>[39m
                            [36m<button[39m
                              [33mclass[39m=[32m"awsui_dismiss-control_1d2i7_1e7ip_429 awsui_button_vjswe_t0rfj_157 awsui_variant-modal-dismiss_vjswe_t0rfj_413 awsui_button-no-text_vjswe_t0rfj_601"[39m
                              [33mdata-analytics-funnel-value[39m=[32m"button_r_1l_"[39m
                              [33mdata-analytics-performance-mark[39m=[32m"10-1762905003785-2935"[39m
                              [33mtype[39m=[32m"button"[39m
                            [36m>[39m
                              [36m<span[39m
                                [33mclass[39m=[32m"awsui_icon_vjswe_t0rfj_630 awsui_icon-left_vjswe_t0rfj_630 awsui_icon_h11ix_6vdye_189 awsui_size-medium-mapped-height_h11ix_6vdye_267 awsui_size-medium_h11ix_6vdye_263 awsui_variant-normal_h11ix_6vdye_320"[39m
                              [36m>[39m
                                [36m<svg[39m
                                  [33maria-hidden[39m=[32m"true"[39m
                                  [33mfocusable[39m=[32m"false"[39m
                                  [33mviewBox[39m=[32m"0 0 16 16"[39m
                                  [33mxmlns[39m=[32m"http://www.w3.org/2000/svg"[39m
                                [36m>[39m
                                  [36m<path[39m
                                    [33mclass[39m=[32m"stroke-linejoin-round"[39m
                                    [33md[39m=[32m"m2 1.71 12 12M2 13.71l12-12"[39m
                                  [36m/>[39m
                                [36m</svg>[39m
                              [36m</span>[39m
                            [36m</button>[39m
                          [36m</div>[39m
                        [36m</div>[39m
                      [36m</div>[39m
                    [36m</div>[39m
                  [36m</div>[39m
                  [36m<div[39m
                    [33mclass[39m=[32m"awsui_content_1d2i7_1e7ip_382"[39m
                  [36m>[39m
                    [0mAre you sure you want to clear all AWS containers?[0m
                    [36m<div />[39m
                  [36m</div>[39m
                  [36m<div[39m
                    [33mclass[39m=[32m"awsui_footer_1d2i7_1e7ip_408"[39m
                  [36m>[39m
                    [36m<div[39m
                      [33mclass[39m=[32m"awsui_root_18wu0_qxbam_934 awsui_box_18wu0_qxbam_172 awsui_f-right_18wu0_qxbam_930 awsui_color-default_18wu0_qxbam_172 awsui_font-size-default_18wu0_qxbam_188 awsui_font-weight-default_18wu0_qxbam_228"[39m
                    [36m>[39m
                      [36m<div[39m
                        [33mclass[39m=[32m"awsui_root_18582_1jqoe_145 awsui_horizontal_18582_1jqoe_160 awsui_horizontal-xs_18582_1jqoe_170"[39m
                      [36m>[39m
                        [36m<div[39m
                          [33mclass[39m=[32m"awsui_child_18582_1jqoe_149"[39m
                        [36m>[39m
                          [36m<button[39m
                            [33mclass[39m=[32m"awsui_button_vjswe_t0rfj_157 awsui_variant-link_vjswe_t0rfj_264"[39m
                            [33mdata-analytics-funnel-value[39m=[32m"button_r_1n_"[39m
                            [33mdata-analytics-performance-mark[39m=[32m"11-1762905003788-1272"[39m
                            [33mtype[39m=[32m"submit"[39m
                          [36m>[39m
                            [36m<span[39m
                              [33mclass[39m=[32m"awsui_content_vjswe_t0rfj_153 awsui_label_1f1d4_ocied_5"[39m
                            [36m>[39m
                              [0mCancel[0m
                            [36m</span>[39m
                          [36m</button>[39m
                        [36m</div>[39m
                        [36m<div[39m
                          [33mclass[39m=[32m"awsui_child_18582_1jqoe_149"[39m
                        [36m>[39m
                          [36m<button[39m
                            [33mclass[39m=[32m"awsui_button_vjswe_t0rfj_157 awsui_variant-primary_vjswe_t0rfj_235"[39m
                            [33mdata-analytics-funnel-value[39m=[32m"button_r_1p_"[39m
                            [33mdata-analytics-performance-mark[39m=[32m"12-1762905003789-808"[39m
                            [33mtype[39m=[32m"submit"[39m
                          [36m>[39m
                            [36m<span[39m
                              [33mclass[39m=[32m"awsui_content_vjswe_t0rfj_153 awsui_label_1f1d4_ocied_5"[39m
                            [36m>[39m
                              [0mConfirm[0m
                            [36m</span>[39m
                          [36m</button>[39m
                        [36m</div>[39m
                      [36m</div>[39m
                    [36m</div>[39m
                  [36m</div>[39m
                [36m</div>[39m
              [36m</div>[39m
            [36m</div>[39m
            [36m<div[39m
              [33mclass[39m=[32m"awsui_root_oip5a_160mh_5"[39m
              [33mtabindex[39m=[32m"-1"[39m
            [36m/>[39m
          [36m</div>[39m
        [36m</div>[39m
      [36m</body>[39m
    [36m</html>[39m

      125 |
      126 |             await waitFor(() => {
    > 127 |                 expect(browser.storage.local.get).toHaveBeenCalledWith(
          |                                                   ^
      128 |                     expect.arrayContaining(["favorites"])
      129 |                 );
      130 |             });

      at src/popup/awsProfiles.test.tsx:127:51
      at runWithExpensiveErrorDiagnosticsDisabled (node_modules/@testing-library/dom/dist/config.js:47:12)
      at checkCallback (node_modules/@testing-library/dom/dist/wait-for.js:124:77)
      at checkRealTimersCallback (node_modules/@testing-library/dom/dist/wait-for.js:118:16)
      at Timeout.task [as _onTimeout] (node_modules/jsdom/lib/jsdom/browser/Window.js:579:19)

------------------------|---------|----------|---------|---------|-------------------------------------------------------------------
File                    | % Stmts | % Branch | % Funcs | % Lines | Uncovered Line #s                                                 
------------------------|---------|----------|---------|---------|-------------------------------------------------------------------
All files               |   74.58 |    64.34 |   65.29 |   73.12 |                                                                   
 src                    |     100 |      100 |     100 |     100 |                                                                   
  backgroundPage.ts     |     100 |      100 |     100 |     100 |                                                                   
 src/__testUtils__      |   34.14 |     5.88 |   21.73 |   35.21 |                                                                   
  helpers.ts            |       0 |        0 |       0 |       0 | 12-50                                                             
  performanceHelpers.ts |   38.88 |     6.66 |   26.31 |   40.32 | 21-22,29,36,43,51-52,69,81-86,107,118-119,130-141,156-175,187-204 
 src/constants          |     100 |      100 |     100 |     100 |                                                                   
  index.ts              |     100 |      100 |     100 |     100 |                                                                   
 src/opener             |   95.65 |    90.78 |   96.15 |      95 |                                                                   
  containers.ts         |     100 |      100 |     100 |     100 |                                                                   
  index.ts              |   78.57 |       60 |      75 |   77.77 | 14-27                                                             
  parser.ts             |     100 |      100 |     100 |     100 |                                                                   
  tabs.ts               |     100 |      100 |     100 |     100 |                                                                   
  validator.ts          |   98.79 |    97.43 |     100 |   98.61 | 84                                                                
 src/popup              |   59.44 |    38.77 |   48.57 |   55.03 |                                                                   
  awsProfiles.tsx       |   59.71 |    45.71 |      40 |   54.54 | 147-151,156-168,184-188,203-256,265-269,279-283,334,364-422       
  constants.ts          |     100 |      100 |     100 |     100 |                                                                   
  types.ts              |   46.87 |    34.92 |      70 |   43.33 | 79,100,131-155                                                    
 src/popup/components   |   84.67 |    73.91 |   69.23 |   85.32 |                                                                   
  ErrorState.tsx        |     100 |       50 |     100 |     100 | 31                                                                
  LoadingState.tsx      |     100 |       50 |     100 |     100 | 20                                                                
  OrganizationTabs.tsx  |    62.5 |       50 |   33.33 |   71.42 | 38-56                                                             
  ProfileItem.tsx       |   75.86 |       90 |   42.85 |   78.57 | 43-44,66-121                                                      
  ProfileList.tsx       |   84.37 |    68.75 |     100 |   82.75 | 65,76,79,86,92                                                    
  ProfileSearch.tsx     |   94.44 |       50 |      80 |   93.75 | 58                                                                
  index.ts              |     100 |      100 |   83.33 |     100 |                                                                   
 src/popup/hooks        |   80.53 |    83.33 |   80.43 |   77.77 |                                                                   
  index.ts              |     100 |      100 |     100 |     100 |                                                                   
  useContainers.ts      |   56.81 |      100 |      50 |      50 | 49-52,63-69,80-90                                                 
  useFavorites.ts       |     100 |      100 |     100 |     100 |                                                                   
  useProfiles.ts        |   90.42 |    90.32 |     100 |   88.75 | 83,111-116,142-148                                                
  useRecentProfiles.ts  |   57.89 |       50 |   42.85 |   53.12 | 37,50-71,82-88                                                    
  useRegion.ts          |   74.07 |       50 |      60 |   68.18 | 34-37,50-59                                                       
 src/utils              |   67.85 |    90.32 |   61.53 |   67.12 |                                                                   
  containerManager.ts   |   67.85 |    90.32 |   61.53 |   67.12 | 62-63,102-103,146-147,172-173,191-192,211-212,223-234,243-258     
------------------------|---------|----------|---------|---------|-------------------------------------------------------------------

=============================== Coverage summary ===============================
Statements   : 74.58% ( 678/909 )
Branches     : 64.34% ( 222/345 )
Functions    : 65.29% ( 111/170 )
Lines        : 73.12% ( 566/774 )
================================================================================
Jest: "global" coverage threshold for statements (76%) not met: 74.58%
Jest: "global" coverage threshold for branches (74%) not met: 64.34%
Jest: "global" coverage threshold for lines (75%) not met: 73.12%
Test Suites: 6 failed, 10 passed, 16 total
Tests:       36 failed, 282 passed, 318 total
Snapshots:   0 total
Time:        22.457 s
Ran all test suites.
error Command failed with exit code 1.
info Visit https://yarnpkg.com/en/docs/cli/run for documentation about this command.
